Component: ARM Compiler 5.06 update 7 (build 960) Tool: armlink [4d3601]

==============================================================================

Section Cross References

    startup_stm32f429_439xx.o(RESET) refers to startup_stm32f429_439xx.o(STACK) for __initial_sp
    startup_stm32f429_439xx.o(RESET) refers to startup_stm32f429_439xx.o(.text) for Reset_Handler
    startup_stm32f429_439xx.o(RESET) refers to stm32f4xx_it.o(i.NMI_Handler) for NMI_Handler
    startup_stm32f429_439xx.o(RESET) refers to stm32f4xx_it.o(i.HardFault_Handler) for HardFault_Handler
    startup_stm32f429_439xx.o(RESET) refers to stm32f4xx_it.o(i.MemManage_Handler) for MemManage_Handler
    startup_stm32f429_439xx.o(RESET) refers to stm32f4xx_it.o(i.BusFault_Handler) for BusFault_Handler
    startup_stm32f429_439xx.o(RESET) refers to stm32f4xx_it.o(i.UsageFault_Handler) for UsageFault_Handler
    startup_stm32f429_439xx.o(RESET) refers to port.o(.emb_text) for SVC_Handler
    startup_stm32f429_439xx.o(RESET) refers to stm32f4xx_it.o(i.DebugMon_Handler) for DebugMon_Handler
    startup_stm32f429_439xx.o(RESET) refers to port.o(i.SysTick_Handler) for SysTick_Handler
    startup_stm32f429_439xx.o(RESET) refers to uart.o(i.USART1_IRQHandler) for USART1_IRQHandler
    startup_stm32f429_439xx.o(RESET) refers to my_delaytime.o(i.TIM6_DAC_IRQHandler) for TIM6_DAC_IRQHandler
    startup_stm32f429_439xx.o(.text) refers to system_stm32f4xx.o(i.SystemInit) for SystemInit
    startup_stm32f429_439xx.o(.text) refers to entry.o(.ARM.Collect$$$$00000000) for __main
    stm32f4xx_adc.o(i.ADC_DeInit) refers to stm32f4xx_rcc.o(i.RCC_APB2PeriphResetCmd) for RCC_APB2PeriphResetCmd
    stm32f4xx_can.o(i.CAN_DeInit) refers to stm32f4xx_rcc.o(i.RCC_APB1PeriphResetCmd) for RCC_APB1PeriphResetCmd
    stm32f4xx_can.o(i.CAN_GetITStatus) refers to stm32f4xx_can.o(i.CheckITStatus) for CheckITStatus
    stm32f4xx_cryp.o(i.CRYP_DeInit) refers to stm32f4xx_rcc.o(i.RCC_AHB2PeriphResetCmd) for RCC_AHB2PeriphResetCmd
    stm32f4xx_cryp_aes.o(i.CRYP_AES_CBC) refers to stm32f4xx_cryp.o(i.CRYP_KeyStructInit) for CRYP_KeyStructInit
    stm32f4xx_cryp_aes.o(i.CRYP_AES_CBC) refers to stm32f4xx_cryp.o(i.CRYP_FIFOFlush) for CRYP_FIFOFlush
    stm32f4xx_cryp_aes.o(i.CRYP_AES_CBC) refers to stm32f4xx_cryp.o(i.CRYP_Init) for CRYP_Init
    stm32f4xx_cryp_aes.o(i.CRYP_AES_CBC) refers to stm32f4xx_cryp.o(i.CRYP_KeyInit) for CRYP_KeyInit
    stm32f4xx_cryp_aes.o(i.CRYP_AES_CBC) refers to stm32f4xx_cryp.o(i.CRYP_Cmd) for CRYP_Cmd
    stm32f4xx_cryp_aes.o(i.CRYP_AES_CBC) refers to stm32f4xx_cryp.o(i.CRYP_GetFlagStatus) for CRYP_GetFlagStatus
    stm32f4xx_cryp_aes.o(i.CRYP_AES_CBC) refers to stm32f4xx_cryp.o(i.CRYP_IVInit) for CRYP_IVInit
    stm32f4xx_cryp_aes.o(i.CRYP_AES_CBC) refers to stm32f4xx_cryp.o(i.CRYP_GetCmdStatus) for CRYP_GetCmdStatus
    stm32f4xx_cryp_aes.o(i.CRYP_AES_CBC) refers to stm32f4xx_cryp.o(i.CRYP_DataIn) for CRYP_DataIn
    stm32f4xx_cryp_aes.o(i.CRYP_AES_CBC) refers to stm32f4xx_cryp.o(i.CRYP_DataOut) for CRYP_DataOut
    stm32f4xx_cryp_aes.o(i.CRYP_AES_CCM) refers to stm32f4xx_cryp.o(i.CRYP_KeyStructInit) for CRYP_KeyStructInit
    stm32f4xx_cryp_aes.o(i.CRYP_AES_CCM) refers to stm32f4xx_cryp.o(i.CRYP_FIFOFlush) for CRYP_FIFOFlush
    stm32f4xx_cryp_aes.o(i.CRYP_AES_CCM) refers to stm32f4xx_cryp.o(i.CRYP_KeyInit) for CRYP_KeyInit
    stm32f4xx_cryp_aes.o(i.CRYP_AES_CCM) refers to stm32f4xx_cryp.o(i.CRYP_IVInit) for CRYP_IVInit
    stm32f4xx_cryp_aes.o(i.CRYP_AES_CCM) refers to stm32f4xx_cryp.o(i.CRYP_Init) for CRYP_Init
    stm32f4xx_cryp_aes.o(i.CRYP_AES_CCM) refers to stm32f4xx_cryp.o(i.CRYP_PhaseConfig) for CRYP_PhaseConfig
    stm32f4xx_cryp_aes.o(i.CRYP_AES_CCM) refers to stm32f4xx_cryp.o(i.CRYP_DataIn) for CRYP_DataIn
    stm32f4xx_cryp_aes.o(i.CRYP_AES_CCM) refers to stm32f4xx_cryp.o(i.CRYP_Cmd) for CRYP_Cmd
    stm32f4xx_cryp_aes.o(i.CRYP_AES_CCM) refers to stm32f4xx_cryp.o(i.CRYP_GetCmdStatus) for CRYP_GetCmdStatus
    stm32f4xx_cryp_aes.o(i.CRYP_AES_CCM) refers to stm32f4xx_cryp.o(i.CRYP_GetFlagStatus) for CRYP_GetFlagStatus
    stm32f4xx_cryp_aes.o(i.CRYP_AES_CCM) refers to stm32f4xx_cryp.o(i.CRYP_DataOut) for CRYP_DataOut
    stm32f4xx_cryp_aes.o(i.CRYP_AES_CTR) refers to stm32f4xx_cryp.o(i.CRYP_KeyStructInit) for CRYP_KeyStructInit
    stm32f4xx_cryp_aes.o(i.CRYP_AES_CTR) refers to stm32f4xx_cryp.o(i.CRYP_KeyInit) for CRYP_KeyInit
    stm32f4xx_cryp_aes.o(i.CRYP_AES_CTR) refers to stm32f4xx_cryp.o(i.CRYP_Init) for CRYP_Init
    stm32f4xx_cryp_aes.o(i.CRYP_AES_CTR) refers to stm32f4xx_cryp.o(i.CRYP_IVInit) for CRYP_IVInit
    stm32f4xx_cryp_aes.o(i.CRYP_AES_CTR) refers to stm32f4xx_cryp.o(i.CRYP_FIFOFlush) for CRYP_FIFOFlush
    stm32f4xx_cryp_aes.o(i.CRYP_AES_CTR) refers to stm32f4xx_cryp.o(i.CRYP_Cmd) for CRYP_Cmd
    stm32f4xx_cryp_aes.o(i.CRYP_AES_CTR) refers to stm32f4xx_cryp.o(i.CRYP_GetCmdStatus) for CRYP_GetCmdStatus
    stm32f4xx_cryp_aes.o(i.CRYP_AES_CTR) refers to stm32f4xx_cryp.o(i.CRYP_DataIn) for CRYP_DataIn
[...]
    i.prvProcessTimerOrBlockTask             0x08005830   Section        0  timers.o(i.prvProcessTimerOrBlockTask)
    prvProcessTimerOrBlockTask               0x08005831   Thumb Code   102  timers.o(i.prvProcessTimerOrBlockTask)
    i.prvResetNextTaskUnblockTime            0x080058a4   Section        0  tasks.o(i.prvResetNextTaskUnblockTime)
    prvResetNextTaskUnblockTime              0x080058a5   Thumb Code    42  tasks.o(i.prvResetNextTaskUnblockTime)
    i.prvSampleTimeNow                       0x080058d8   Section        0  timers.o(i.prvSampleTimeNow)
    prvSampleTimeNow                         0x080058d9   Thumb Code    40  timers.o(i.prvSampleTimeNow)
    i.prvSwitchTimerLists                    0x08005904   Section        0  timers.o(i.prvSwitchTimerLists)
    prvSwitchTimerLists                      0x08005905   Thumb Code   150  timers.o(i.prvSwitchTimerLists)
    i.prvTaskExitError                       0x080059a4   Section        0  port.o(i.prvTaskExitError)
    prvTaskExitError                         0x080059a5   Thumb Code    60  port.o(i.prvTaskExitError)
    i.prvTimerTask                           0x080059e4   Section        0  timers.o(i.prvTimerTask)
    prvTimerTask                             0x080059e5   Thumb Code    26  timers.o(i.prvTimerTask)
    i.prvUnlockQueue                         0x080059fe   Section        0  queue.o(i.prvUnlockQueue)
    prvUnlockQueue                           0x080059ff   Thumb Code   126  queue.o(i.prvUnlockQueue)
    i.pvPortMalloc                           0x08005a7c   Section        0  heap_4.o(i.pvPortMalloc)
    i.pvTaskIncrementMutexHeldCount          0x08005bb8   Section        0  tasks.o(i.pvTaskIncrementMutexHeldCount)
    i.pxPortInitialiseStack                  0x08005bd8   Section        0  port.o(i.pxPortInitialiseStack)
    i.set_int_enable                         0x08005c04   Section        0  inv_mpu.o(i.set_int_enable)
    set_int_enable                           0x08005c05   Thumb Code   138  inv_mpu.o(i.set_int_enable)
    i.sqrt                                   0x08005c94   Section        0  sqrt.o(i.sqrt)
    i.ssd1306_init                           0x08005d02   Section        0  ssd1306.o(i.ssd1306_init)
    i.uxListRemove                           0x08005df6   Section        0  list.o(i.uxListRemove)
    i.vListInitialise                        0x08005e1e   Section        0  list.o(i.vListInitialise)
    i.vListInitialiseItem                    0x08005e38   Section        0  list.o(i.vListInitialiseItem)
    i.vListInsert                            0x08005e3e   Section        0  list.o(i.vListInsert)
    i.vListInsertEnd                         0x08005e72   Section        0  list.o(i.vListInsertEnd)
    i.vPortEnterCritical                     0x08005e8c   Section        0  port.o(i.vPortEnterCritical)
    i.vPortExitCritical                      0x08005ee0   Section        0  port.o(i.vPortExitCritical)
    i.vPortFree                              0x08005f1c   Section        0  heap_4.o(i.vPortFree)
    i.vPortSetupTimerInterrupt               0x08005fb0   Section        0  port.o(i.vPortSetupTimerInterrupt)
    i.vPortValidateInterruptPriority         0x08005fd0   Section        0  port.o(i.vPortValidateInterruptPriority)
    i.vQueueAddToRegistry                    0x08006048   Section        0  queue.o(i.vQueueAddToRegistry)
    i.vQueueWaitForMessageRestricted         0x08006074   Section        0  queue.o(i.vQueueWaitForMessageRestricted)
    i.vTaskDelay                             0x080060c0   Section        0  tasks.o(i.vTaskDelay)
    i.vTaskDelete                            0x0800611c   Section        0  tasks.o(i.vTaskDelete)
    i.vTaskMissedYield                       0x08006210   Section        0  tasks.o(i.vTaskMissedYield)
    i.vTaskPlaceOnEventList                  0x0800621c   Section        0  tasks.o(i.vTaskPlaceOnEventList)
    i.vTaskPlaceOnEventListRestricted        0x08006254   Section        0  tasks.o(i.vTaskPlaceOnEventListRestricted)
    i.vTaskPriorityInherit                   0x08006294   Section        0  tasks.o(i.vTaskPriorityInherit)
    i.vTaskSetTimeOutState                   0x08006344   Section        0  tasks.o(i.vTaskSetTimeOutState)
    i.vTaskStartScheduler                    0x08006374   Section        0  tasks.o(i.vTaskStartScheduler)
    i.vTaskSuspendAll                        0x08006408   Section        0  tasks.o(i.vTaskSuspendAll)
    i.vTaskSwitchContext                     0x08006418   Section        0  tasks.o(i.vTaskSwitchContext)
    i.watchdog_init                          0x080064a4   Section        0  watchdog.o(i.watchdog_init)
    i.watchdog_reload                        0x080064e8   Section        0  watchdog.o(i.watchdog_reload)
    i.xPortStartScheduler                    0x080064f0   Section        0  port.o(i.xPortStartScheduler)
    i.xQueueGenericCreate                    0x0800662c   Section        0  queue.o(i.xQueueGenericCreate)
    i.xQueueGenericReceive                   0x08006684   Section        0  queue.o(i.xQueueGenericReceive)
    i.xQueueGenericReset                     0x08006848   Section        0  queue.o(i.xQueueGenericReset)
    i.xQueueGenericSend                      0x080068e0   Section        0  queue.o(i.xQueueGenericSend)
    i.xQueueGenericSendFromISR               0x08006a88   Section        0  queue.o(i.xQueueGenericSendFromISR)
    i.xTaskCheckForTimeOut                   0x08006b80   Section        0  tasks.o(i.xTaskCheckForTimeOut)
    i.xTaskCreate                            0x08006c0c   Section        0  tasks.o(i.xTaskCreate)
    i.xTaskGetSchedulerState                 0x08006c6c   Section        0  tasks.o(i.xTaskGetSchedulerState)
    i.xTaskGetTickCount                      0x08006c8c   Section        0  tasks.o(i.xTaskGetTickCount)
    i.xTaskIncrementTick                     0x08006c98   Section        0  tasks.o(i.xTaskIncrementTick)
    i.xTaskPriorityDisinherit                0x08006de0   Section        0  tasks.o(i.xTaskPriorityDisinherit)
    i.xTaskRemoveFromEventList               0x08006ea8   Section        0  tasks.o(i.xTaskRemoveFromEventList)
    i.xTaskResumeAll                         0x08006f40   Section        0  tasks.o(i.xTaskResumeAll)
    i.xTimerCreateTimerTask                  0x08007044   Section        0  timers.o(i.xTimerCreateTimerTask)
    i.xTimerGenericCommand                   0x0800709c   Section        0  timers.o(i.xTimerGenericCommand)
    .constdata                               0x08007120   Section       80  inv_mpu.o(.constdata)
    .constdata                               0x08007170   Section     3062  inv_mpu_dmp_motion_driver.o(.constdata)
    dmp_memory                               0x08007170   Data        3062  inv_mpu_dmp_motion_driver.o(.constdata)
    .constdata                               0x08007d68   Section       80  asin.o(.constdata)
    pS                                       0x08007d68   Data          48  asin.o(.constdata)
    qS                                       0x08007d98   Data          32  asin.o(.constdata)
    .constdata                               0x08007db8   Section      152  atan.o(.constdata)
    atanhi                                   0x08007db8   Data          32  atan.o(.constdata)
    atanlo                                   0x08007dd8   Data          32  atan.o(.constdata)
    aTodd                                    0x08007df8   Data          40  atan.o(.constdata)
    aTeven                                   0x08007e20   Data          48  atan.o(.constdata)
    .constdata                               0x08007e50   Section        8  qnan.o(.constdata)
    .conststring                             0x08007e58   Section       77  inv_mpu.o(.conststring)
    .data                                    0x20000000   Section       16  stm32f4xx_rcc.o(.data)
    APBAHBPrescTable                         0x20000000   Data          16  stm32f4xx_rcc.o(.data)
    .data                                    0x20000010   Section       20  system_stm32f4xx.o(.data)
    .data                                    0x20000024   Section        2  uart.o(.data)
    .data                                    0x20000028   Section        4  my_delaytime.o(.data)
    n                                        0x20000028   Data           4  my_delaytime.o(.data)
    .data                                    0x2000002c   Section       24  mpu6050__.o(.data)
    pitch                                    0x2000002c   Data           4  mpu6050__.o(.data)
    roll                                     0x20000030   Data           4  mpu6050__.o(.data)
    yaw                                      0x20000034   Data           4  mpu6050__.o(.data)
    xacc                                     0x20000038   Data           4  mpu6050__.o(.data)
    yacc                                     0x2000003c   Data           4  mpu6050__.o(.data)
    zacc                                     0x20000040   Data           4  mpu6050__.o(.data)
    .data                                    0x20000044   Section     1266  ssd1306.o(.data)
    circle_pic                               0x20000044   Data          32  ssd1306.o(.data)
    center_point                             0x20000064   Data          32  ssd1306.o(.data)
    number_word                              0x20000084   Data         160  ssd1306.o(.data)
    oled_buffer                              0x20000124   Data        1026  ssd1306.o(.data)
    offset                                   0x20000526   Data           1  ssd1306.o(.data)
    pagestart_y                              0x20000527   Data           1  ssd1306.o(.data)
    pageend_y                                0x20000528   Data           1  ssd1306.o(.data)
    ii                                       0x20000529   Data           1  ssd1306.o(.data)
    i                                        0x2000052a   Data           1  ssd1306.o(.data)
    dig                                      0x2000052b   Data           1  ssd1306.o(.data)
    pow_                                     0x2000052c   Data           2  ssd1306.o(.data)
    last_x                                   0x2000052e   Data           1  ssd1306.o(.data)
    last_y                                   0x2000052f   Data           1  ssd1306.o(.data)
    cur_x                                    0x20000530   Data           1  ssd1306.o(.data)
    cur_y                                    0x20000531   Data           1  ssd1306.o(.data)
    buffer_x                                 0x20000532   Data           1  ssd1306.o(.data)
    buffer_y                                 0x20000533   Data           1  ssd1306.o(.data)
    center_x                                 0x20000534   Data           1  ssd1306.o(.data)
    center_y                                 0x20000535   Data           1  ssd1306.o(.data)
    .data                                    0x20000538   Section       60  tasks.o(.data)
    pxDelayedTaskList                        0x2000053c   Data           4  tasks.o(.data)
    pxOverflowDelayedTaskList                0x20000540   Data           4  tasks.o(.data)
    uxDeletedTasksWaitingCleanUp             0x20000544   Data           4  tasks.o(.data)
    uxCurrentNumberOfTasks                   0x20000548   Data           4  tasks.o(.data)
    xTickCount                               0x2000054c   Data           4  tasks.o(.data)
    uxTopReadyPriority                       0x20000550   Data           4  tasks.o(.data)
    xSchedulerRunning                        0x20000554   Data           4  tasks.o(.data)
    uxPendedTicks                            0x20000558   Data           4  tasks.o(.data)
    xYieldPending                            0x2000055c   Data           4  tasks.o(.data)
    xNumOfOverflows                          0x20000560   Data           4  tasks.o(.data)
    uxTaskNumber                             0x20000564   Data           4  tasks.o(.data)
    xNextTaskUnblockTime                     0x20000568   Data           4  tasks.o(.data)
    xIdleTaskHandle                          0x2000056c   Data           4  tasks.o(.data)
    uxSchedulerSuspended                     0x20000570   Data           4  tasks.o(.data)
    .data                                    0x20000574   Section       20  timers.o(.data)
    pxCurrentTimerList                       0x20000574   Data           4  timers.o(.data)
    pxOverflowTimerList                      0x20000578   Data           4  timers.o(.data)
    xTimerQueue                              0x2000057c   Data           4  timers.o(.data)
    xTimerTaskHandle                         0x20000580   Data           4  timers.o(.data)
    xLastTime                                0x20000584   Data           4  timers.o(.data)
    .data                                    0x20000588   Section       12  port.o(.data)
    uxCriticalNesting                        0x20000588   Data           4  port.o(.data)
    ucMaxSysCallPriority                     0x2000058c   Data           1  port.o(.data)
    ulMaxPRIGROUPValue                       0x20000590   Data           4  port.o(.data)
    .data                                    0x20000594   Section       24  heap_4.o(.data)
    xStart                                   0x20000594   Data           8  heap_4.o(.data)
    pxEnd                                    0x2000059c   Data           4  heap_4.o(.data)
    xFreeBytesRemaining                      0x200005a0   Data           4  heap_4.o(.data)
    xMinimumEverFreeBytesRemaining           0x200005a4   Data           4  heap_4.o(.data)
    xBlockAllocatedBit                       0x200005a8   Data           4  heap_4.o(.data)
    .data                                    0x200005ac   Section      224  task_test.o(.data)
    circle_pic                               0x200005ac   Data          32  task_test.o(.data)
    center_point                             0x200005cc   Data          32  task_test.o(.data)
    number_word                              0x200005ec   Data         160  task_test.o(.data)
    .data                                    0x2000068c   Section       53  inv_mpu.o(.data)
    st                                       0x2000068c   Data          44  inv_mpu.o(.data)
    gyro_orientation                         0x200006b8   Data           9  inv_mpu.o(.data)
    .data                                    0x200006c4   Section        4  stdout.o(.data)
    .data                                    0x200006c8   Section        4  mvars.o(.data)
    .data                                    0x200006cc   Section        4  mvars.o(.data)
    .data                                    0x200006d0   Section        4  errno.o(.data)
    _errno                                   0x200006d0   Data           4  errno.o(.data)
    .bss                                     0x200006d4   Section       32  ssd1306.o(.bss)
    buffer                                   0x200006d4   Data          32  ssd1306.o(.bss)
    .bss                                     0x200006f4   Section       64  queue.o(.bss)
    .bss                                     0x20000734   Section      200  tasks.o(.bss)
    pxReadyTasksLists                        0x20000734   Data         100  tasks.o(.bss)
    xDelayedTaskList1                        0x20000798   Data          20  tasks.o(.bss)
    xDelayedTaskList2                        0x200007ac   Data          20  tasks.o(.bss)
    xPendingReadyList                        0x200007c0   Data          20  tasks.o(.bss)
    xTasksWaitingTermination                 0x200007d4   Data          20  tasks.o(.bss)
    xSuspendedTaskList                       0x200007e8   Data          20  tasks.o(.bss)
    .bss                                     0x200007fc   Section       40  timers.o(.bss)
    xActiveTimerList1                        0x200007fc   Data          20  timers.o(.bss)
    xActiveTimerList2                        0x20000810   Data          20  timers.o(.bss)
    .bss                                     0x20000824   Section    76800  heap_4.o(.bss)
    ucHeap                                   0x20000824   Data       76800  heap_4.o(.bss)
    .bss                                     0x20013424   Section       24  task_test.o(.bss)
    data                                     0x20013424   Data          24  task_test.o(.bss)
    .bss                                     0x2001343c   Section       16  inv_mpu_dmp_motion_driver.o(.bss)
    dmp                                      0x2001343c   Data          16  inv_mpu_dmp_motion_driver.o(.bss)
    HEAP                                     0x20013450   Section      512  startup_stm32f429_439xx.o(HEAP)
    STACK                                    0x20013650   Section     1024  startup_stm32f429_439xx.o(STACK)

    Global Symbols

    Symbol Name                              Value     Ov Type        Size  Object(Section)

    BuildAttributes$$THM_ISAv4$E$P$D$K$B$S$7EM$VFPi3$EXTD16$VFPS$VFMA$PE$A:L22UL41UL21$X:L11$S22US41US21$IEEE1$IW$USESV6$~STKCKD$USESV7$~SHL$OTIME$ROPI$IEEEX$EBA8$MICROLIB$REQ8$PRES8$EABIv2 0x00000000   Number         0  anon$$obj.o ABSOLUTE
    __ARM_use_no_argv                        0x00000000   Number         0  main.o ABSOLUTE
    _printf_a                                0x00000000   Number         0  stubs.o ABSOLUTE
    _printf_c                                0x00000000   Number         0  stubs.o ABSOLUTE
    _printf_charcount                        0x00000000   Number         0  stubs.o ABSOLUTE
    _printf_d                                0x00000000   Number         0  stubs.o ABSOLUTE
    _printf_e                                0x00000000   Number         0  stubs.o ABSOLUTE
    _printf_f                                0x00000000   Number         0  stubs.o ABSOLUTE
    _printf_flags                            0x00000000   Number         0  stubs.o ABSOLUTE
    _printf_fp_dec                           0x00000000   Number         0  stubs.o ABSOLUTE
    _printf_fp_hex                           0x00000000   Number         0  stubs.o ABSOLUTE
    _printf_g                                0x00000000   Number         0  stubs.o ABSOLUTE
    _printf_i                                0x00000000   Number         0  stubs.o ABSOLUTE
    _printf_int_dec                          0x00000000   Number         0  stubs.o ABSOLUTE
    _printf_l                                0x00000000   Number         0  stubs.o ABSOLUTE
    _printf_lc                               0x00000000   Number         0  stubs.o ABSOLUTE
    _printf_ll                               0x00000000   Number         0  stubs.o ABSOLUTE
    _printf_lld                              0x00000000   Number         0  stubs.o ABSOLUTE
    _printf_lli                              0x00000000   Number         0  stubs.o ABSOLUTE
    _printf_llo                              0x00000000   Number         0  stubs.o ABSOLUTE
    _printf_llu                              0x00000000   Number         0  stubs.o ABSOLUTE
    _printf_llx                              0x00000000   Number         0  stubs.o ABSOLUTE
    _printf_longlong_dec                     0x00000000   Number         0  stubs.o ABSOLUTE
    _printf_longlong_hex                     0x00000000   Number         0  stubs.o ABSOLUTE
    _printf_longlong_oct                     0x00000000   Number         0  stubs.o ABSOLUTE
    _printf_ls                               0x00000000   Number         0  stubs.o ABSOLUTE
    _printf_mbtowc                           0x00000000   Number         0  stubs.o ABSOLUTE
    _printf_n                                0x00000000   Number         0  stubs.o ABSOLUTE
    _printf_o                                0x00000000   Number         0  stubs.o ABSOLUTE
    _printf_p                                0x00000000   Number         0  stubs.o ABSOLUTE
    _printf_percent                          0x00000000   Number         0  stubs.o ABSOLUTE
    _printf_pre_padding                      0x00000000   Number         0  stubs.o ABSOLUTE
    _printf_return_value                     0x00000000   Number         0  stubs.o ABSOLUTE
    _printf_s                                0x00000000   Number         0  stubs.o ABSOLUTE
    _printf_sizespec                         0x00000000   Number         0  stubs.o ABSOLUTE
    _printf_str                              0x00000000   Number         0  stubs.o ABSOLUTE
    _printf_truncate_signed                  0x00000000   Number         0  stubs.o ABSOLUTE
    _printf_truncate_unsigned                0x00000000   Number         0  stubs.o ABSOLUTE
    _printf_u                                0x00000000   Number         0  stubs.o ABSOLUTE
    _printf_wc                               0x00000000   Number         0  stubs.o ABSOLUTE
    _printf_wctomb                           0x00000000   Number         0  stubs.o ABSOLUTE
    _printf_widthprec                        0x00000000   Number         0  stubs.o ABSOLUTE
    _printf_x                                0x00000000   Number         0  stubs.o ABSOLUTE
    __arm_fini_                               - Undefined Weak Reference
    __cpp_initialize__aeabi_                  - Undefined Weak Reference
    __cxa_finalize                            - Undefined Weak Reference
    _clock_init                               - Undefined Weak Reference
    _microlib_exit                            - Undefined Weak Reference
    __Vectors_Size                           0x000001ac   Number         0  startup_stm32f429_439xx.o ABSOLUTE
    __Vectors                                0x08000000   Data           4  startup_stm32f429_439xx.o(RESET)
    __Vectors_End                            0x080001ac   Data           0  startup_stm32f429_439xx.o(RESET)
    __main                                   0x080001ad   Thumb Code     0  entry.o(.ARM.Collect$$$$00000000)
    _main_stk                                0x080001ad   Thumb Code     0  entry2.o(.ARM.Collect$$$$00000001)
    _main_scatterload                        0x080001b1   Thumb Code     0  entry5.o(.ARM.Collect$$$$00000004)
    __main_after_scatterload                 0x080001b5   Thumb Code     0  entry5.o(.ARM.Collect$$$$00000004)
    _main_clock                              0x080001b5   Thumb Code     0  entry7b.o(.ARM.Collect$$$$00000008)
    _main_cpp_init                           0x080001b5   Thumb Code     0  entry8b.o(.ARM.Collect$$$$0000000A)
    _main_init                               0x080001b5   Thumb Code     0  entry9a.o(.ARM.Collect$$$$0000000B)
    __rt_lib_shutdown_fini                   0x080001bd   Thumb Code     0  entry12b.o(.ARM.Collect$$$$0000000E)
    __rt_final_cpp                           0x080001c1   Thumb Code     0  entry10a.o(.ARM.Collect$$$$0000000F)
    __rt_final_exit                          0x080001c1   Thumb Code     0  entry11a.o(.ARM.Collect$$$$00000011)
    SVC_Handler                              0x080001c5   Thumb Code    28  port.o(.emb_text)
    __asm___6_port_c_39a90d8d__prvStartFirstTask 0x080001e5   Thumb Code    28  port.o(.emb_text)
    __asm___6_port_c_39a90d8d__prvEnableVFP  0x08000205   Thumb Code    16  port.o(.emb_text)
    PendSV_Handler                           0x08000219   Thumb Code    88  port.o(.emb_text)
    vPortGetIPSR                             0x08000275   Thumb Code     6  port.o(.emb_text)
    Reset_Handler                            0x0800027d   Thumb Code     8  startup_stm32f429_439xx.o(.text)
    ADC_IRQHandler                           0x08000297   Thumb Code     0  startup_stm32f429_439xx.o(.text)
    CAN1_RX0_IRQHandler                      0x08000297   Thumb Code     0  startup_stm32f429_439xx.o(.text)
    CAN1_RX1_IRQHandler                      0x08000297   Thumb Code     0  startup_stm32f429_439xx.o(.text)
    CAN1_SCE_IRQHandler                      0x08000297   Thumb Code     0  startup_stm32f429_439xx.o(.text)
    CAN1_TX_IRQHandler                       0x08000297   Thumb Code     0  startup_stm32f429_439xx.o(.text)
    CAN2_RX0_IRQHandler                      0x08000297   Thumb Code     0  startup_stm32f429_439xx.o(.text)
    CAN2_RX1_IRQHandler                      0x08000297   Thumb Code     0  startup_stm32f429_439xx.o(.text)
    CAN2_SCE_IRQHandler                      0x08000297   Thumb Code     0  startup_stm32f429_439xx.o(.text)
    CAN2_TX_IRQHandler                       0x08000297   Thumb Code     0  startup_stm32f429_439xx.o(.text)
    CRYP_IRQHandler                          0x08000297   Thumb Code     0  startup_stm32f429_439xx.o(.text)
    DCMI_IRQHandler                          0x08000297   Thumb Code     0  startup_stm32f429_439xx.o(.text)
    DMA1_Stream0_IRQHandler                  0x08000297   Thumb Code     0  startup_stm32f429_439xx.o(.text)
    DMA1_Stream1_IRQHandler                  0x08000297   Thumb Code     0  startup_stm32f429_439xx.o(.text)
    DMA1_Stream2_IRQHandler                  0x08000297   Thumb Code     0  startup_stm32f429_439xx.o(.text)
    DMA1_Stream3_IRQHandler                  0x08000297   Thumb Code     0  startup_stm32f429_439xx.o(.text)
    DMA1_Stream4_IRQHandler                  0x08000297   Thumb Code     0  startup_stm32f429_439xx.o(.text)
    DMA1_Stream5_IRQHandler                  0x08000297   Thumb Code     0  startup_stm32f429_439xx.o(.text)
    DMA1_Stream6_IRQHandler                  0x08000297   Thumb Code     0  startup_stm32f429_439xx.o(.text)
    DMA1_Stream7_IRQHandler                  0x08000297   Thumb Code     0  startup_stm32f429_439xx.o(.text)
    DMA2D_IRQHandler                         0x08000297   Thumb Code     0  startup_stm32f429_439xx.o(.text)
    DMA2_Stream0_IRQHandler                  0x08000297   Thumb Code     0  startup_stm32f429_439xx.o(.text)
    DMA2_Stream1_IRQHandler                  0x08000297   Thumb Code     0  startup_stm32f429_439xx.o(.text)
    DMA2_Stream2_IRQHandler                  0x08000297   Thumb Code     0  startup_stm32f429_439xx.o(.text)
    DMA2_Stream3_IRQHandler                  0x08000297   Thumb Code     0  startup_stm32f429_439xx.o(.text)
    DMA2_Stream4_IRQHandler                  0x08000297   Thumb Code     0  startup_stm32f429_439xx.o(.text)
    DMA2_Stream5_IRQHandler                  0x08000297   Thumb Code     0  startup_stm32f429_439xx.o(.text)
    DMA2_Stream6_IRQHandler                  0x08000297   Thumb Code     0  startup_stm32f429_439xx.o(.text)
    DMA2_Stream7_IRQHandler                  0x08000297   Thumb Code     0  startup_stm32f429_439xx.o(.text)
    ETH_IRQHandler                           0x08000297   Thumb Code     0  startup_stm32f429_439xx.o(.text)
    ETH_WKUP_IRQHandler                      0x08000297   Thumb Code     0  startup_stm32f429_439xx.o(.text)
    EXTI0_IRQHandler                         0x08000297   Thumb Code     0  startup_stm32f429_439xx.o(.text)
    EXTI15_10_IRQHandler                     0x08000297   Thumb Code     0  startup_stm32f429_439xx.o(.text)
    EXTI1_IRQHandler                         0x08000297   Thumb Code     0  startup_stm32f429_439xx.o(.text)
    EXTI2_IRQHandler                         0x08000297   Thumb Code     0  startup_stm32f429_439xx.o(.text)
    EXTI3_IRQHandler                         0x08000297   Thumb Code     0  startup_stm32f429_439xx.o(.text)
    EXTI4_IRQHandler                         0x08000297   Thumb Code     0  startup_stm32f429_439xx.o(.text)
    EXTI9_5_IRQHandler                       0x08000297   Thumb Code     0  startup_stm32f429_439xx.o(.text)
    FLASH_IRQHandler                         0x08000297   Thumb Code     0  startup_stm32f429_439xx.o(.text)
    FMC_IRQHandler                           0x08000297   Thumb Code     0  startup_stm32f429_439xx.o(.text)
    FPU_IRQHandler                           0x08000297   Thumb Code     0  startup_stm32f429_439xx.o(.text)
    HASH_RNG_IRQHandler                      0x08000297   Thumb Code     0  startup_stm32f429_439xx.o(.text)
    I2C1_ER_IRQHandler                       0x08000297   Thumb Code     0  startup_stm32f429_439xx.o(.text)
    I2C1_EV_IRQHandler                       0x08000297   Thumb Code     0  startup_stm32f429_439xx.o(.text)
    I2C2_ER_IRQHandler                       0x08000297   Thumb Code     0  startup_stm32f429_439xx.o(.text)
    I2C2_EV_IRQHandler                       0x08000297   Thumb Code     0  startup_stm32f429_439xx.o(.text)
    I2C3_ER_IRQHandler                       0x08000297   Thumb Code     0  startup_stm32f429_439xx.o(.text)
    I2C3_EV_IRQHandler                       0x08000297   Thumb Code     0  startup_stm32f429_439xx.o(.text)
    LTDC_ER_IRQHandler                       0x08000297   Thumb Code     0  startup_stm32f429_439xx.o(.text)
    LTDC_IRQHandler                          0x08000297   Thumb Code     0  startup_stm32f429_439xx.o(.text)
    OTG_FS_IRQHandler                        0x08000297   Thumb Code     0  startup_stm32f429_439xx.o(.text)
    OTG_FS_WKUP_IRQHandler                   0x08000297   Thumb Code     0  startup_stm32f429_439xx.o(.text)
    OTG_HS_EP1_IN_IRQHandler                 0x08000297   Thumb Code     0  startup_stm32f429_439xx.o(.text)
    OTG_HS_EP1_OUT_IRQHandler                0x08000297   Thumb Code     0  startup_stm32f429_439xx.o(.text)
    OTG_HS_IRQHandler                        0x08000297   Thumb Code     0  startup_stm32f429_439xx.o(.text)
    OTG_HS_WKUP_IRQHandler                   0x08000297   Thumb Code     0  startup_stm32f429_439xx.o(.text)
    PVD_IRQHandler                           0x08000297   Thumb Code     0  startup_stm32f429_439xx.o(.text)
    RCC_IRQHandler                           0x08000297   Thumb Code     0  startup_stm32f429_439xx.o(.text)
    RTC_Alarm_IRQHandler                     0x08000297   Thumb Code     0  startup_stm32f429_439xx.o(.text)
    RTC_WKUP_IRQHandler                      0x08000297   Thumb Code     0  startup_stm32f429_439xx.o(.text)
    SAI1_IRQHandler                          0x08000297   Thumb Code     0  startup_stm32f429_439xx.o(.text)
    SDIO_IRQHandler                          0x08000297   Thumb Code     0  startup_stm32f429_439xx.o(.text)
    SPI1_IRQHandler                          0x08000297   Thumb Code     0  startup_stm32f429_439xx.o(.text)
    SPI2_IRQHandler                          0x08000297   Thumb Code     0  startup_stm32f429_439xx.o(.text)
    SPI3_IRQHandler                          0x08000297   Thumb Code     0  startup_stm32f429_439xx.o(.text)
    SPI4_IRQHandler                          0x08000297   Thumb Code     0  startup_stm32f429_439xx.o(.text)
    SPI5_IRQHandler                          0x08000297   Thumb Code     0  startup_stm32f429_439xx.o(.text)
    SPI6_IRQHandler                          0x08000297   Thumb Code     0  startup_stm32f429_439xx.o(.text)
    TAMP_STAMP_IRQHandler                    0x08000297   Thumb Code     0  startup_stm32f429_439xx.o(.text)
    TIM1_BRK_TIM9_IRQHandler                 0x08000297   Thumb Code     0  startup_stm32f429_439xx.o(.text)
    TIM1_CC_IRQHandler                       0x08000297   Thumb Code     0  startup_stm32f429_439xx.o(.text)
    TIM1_TRG_COM_TIM11_IRQHandler            0x08000297   Thumb Code     0  startup_stm32f429_439xx.o(.text)
    TIM1_UP_TIM10_IRQHandler                 0x08000297   Thumb Code     0  startup_stm32f429_439xx.o(.text)
    TIM2_IRQHandler                          0x08000297   Thumb Code     0  startup_stm32f429_439xx.o(.text)
    TIM3_IRQHandler                          0x08000297   Thumb Code     0  startup_stm32f429_439xx.o(.text)
    TIM4_IRQHandler                          0x08000297   Thumb Code     0  startup_stm32f429_439xx.o(.text)
    TIM5_IRQHandler                          0x08000297   Thumb Code     0  startup_stm32f429_439xx.o(.text)
    TIM7_IRQHandler                          0x08000297   Thumb Code     0  startup_stm32f429_439xx.o(.text)
    TIM8_BRK_TIM12_IRQHandler                0x08000297   Thumb Code     0  startup_stm32f429_439xx.o(.text)
    TIM8_CC_IRQHandler                       0x08000297   Thumb Code     0  startup_stm32f429_439xx.o(.text)
    TIM8_TRG_COM_TIM14_IRQHandler            0x08000297   Thumb Code     0  startup_stm32f429_439xx.o(.text)
    TIM8_UP_TIM13_IRQHandler                 0x08000297   Thumb Code     0  startup_stm32f429_439xx.o(.text)
    UART4_IRQHandler                         0x08000297   Thumb Code     0  startup_stm32f429_439xx.o(.text)
    UART5_IRQHandler                         0x08000297   Thumb Code     0  startup_stm32f429_439xx.o(.text)
    UART7_IRQHandler                         0x08000297   Thumb Code     0  startup_stm32f429_439xx.o(.text)
    UART8_IRQHandler                         0x08000297   Thumb Code     0  startup_stm32f429_439xx.o(.text)
    USART2_IRQHandler                        0x08000297   Thumb Code     0  startup_stm32f429_439xx.o(.text)
    USART3_IRQHandler                        0x08000297   Thumb Code     0  startup_stm32f429_439xx.o(.text)
    USART6_IRQHandler                        0x08000297   Thumb Code     0  startup_stm32f429_439xx.o(.text)
    WWDG_IRQHandler                          0x08000297   Thumb Code     0  startup_stm32f429_439xx.o(.text)
    __aeabi_memcpy                           0x080002a1   Thumb Code    36  memcpya.o(.text)
    __aeabi_memcpy4                          0x080002a1   Thumb Code     0  memcpya.o(.text)
    __aeabi_memcpy8                          0x080002a1   Thumb Code     0  memcpya.o(.text)
    __aeabi_memset                           0x080002c5   Thumb Code    14  memseta.o(.text)
    __aeabi_memset4                          0x080002c5   Thumb Code     0  memseta.o(.text)
    __aeabi_memset8                          0x080002c5   Thumb Code     0  memseta.o(.text)
    __aeabi_memclr                           0x080002d3   Thumb Code     4  memseta.o(.text)
    __aeabi_memclr4                          0x080002d3   Thumb Code     0  memseta.o(.text)
    __aeabi_memclr8                          0x080002d3   Thumb Code     0  memseta.o(.text)
    _memset$wrapper                          0x080002d7   Thumb Code    18  memseta.o(.text)
    memcmp                                   0x080002e9   Thumb Code    26  memcmp.o(.text)
    __aeabi_dadd                             0x08000303   Thumb Code   322  dadd.o(.text)
    __aeabi_dsub                             0x08000445   Thumb Code     6  dadd.o(.text)
    __aeabi_drsub                            0x0800044b   Thumb Code     6  dadd.o(.text)
    __aeabi_dmul                             0x08000451   Thumb Code   228  dmul.o(.text)
    __aeabi_f2d                              0x08000535   Thumb Code    38  f2d.o(.text)
    __aeabi_d2f                              0x0800055b   Thumb Code    56  d2f.o(.text)
    __aeabi_uidiv                            0x08000593   Thumb Code     0  uidiv.o(.text)
    __aeabi_uidivmod                         0x08000593   Thumb Code    44  uidiv.o(.text)
    __aeabi_uldivmod                         0x080005bf   Thumb Code    98  uldiv.o(.text)
    __aeabi_llsl                             0x08000621   Thumb Code    30  llshl.o(.text)
    _ll_shift_l                              0x08000621   Thumb Code     0  llshl.o(.text)
    __aeabi_llsr                             0x0800063f   Thumb Code    32  llushr.o(.text)
    _ll_ushift_r                             0x0800063f   Thumb Code     0  llushr.o(.text)
    __aeabi_lasr                             0x0800065f   Thumb Code    36  llsshr.o(.text)
    _ll_sshift_r                             0x0800065f   Thumb Code     0  llsshr.o(.text)
    __I$use$fp                               0x08000683   Thumb Code     0  iusefp.o(.text)
    _float_round                             0x08000683   Thumb Code    18  fepilogue.o(.text)
    _float_epilogue                          0x08000695   Thumb Code    92  fepilogue.o(.text)
    _double_round                            0x080006f1   Thumb Code    30  depilogue.o(.text)
    _double_epilogue                         0x0800070f   Thumb Code   156  depilogue.o(.text)
    __aeabi_ddiv                             0x080007ab   Thumb Code   222  ddiv.o(.text)
    __aeabi_d2ulz                            0x08000889   Thumb Code    48  dfixul.o(.text)
    __aeabi_cdcmpeq                          0x080008b9   Thumb Code     0  cdcmple.o(.text)
    __aeabi_cdcmple                          0x080008b9   Thumb Code    48  cdcmple.o(.text)
    __aeabi_cdrcmple                         0x080008e9   Thumb Code    48  cdrcmple.o(.text)
    __scatterload                            0x08000919   Thumb Code    28  init.o(.text)
    __scatterload_rt2                        0x08000919   Thumb Code     0  init.o(.text)
    _dsqrt                                   0x0800093d   Thumb Code   162  dsqrt.o(.text)
    __decompress                             0x080009df   Thumb Code     0  __dczerorl2.o(.text)
    __decompress1                            0x080009df   Thumb Code    86  __dczerorl2.o(.text)
    All_Init                                 0x08000a35   Thumb Code   142  task_test.o(i.All_Init)
    BusFault_Handler                         0x08000b45   Thumb Code     4  stm32f4xx_it.o(i.BusFault_Handler)
    DMA_Cmd                                  0x08000b49   Thumb Code    22  stm32f4xx_dma.o(i.DMA_Cmd)
    DMA_DeInit                               0x08000b61   Thumb Code   324  stm32f4xx_dma.o(i.DMA_DeInit)
    DMA_Init                                 0x08000cb9   Thumb Code    82  stm32f4xx_dma.o(i.DMA_Init)
    DebugMon_Handler                         0x08000d11   Thumb Code     2  stm32f4xx_it.o(i.DebugMon_Handler)
    Delay_TIM6_Init                          0x08000d15   Thumb Code    96  my_delaytime.o(i.Delay_TIM6_Init)
    GPIO_Init                                0x08000d79   Thumb Code   144  stm32f4xx_gpio.o(i.GPIO_Init)
    GPIO_PinAFConfig                         0x08000e09   Thumb Code    70  stm32f4xx_gpio.o(i.GPIO_PinAFConfig)
    HardFault_Handler                        0x08000e4f   Thumb Code     4  stm32f4xx_it.o(i.HardFault_Handler)
    I2C_AcknowledgeConfig                    0x08000e53   Thumb Code    24  stm32f4xx_i2c.o(i.I2C_AcknowledgeConfig)
    I2C_CheckEvent                           0x08000e6b   Thumb Code    42  stm32f4xx_i2c.o(i.I2C_CheckEvent)
    I2C_Cmd                                  0x08000e95   Thumb Code    24  stm32f4xx_i2c.o(i.I2C_Cmd)
    I2C_DMACmd                               0x08000ead   Thumb Code    24  stm32f4xx_i2c.o(i.I2C_DMACmd)
    I2C_GenerateSTART                        0x08000ec5   Thumb Code    24  stm32f4xx_i2c.o(i.I2C_GenerateSTART)
    I2C_GenerateSTOP                         0x08000edd   Thumb Code    24  stm32f4xx_i2c.o(i.I2C_GenerateSTOP)
    I2C_GetFlagStatus                        0x08000ef5   Thumb Code    58  stm32f4xx_i2c.o(i.I2C_GetFlagStatus)
    I2C_Init                                 0x08000f31   Thumb Code   218  stm32f4xx_i2c.o(i.I2C_Init)
    I2C_ReceiveData                          0x08001019   Thumb Code     8  stm32f4xx_i2c.o(i.I2C_ReceiveData)
    I2C_Send7bitAddress                      0x08001021   Thumb Code    16  stm32f4xx_i2c.o(i.I2C_Send7bitAddress)
    I2C_SendData                             0x08001031   Thumb Code     4  stm32f4xx_i2c.o(i.I2C_SendData)
    IIC_Init                                 0x08001035   Thumb Code   152  mpu6050__.o(i.IIC_Init)
    IWDG_Enable                              0x080010d9   Thumb Code    10  stm32f4xx_iwdg.o(i.IWDG_Enable)
    IWDG_ReloadCounter                       0x080010e9   Thumb Code    10  stm32f4xx_iwdg.o(i.IWDG_ReloadCounter)
    IWDG_SetPrescaler                        0x080010f9   Thumb Code     6  stm32f4xx_iwdg.o(i.IWDG_SetPrescaler)
    IWDG_SetReload                           0x08001105   Thumb Code     6  stm32f4xx_iwdg.o(i.IWDG_SetReload)
    IWDG_WriteAccessCmd                      0x08001111   Thumb Code     6  stm32f4xx_iwdg.o(i.IWDG_WriteAccessCmd)
    MPU_Read_Len                             0x0800111d   Thumb Code   220  mpu6050__.o(i.MPU_Read_Len)
    MPU_Write_Len                            0x08001205   Thumb Code   134  mpu6050__.o(i.MPU_Write_Len)
    MemManage_Handler                        0x08001299   Thumb Code     4  stm32f4xx_it.o(i.MemManage_Handler)
    My_Uart1Init                             0x0800129d   Thumb Code   142  uart.o(i.My_Uart1Init)
    NMI_Handler                              0x08001335   Thumb Code     2  stm32f4xx_it.o(i.NMI_Handler)
    NVIC_Init                                0x08001339   Thumb Code   106  misc.o(i.NVIC_Init)
    RCC_AHB1PeriphClockCmd                   0x080013b1   Thumb Code    26  stm32f4xx_rcc.o(i.RCC_AHB1PeriphClockCmd)
    RCC_APB1PeriphClockCmd                   0x080013d1   Thumb Code    26  stm32f4xx_rcc.o(i.RCC_APB1PeriphClockCmd)
    RCC_APB2PeriphClockCmd                   0x080013f1   Thumb Code    26  stm32f4xx_rcc.o(i.RCC_APB2PeriphClockCmd)
    RCC_GetClocksFreq                        0x08001411   Thumb Code   214  stm32f4xx_rcc.o(i.RCC_GetClocksFreq)
    RCC_GetFlagStatus                        0x080014f9   Thumb Code    60  stm32f4xx_rcc.o(i.RCC_GetFlagStatus)
    RCC_LSICmd                               0x08001539   Thumb Code     6  stm32f4xx_rcc.o(i.RCC_LSICmd)
    SysTick_Handler                          0x08001665   Thumb Code    46  port.o(i.SysTick_Handler)
    SystemInit                               0x08001699   Thumb Code    88  system_stm32f4xx.o(i.SystemInit)
    TIM6_DAC_IRQHandler                      0x08001701   Thumb Code    34  my_delaytime.o(i.TIM6_DAC_IRQHandler)
    TIM_ClearITPendingBit                    0x0800172d   Thumb Code     6  stm32f4xx_tim.o(i.TIM_ClearITPendingBit)
    TIM_GetITStatus                          0x08001733   Thumb Code    34  stm32f4xx_tim.o(i.TIM_GetITStatus)
    TIM_ITConfig                             0x08001755   Thumb Code    18  stm32f4xx_tim.o(i.TIM_ITConfig)
    TIM_TimeBaseInit                         0x08001769   Thumb Code   104  stm32f4xx_tim.o(i.TIM_TimeBaseInit)
    USART1_IRQHandler                        0x08001885   Thumb Code    38  uart.o(i.USART1_IRQHandler)
    USART_ClearITPendingBit                  0x080018b5   Thumb Code    30  stm32f4xx_usart.o(i.USART_ClearITPendingBit)
    USART_Cmd                                0x080018d3   Thumb Code    24  stm32f4xx_usart.o(i.USART_Cmd)
    USART_GetFlagStatus                      0x080018eb   Thumb Code    26  stm32f4xx_usart.o(i.USART_GetFlagStatus)
    USART_GetITStatus                        0x08001905   Thumb Code    84  stm32f4xx_usart.o(i.USART_GetITStatus)
    USART_Init                               0x08001959   Thumb Code   204  stm32f4xx_usart.o(i.USART_Init)
    USART_ReceiveData                        0x08001a2d   Thumb Code    10  stm32f4xx_usart.o(i.USART_ReceiveData)
    USART_SendData                           0x08001a37   Thumb Code     8  stm32f4xx_usart.o(i.USART_SendData)
    UsageFault_Handler                       0x08001a3f   Thumb Code     4  stm32f4xx_it.o(i.UsageFault_Handler)
    __0printf                                0x08001a45   Thumb Code    22  printfa.o(i.__0printf)
    __1printf                                0x08001a45   Thumb Code     0  printfa.o(i.__0printf)
    __2printf                                0x08001a45   Thumb Code     0  printfa.o(i.__0printf)
    __c89printf                              0x08001a45   Thumb Code     0  printfa.o(i.__0printf)
    printf                                   0x08001a45   Thumb Code     0  printfa.o(i.__0printf)
    __ARM_fpclassify                         0x08001a65   Thumb Code    48  fpclassify.o(i.__ARM_fpclassify)
    __hardfp_asin                            0x08001a99   Thumb Code   770  asin.o(i.__hardfp_asin)
    __hardfp_atan                            0x08001df9   Thumb Code   622  atan.o(i.__hardfp_atan)
    __hardfp_atan2                           0x080020d1   Thumb Code   448  atan2.o(i.__hardfp_atan2)
    __kernel_poly                            0x080022d1   Thumb Code   248  poly.o(i.__kernel_poly)
    __mathlib_dbl_infnan                     0x080023c9   Thumb Code    20  dunder.o(i.__mathlib_dbl_infnan)
    __mathlib_dbl_infnan2                    0x080023dd   Thumb Code    20  dunder.o(i.__mathlib_dbl_infnan2)
    __mathlib_dbl_invalid                    0x080023f1   Thumb Code    24  dunder.o(i.__mathlib_dbl_invalid)
    __mathlib_dbl_underflow                  0x08002411   Thumb Code    24  dunder.o(i.__mathlib_dbl_underflow)
    __scatterload_copy                       0x08002431   Thumb Code    14  handlers.o(i.__scatterload_copy)
    __scatterload_null                       0x0800243f   Thumb Code     2  handlers.o(i.__scatterload_null)
    __scatterload_zeroinit                   0x08002441   Thumb Code    14  handlers.o(i.__scatterload_zeroinit)
    __set_errno                              0x08002451   Thumb Code     6  errno.o(i.__set_errno)
    atan                                     0x08002ce7   Thumb Code    16  atan.o(i.atan)
    display_circle                           0x08002d75   Thumb Code   746  ssd1306.o(i.display_circle)
    display_reverse                          0x080030c5   Thumb Code    26  ssd1306.o(i.display_reverse)
    dmp_enable_6x_lp_quat                    0x08003155   Thumb Code    60  inv_mpu_dmp_motion_driver.o(i.dmp_enable_6x_lp_quat)
    dmp_enable_feature                       0x08003191   Thumb Code   530  inv_mpu_dmp_motion_driver.o(i.dmp_enable_feature)
    dmp_enable_gyro_cal                      0x080033ad   Thumb Code    62  inv_mpu_dmp_motion_driver.o(i.dmp_enable_gyro_cal)
    dmp_enable_lp_quat                       0x08003405   Thumb Code    60  inv_mpu_dmp_motion_driver.o(i.dmp_enable_lp_quat)
    dmp_load_motion_driver_firmware          0x08003441   Thumb Code    20  inv_mpu_dmp_motion_driver.o(i.dmp_load_motion_driver_firmware)
    dmp_read_fifo                            0x08003459   Thumb Code   456  inv_mpu_dmp_motion_driver.o(i.dmp_read_fifo)
    dmp_set_fifo_rate                        0x08003625   Thumb Code    96  inv_mpu_dmp_motion_driver.o(i.dmp_set_fifo_rate)
    dmp_set_orientation                      0x08003695   Thumb Code   290  inv_mpu_dmp_motion_driver.o(i.dmp_set_orientation)
    dmp_set_shake_reject_thresh              0x080037cd   Thumb Code    56  inv_mpu_dmp_motion_driver.o(i.dmp_set_shake_reject_thresh)
    dmp_set_shake_reject_time                0x08003805   Thumb Code    38  inv_mpu_dmp_motion_driver.o(i.dmp_set_shake_reject_time)
    dmp_set_shake_reject_timeout             0x0800382b   Thumb Code    38  inv_mpu_dmp_motion_driver.o(i.dmp_set_shake_reject_timeout)
    dmp_set_tap_axes                         0x08003851   Thumb Code    70  inv_mpu_dmp_motion_driver.o(i.dmp_set_tap_axes)
    dmp_set_tap_count                        0x08003897   Thumb Code    38  inv_mpu_dmp_motion_driver.o(i.dmp_set_tap_count)
    dmp_set_tap_thresh                       0x080038bd   Thumb Code   412  inv_mpu_dmp_motion_driver.o(i.dmp_set_tap_thresh)
    dmp_set_tap_time                         0x08003a7d   Thumb Code    38  inv_mpu_dmp_motion_driver.o(i.dmp_set_tap_time)
    dmp_set_tap_time_multi                   0x08003aa3   Thumb Code    38  inv_mpu_dmp_motion_driver.o(i.dmp_set_tap_time_multi)
    fabs                                     0x08003ac9   Thumb Code    24  fabs.o(i.fabs)
    fputc                                    0x08003ae1   Thumb Code    32  usart_printf.o(i.fputc)
    free                                     0x08003b05   Thumb Code    76  malloc.o(i.free)
    inv_orientation_matrix_to_scalar         0x08003c75   Thumb Code    40  inv_mpu.o(i.inv_orientation_matrix_to_scalar)
    inv_row_2_scale                          0x08003c9d   Thumb Code    78  inv_mpu.o(i.inv_row_2_scale)
    main                                     0x08003ced   Thumb Code    56  main.o(i.main)
    malloc                                   0x08003d49   Thumb Code    92  malloc.o(i.malloc)
    mget_ms                                  0x08003db5   Thumb Code     2  inv_mpu.o(i.mget_ms)
    mpu6050_getdata                          0x08003db9   Thumb Code   128  mpu6050__.o(i.mpu6050_getdata)
    mpu_configure_fifo                       0x08003e55   Thumb Code   106  inv_mpu.o(i.mpu_configure_fifo)
    mpu_dmp_get_data                         0x08003ec5   Thumb Code   474  inv_mpu.o(i.mpu_dmp_get_data)
    mpu_dmp_init                             0x080040b1   Thumb Code   206  inv_mpu.o(i.mpu_dmp_init)
    mpu_get_accel_fsr                        0x08004285   Thumb Code    72  inv_mpu.o(i.mpu_get_accel_fsr)
    mpu_init                                 0x080042d1   Thumb Code   416  inv_mpu.o(i.mpu_init)
    mpu_load_firmware                        0x080044c1   Thumb Code   180  inv_mpu.o(i.mpu_load_firmware)
    mpu_lp_accel_mode                        0x08004579   Thumb Code   218  inv_mpu.o(i.mpu_lp_accel_mode)
    mpu_read_fifo_stream                     0x08004659   Thumb Code   186  inv_mpu.o(i.mpu_read_fifo_stream)
    mpu_read_mem                             0x08004719   Thumb Code   122  inv_mpu.o(i.mpu_read_mem)
    mpu_reset_fifo                           0x08004799   Thumb Code   450  inv_mpu.o(i.mpu_reset_fifo)
    mpu_set_accel_fsr                        0x08004961   Thumb Code   126  inv_mpu.o(i.mpu_set_accel_fsr)
    mpu_set_bypass                           0x080049e5   Thumb Code   328  inv_mpu.o(i.mpu_set_bypass)
    mpu_set_dmp_state                        0x08004b31   Thumb Code   138  inv_mpu.o(i.mpu_set_dmp_state)
    mpu_set_gyro_fsr                         0x08004bc1   Thumb Code   132  inv_mpu.o(i.mpu_set_gyro_fsr)
    mpu_set_int_latched                      0x08004c49   Thumb Code   102  inv_mpu.o(i.mpu_set_int_latched)
    mpu_set_lpf                              0x08004cb5   Thumb Code   126  inv_mpu.o(i.mpu_set_lpf)
    mpu_set_sample_rate                      0x08004d39   Thumb Code   152  inv_mpu.o(i.mpu_set_sample_rate)
    mpu_set_sensors                          0x08004dd5   Thumb Code   202  inv_mpu.o(i.mpu_set_sensors)
    mpu_write_mem                            0x08004ea5   Thumb Code   122  inv_mpu.o(i.mpu_write_mem)
    oled_tar_display                         0x08004f25   Thumb Code   342  ssd1306.o(i.oled_tar_display)
    oled_tar_display_page                    0x08005091   Thumb Code   102  ssd1306.o(i.oled_tar_display_page)
    pvPortMalloc                             0x08005a7d   Thumb Code   296  heap_4.o(i.pvPortMalloc)
    pvTaskIncrementMutexHeldCount            0x08005bb9   Thumb Code    26  tasks.o(i.pvTaskIncrementMutexHeldCount)
    pxPortInitialiseStack                    0x08005bd9   Thumb Code    38  port.o(i.pxPortInitialiseStack)
    sqrt                                     0x08005c95   Thumb Code   110  sqrt.o(i.sqrt)
    ssd1306_init                             0x08005d03   Thumb Code   244  ssd1306.o(i.ssd1306_init)
    uxListRemove                             0x08005df7   Thumb Code    40  list.o(i.uxListRemove)
    vListInitialise                          0x08005e1f   Thumb Code    26  list.o(i.vListInitialise)
    vListInitialiseItem                      0x08005e39   Thumb Code     6  list.o(i.vListInitialiseItem)
    vListInsert                              0x08005e3f   Thumb Code    52  list.o(i.vListInsert)
    vListInsertEnd                           0x08005e73   Thumb Code    24  list.o(i.vListInsertEnd)
    vPortEnterCritical                       0x08005e8d   Thumb Code    76  port.o(i.vPortEnterCritical)
    vPortExitCritical                        0x08005ee1   Thumb Code    56  port.o(i.vPortExitCritical)
    vPortFree                                0x08005f1d   Thumb Code   140  heap_4.o(i.vPortFree)
    vPortSetupTimerInterrupt                 0x08005fb1   Thumb Code    26  port.o(i.vPortSetupTimerInterrupt)
    vPortValidateInterruptPriority           0x08005fd1   Thumb Code   106  port.o(i.vPortValidateInterruptPriority)
    vQueueAddToRegistry                      0x08006049   Thumb Code    38  queue.o(i.vQueueAddToRegistry)
    vQueueWaitForMessageRestricted           0x08006075   Thumb Code    74  queue.o(i.vQueueWaitForMessageRestricted)
    vTaskDelay                               0x080060c1   Thumb Code    82  tasks.o(i.vTaskDelay)
    vTaskDelete                              0x0800611d   Thumb Code   202  tasks.o(i.vTaskDelete)
    vTaskMissedYield                         0x08006211   Thumb Code     8  tasks.o(i.vTaskMissedYield)
    vTaskPlaceOnEventList                    0x0800621d   Thumb Code    52  tasks.o(i.vTaskPlaceOnEventList)
    vTaskPlaceOnEventListRestricted          0x08006255   Thumb Code    60  tasks.o(i.vTaskPlaceOnEventListRestricted)
    vTaskPriorityInherit                     0x08006295   Thumb Code   164  tasks.o(i.vTaskPriorityInherit)
    vTaskSetTimeOutState                     0x08006345   Thumb Code    38  tasks.o(i.vTaskSetTimeOutState)
    vTaskStartScheduler                      0x08006375   Thumb Code   118  tasks.o(i.vTaskStartScheduler)
    vTaskSuspendAll                          0x08006409   Thumb Code    12  tasks.o(i.vTaskSuspendAll)
    vTaskSwitchContext                       0x08006419   Thumb Code   118  tasks.o(i.vTaskSwitchContext)
    watchdog_init                            0x080064a5   Thumb Code    68  watchdog.o(i.watchdog_init)
    watchdog_reload                          0x080064e9   Thumb Code     8  watchdog.o(i.watchdog_reload)
    xPortStartScheduler                      0x080064f1   Thumb Code   288  port.o(i.xPortStartScheduler)
    xQueueGenericCreate                      0x0800662d   Thumb Code    88  queue.o(i.xQueueGenericCreate)
    xQueueGenericReceive                     0x08006685   Thumb Code   446  queue.o(i.xQueueGenericReceive)
    xQueueGenericReset                       0x08006849   Thumb Code   146  queue.o(i.xQueueGenericReset)
    xQueueGenericSend                        0x080068e1   Thumb Code   420  queue.o(i.xQueueGenericSend)
    xQueueGenericSendFromISR                 0x08006a89   Thumb Code   248  queue.o(i.xQueueGenericSendFromISR)
    xTaskCheckForTimeOut                     0x08006b81   Thumb Code   132  tasks.o(i.xTaskCheckForTimeOut)
    xTaskCreate                              0x08006c0d   Thumb Code    96  tasks.o(i.xTaskCreate)
    xTaskGetSchedulerState                   0x08006c6d   Thumb Code    24  tasks.o(i.xTaskGetSchedulerState)
    xTaskGetTickCount                        0x08006c8d   Thumb Code     6  tasks.o(i.xTaskGetTickCount)
    xTaskIncrementTick                       0x08006c99   Thumb Code   282  tasks.o(i.xTaskIncrementTick)
    xTaskPriorityDisinherit                  0x08006de1   Thumb Code   188  tasks.o(i.xTaskPriorityDisinherit)
    xTaskRemoveFromEventList                 0x08006ea9   Thumb Code   128  tasks.o(i.xTaskRemoveFromEventList)
    xTaskResumeAll                           0x08006f41   Thumb Code   224  tasks.o(i.xTaskResumeAll)
    xTimerCreateTimerTask                    0x08007045   Thumb Code    66  timers.o(i.xTimerCreateTimerTask)
    xTimerGenericCommand                     0x0800709d   Thumb Code   126  timers.o(i.xTimerGenericCommand)
    reg                                      0x08007120   Data          27  inv_mpu.o(.constdata)
    hw                                       0x0800713c   Data          12  inv_mpu.o(.constdata)
    test                                     0x08007148   Data          40  inv_mpu.o(.constdata)
    __mathlib_zero                           0x08007e50   Data           8  qnan.o(.constdata)
    Region$$Table$$Base                      0x08007ea8   Number         0  anon$$obj.o(Region$$Table)
    Region$$Table$$Limit                     0x08007ec8   Number         0  anon$$obj.o(Region$$Table)
    SystemCoreClock                          0x20000010   Data           4  system_stm32f4xx.o(.data)
    AHBPrescTable                            0x20000014   Data          16  system_stm32f4xx.o(.data)
    USART1datas                              0x20000024   Data           2  uart.o(.data)
    pxCurrentTCB                             0x20000538   Data           4  tasks.o(.data)
    __stdout                                 0x200006c4   Data           4  stdout.o(.data)
    __microlib_freelist                      0x200006c8   Data           4  mvars.o(.data)
    __microlib_freelist_initialised          0x200006cc   Data           4  mvars.o(.data)
    xQueueRegistry                           0x200006f4   Data          64  queue.o(.bss)
    __heap_base                              0x20013450   Data           0  startup_stm32f429_439xx.o(HEAP)
    __heap_limit                             0x20013650   Data           0  startup_stm32f429_439xx.o(HEAP)
    __initial_sp                             0x20013a50   Data           0  startup_stm32f429_439xx.o(STACK)



==============================================================================

Memory Map of the image

  Image Entry point : 0x080001ad

  Load Region LR_IROM1 (Base: 0x08000000, Size: 0x0000859c, Max: 0x00100000, ABSOLUTE, COMPRESSED[0x00008048])

    Execution Region ER_IROM1 (Exec base: 0x08000000, Load base: 0x08000000, Size: 0x00007ec8, Max: 0x00100000, ABSOLUTE)

    Exec Addr    Load Addr    Size         Type   Attr      Idx    E Section Name        Object

    0x08000000   0x08000000   0x000001ac   Data   RO            3    RESET               startup_stm32f429_439xx.o
    0x080001ac   0x080001ac   0x00000000   Code   RO         7276  * .ARM.Collect$$$$00000000  mc_w.l(entry.o)
    0x080001ac   0x080001ac   0x00000004   Code   RO         7655    .ARM.Collect$$$$00000001  mc_w.l(entry2.o)
    0x080001b0   0x080001b0   0x00000004   Code   RO         7658    .ARM.Collect$$$$00000004  mc_w.l(entry5.o)
    0x080001b4   0x080001b4   0x00000000   Code   RO         7660    .ARM.Collect$$$$00000008  mc_w.l(entry7b.o)
    0x080001b4   0x080001b4   0x00000000   Code   RO         7662    .ARM.Collect$$$$0000000A  mc_w.l(entry8b.o)
    0x080001b4   0x080001b4   0x00000008   Code   RO         7663    .ARM.Collect$$$$0000000B  mc_w.l(entry9a.o)
    0x080001bc   0x080001bc   0x00000004   Code   RO         7670    .ARM.Collect$$$$0000000E  mc_w.l(entry12b.o)
    0x080001c0   0x080001c0   0x00000000   Code   RO         7665    .ARM.Collect$$$$0000000F  mc_w.l(entry10a.o)
    0x080001c0   0x080001c0   0x00000000   Code   RO         7667    .ARM.Collect$$$$00000011  mc_w.l(entry11a.o)
    0x080001c0   0x080001c0   0x00000004   Code   RO         7656    .ARM.Collect$$$$00002712  mc_w.l(entry2.o)
    0x080001c4   0x080001c4   0x000000b6   Code   RO         6512    .emb_text           port.o
    0x0800027a   0x0800027a   0x00000002   PAD
    0x0800027c   0x0800027c   0x00000024   Code   RO            4    .text               startup_stm32f429_439xx.o
    0x080002a0   0x080002a0   0x00000024   Code   RO         7281    .text               mc_w.l(memcpya.o)
    0x080002c4   0x080002c4   0x00000024   Code   RO         7283    .text               mc_w.l(memseta.o)
    0x080002e8   0x080002e8   0x0000001a   Code   RO         7285    .text               mc_w.l(memcmp.o)
    0x08000302   0x08000302   0x0000014e   Code   RO         7578    .text               mf_w.l(dadd.o)
    0x08000450   0x08000450   0x000000e4   Code   RO         7580    .text               mf_w.l(dmul.o)
    0x08000534   0x08000534   0x00000026   Code   RO         7586    .text               mf_w.l(f2d.o)
    0x0800055a   0x0800055a   0x00000038   Code   RO         7588    .text               mf_w.l(d2f.o)
    0x08000592   0x08000592   0x0000002c   Code   RO         7672    .text               mc_w.l(uidiv.o)
    0x080005be   0x080005be   0x00000062   Code   RO         7674    .text               mc_w.l(uldiv.o)
    0x08000620   0x08000620   0x0000001e   Code   RO         7676    .text               mc_w.l(llshl.o)
    0x0800063e   0x0800063e   0x00000020   Code   RO         7678    .text               mc_w.l(llushr.o)
    0x0800065e   0x0800065e   0x00000024   Code   RO         7680    .text               mc_w.l(llsshr.o)
    0x08000682   0x08000682   0x00000000   Code   RO         7691    .text               mc_w.l(iusefp.o)
    0x08000682   0x08000682   0x0000006e   Code   RO         7692    .text               mf_w.l(fepilogue.o)
    0x080006f0   0x080006f0   0x000000ba   Code   RO         7694    .text               mf_w.l(depilogue.o)
    0x080007aa   0x080007aa   0x000000de   Code   RO         7696    .text               mf_w.l(ddiv.o)
    0x08000888   0x08000888   0x00000030   Code   RO         7702    .text               mf_w.l(dfixul.o)
    0x080008b8   0x080008b8   0x00000030   Code   RO         7704    .text               mf_w.l(cdcmple.o)
    0x080008e8   0x080008e8   0x00000030   Code   RO         7706    .text               mf_w.l(cdrcmple.o)
    0x08000918   0x08000918   0x00000024   Code   RO         7708    .text               mc_w.l(init.o)
    0x0800093c   0x0800093c   0x000000a2   Code   RO         7710    .text               mf_w.l(dsqrt.o)
    0x080009de   0x080009de   0x00000056   Code   RO         7720    .text               mc_w.l(__dczerorl2.o)
    0x08000a34   0x08000a34   0x00000110   Code   RO         6641    i.All_Init          task_test.o
    0x08000b44   0x08000b44   0x00000004   Code   RO         5275    i.BusFault_Handler  stm32f4xx_it.o
    0x08000b48   0x08000b48   0x00000016   Code   RO         1202    i.DMA_Cmd           stm32f4xx_dma.o
    0x08000b5e   0x08000b5e   0x00000002   PAD
    0x08000b60   0x08000b60   0x00000158   Code   RO         1203    i.DMA_DeInit        stm32f4xx_dma.o
    0x08000cb8   0x08000cb8   0x00000058   Code   RO         1214    i.DMA_Init          stm32f4xx_dma.o
    0x08000d10   0x08000d10   0x00000002   Code   RO         5276    i.DebugMon_Handler  stm32f4xx_it.o
    0x08000d12   0x08000d12   0x00000002   PAD
    0x08000d14   0x08000d14   0x00000064   Code   RO         5440    i.Delay_TIM6_Init   my_delaytime.o
    0x08000d78   0x08000d78   0x00000090   Code   RO         2047    i.GPIO_Init         stm32f4xx_gpio.o
    0x08000e08   0x08000e08   0x00000046   Code   RO         2048    i.GPIO_PinAFConfig  stm32f4xx_gpio.o
    0x08000e4e   0x08000e4e   0x00000004   Code   RO         5277    i.HardFault_Handler  stm32f4xx_it.o
    0x08000e52   0x08000e52   0x00000018   Code   RO         2335    i.I2C_AcknowledgeConfig  stm32f4xx_i2c.o
    0x08000e6a   0x08000e6a   0x0000002a   Code   RO         2338    i.I2C_CheckEvent    stm32f4xx_i2c.o
    0x08000e94   0x08000e94   0x00000018   Code   RO         2341    i.I2C_Cmd           stm32f4xx_i2c.o
    0x08000eac   0x08000eac   0x00000018   Code   RO         2342    i.I2C_DMACmd        stm32f4xx_i2c.o
    0x08000ec4   0x08000ec4   0x00000018   Code   RO         2349    i.I2C_GenerateSTART  stm32f4xx_i2c.o
    0x08000edc   0x08000edc   0x00000018   Code   RO         2350    i.I2C_GenerateSTOP  stm32f4xx_i2c.o
    0x08000ef4   0x08000ef4   0x0000003a   Code   RO         2351    i.I2C_GetFlagStatus  stm32f4xx_i2c.o
    0x08000f2e   0x08000f2e   0x00000002   PAD
    0x08000f30   0x08000f30   0x000000e8   Code   RO         2356    i.I2C_Init          stm32f4xx_i2c.o
    0x08001018   0x08001018   0x00000008   Code   RO         2361    i.I2C_ReceiveData   stm32f4xx_i2c.o
    0x08001020   0x08001020   0x00000010   Code   RO         2363    i.I2C_Send7bitAddress  stm32f4xx_i2c.o
    0x08001030   0x08001030   0x00000004   Code   RO         2364    i.I2C_SendData      stm32f4xx_i2c.o
    0x08001034   0x08001034   0x000000a4   Code   RO         5506    i.IIC_Init          mpu6050__.o
    0x080010d8   0x080010d8   0x00000010   Code   RO         2562    i.IWDG_Enable       stm32f4xx_iwdg.o
    0x080010e8   0x080010e8   0x00000010   Code   RO         2564    i.IWDG_ReloadCounter  stm32f4xx_iwdg.o
    0x080010f8   0x080010f8   0x0000000c   Code   RO         2565    i.IWDG_SetPrescaler  stm32f4xx_iwdg.o
    0x08001104   0x08001104   0x0000000c   Code   RO         2566    i.IWDG_SetReload    stm32f4xx_iwdg.o
    0x08001110   0x08001110   0x0000000c   Code   RO         2567    i.IWDG_WriteAccessCmd  stm32f4xx_iwdg.o
    0x0800111c   0x0800111c   0x000000e8   Code   RO         5507    i.MPU_Read_Len      mpu6050__.o
    0x08001204   0x08001204   0x00000094   Code   RO         5508    i.MPU_Write_Len     mpu6050__.o
    0x08001298   0x08001298   0x00000004   Code   RO         5278    i.MemManage_Handler  stm32f4xx_it.o
    0x0800129c   0x0800129c   0x00000098   Code   RO         5373    i.My_Uart1Init      uart.o
    0x08001334   0x08001334   0x00000002   Code   RO         5279    i.NMI_Handler       stm32f4xx_it.o
    0x08001336   0x08001336   0x00000002   PAD
    0x08001338   0x08001338   0x00000078   Code   RO           13    i.NVIC_Init         misc.o
    0x080013b0   0x080013b0   0x00000020   Code   RO         2982    i.RCC_AHB1PeriphClockCmd  stm32f4xx_rcc.o
    0x080013d0   0x080013d0   0x00000020   Code   RO         2991    i.RCC_APB1PeriphClockCmd  stm32f4xx_rcc.o
    0x080013f0   0x080013f0   0x00000020   Code   RO         2994    i.RCC_APB2PeriphClockCmd  stm32f4xx_rcc.o
    0x08001410   0x08001410   0x000000e8   Code   RO         3003    i.RCC_GetClocksFreq  stm32f4xx_rcc.o
    0x080014f8   0x080014f8   0x00000040   Code   RO         3004    i.RCC_GetFlagStatus  stm32f4xx_rcc.o
    0x08001538   0x08001538   0x0000000c   Code   RO         3014    i.RCC_LSICmd        stm32f4xx_rcc.o
    0x08001544   0x08001544   0x00000120   Code   RO         5332    i.SetSysClock       system_stm32f4xx.o
    0x08001664   0x08001664   0x00000034   Code   RO         6513    i.SysTick_Handler   port.o
    0x08001698   0x08001698   0x00000068   Code   RO         5334    i.SystemInit        system_stm32f4xx.o
    0x08001700   0x08001700   0x0000002c   Code   RO         5442    i.TIM6_DAC_IRQHandler  my_delaytime.o
    0x0800172c   0x0800172c   0x00000006   Code   RO         4376    i.TIM_ClearITPendingBit  stm32f4xx_tim.o
    0x08001732   0x08001732   0x00000022   Code   RO         4402    i.TIM_GetITStatus   stm32f4xx_tim.o
    0x08001754   0x08001754   0x00000012   Code   RO         4406    i.TIM_ITConfig      stm32f4xx_tim.o
    0x08001766   0x08001766   0x00000002   PAD
    0x08001768   0x08001768   0x00000084   Code   RO         4453    i.TIM_TimeBaseInit  stm32f4xx_tim.o
    0x080017ec   0x080017ec   0x00000034   Code   RO         6642    i.Task_MPU6050      task_test.o
    0x08001820   0x08001820   0x00000064   Code   RO         6643    i.Task_SSD1306      task_test.o
    0x08001884   0x08001884   0x00000030   Code   RO         5375    i.USART1_IRQHandler  uart.o
    0x080018b4   0x080018b4   0x0000001e   Code   RO         4932    i.USART_ClearITPendingBit  stm32f4xx_usart.o
    0x080018d2   0x080018d2   0x00000018   Code   RO         4935    i.USART_Cmd         stm32f4xx_usart.o
    0x080018ea   0x080018ea   0x0000001a   Code   RO         4938    i.USART_GetFlagStatus  stm32f4xx_usart.o
    0x08001904   0x08001904   0x00000054   Code   RO         4939    i.USART_GetITStatus  stm32f4xx_usart.o
    0x08001958   0x08001958   0x000000d4   Code   RO         4942    i.USART_Init        stm32f4xx_usart.o
    0x08001a2c   0x08001a2c   0x0000000a   Code   RO         4949    i.USART_ReceiveData  stm32f4xx_usart.o
    0x08001a36   0x08001a36   0x00000008   Code   RO         4952    i.USART_SendData    stm32f4xx_usart.o
    0x08001a3e   0x08001a3e   0x00000004   Code   RO         5280    i.UsageFault_Handler  stm32f4xx_it.o
    0x08001a42   0x08001a42   0x00000002   PAD
    0x08001a44   0x08001a44   0x00000020   Code   RO         7522    i.__0printf         mc_w.l(printfa.o)
    0x08001a64   0x08001a64   0x00000030   Code   RO         7624    i.__ARM_fpclassify  m_wm.l(fpclassify.o)
    0x08001a94   0x08001a94   0x00000004   PAD
    0x08001a98   0x08001a98   0x00000360   Code   RO         7224    i.__hardfp_asin     m_wm.l(asin.o)
    0x08001df8   0x08001df8   0x000002d8   Code   RO         7590    i.__hardfp_atan     m_wm.l(atan.o)
    0x080020d0   0x080020d0   0x00000200   Code   RO         7238    i.__hardfp_atan2    m_wm.l(atan2.o)
    0x080022d0   0x080022d0   0x000000f8   Code   RO         7640    i.__kernel_poly     m_wm.l(poly.o)
    0x080023c8   0x080023c8   0x00000014   Code   RO         7605    i.__mathlib_dbl_infnan  m_wm.l(dunder.o)
    0x080023dc   0x080023dc   0x00000014   Code   RO         7606    i.__mathlib_dbl_infnan2  m_wm.l(dunder.o)
    0x080023f0   0x080023f0   0x00000020   Code   RO         7607    i.__mathlib_dbl_invalid  m_wm.l(dunder.o)
    0x08002410   0x08002410   0x00000020   Code   RO         7610    i.__mathlib_dbl_underflow  m_wm.l(dunder.o)
    0x08002430   0x08002430   0x0000000e   Code   RO         7714    i.__scatterload_copy  mc_w.l(handlers.o)
    0x0800243e   0x0800243e   0x00000002   Code   RO         7715    i.__scatterload_null  mc_w.l(handlers.o)
    0x08002440   0x08002440   0x0000000e   Code   RO         7716    i.__scatterload_zeroinit  mc_w.l(handlers.o)
    0x0800244e   0x0800244e   0x00000002   PAD
    0x08002450   0x08002450   0x0000000c   Code   RO         7686    i.__set_errno       mc_w.l(errno.o)
    0x0800245c   0x0800245c   0x00000184   Code   RO         7529    i._fp_digits        mc_w.l(printfa.o)
    0x080025e0   0x080025e0   0x000006b4   Code   RO         7530    i._printf_core      mc_w.l(printfa.o)
    0x08002c94   0x08002c94   0x00000024   Code   RO         7531    i._printf_post_padding  mc_w.l(printfa.o)
    0x08002cb8   0x08002cb8   0x0000002e   Code   RO         7532    i._printf_pre_padding  mc_w.l(printfa.o)
    0x08002ce6   0x08002ce6   0x00000010   Code   RO         7592    i.atan              m_wm.l(atan.o)
    0x08002cf6   0x08002cf6   0x0000001a   Code   RO         5599    i.ball_is_center    ssd1306.o
    0x08002d10   0x08002d10   0x00000064   Code   RO         7033    i.decode_gesture    inv_mpu_dmp_motion_driver.o
    0x08002d74   0x08002d74   0x00000350   Code   RO         5600    i.display_circle    ssd1306.o
    0x080030c4   0x080030c4   0x0000001a   Code   RO         5602    i.display_reverse   ssd1306.o
    0x080030de   0x080030de   0x00000002   PAD
    0x080030e0   0x080030e0   0x00000074   Code   RO         5603    i.dma_init          ssd1306.o
    0x08003154   0x08003154   0x0000003c   Code   RO         7034    i.dmp_enable_6x_lp_quat  inv_mpu_dmp_motion_driver.o
    0x08003190   0x08003190   0x0000021c   Code   RO         7035    i.dmp_enable_feature  inv_mpu_dmp_motion_driver.o
    0x080033ac   0x080033ac   0x00000058   Code   RO         7036    i.dmp_enable_gyro_cal  inv_mpu_dmp_motion_driver.o
    0x08003404   0x08003404   0x0000003c   Code   RO         7037    i.dmp_enable_lp_quat  inv_mpu_dmp_motion_driver.o
    0x08003440   0x08003440   0x00000018   Code   RO         7042    i.dmp_load_motion_driver_firmware  inv_mpu_dmp_motion_driver.o
    0x08003458   0x08003458   0x000001cc   Code   RO         7043    i.dmp_read_fifo     inv_mpu_dmp_motion_driver.o
    0x08003624   0x08003624   0x00000070   Code   RO         7047    i.dmp_set_fifo_rate  inv_mpu_dmp_motion_driver.o
    0x08003694   0x08003694   0x00000138   Code   RO         7050    i.dmp_set_orientation  inv_mpu_dmp_motion_driver.o
    0x080037cc   0x080037cc   0x00000038   Code   RO         7053    i.dmp_set_shake_reject_thresh  inv_mpu_dmp_motion_driver.o
    0x08003804   0x08003804   0x00000026   Code   RO         7054    i.dmp_set_shake_reject_time  inv_mpu_dmp_motion_driver.o
    0x0800382a   0x0800382a   0x00000026   Code   RO         7055    i.dmp_set_shake_reject_timeout  inv_mpu_dmp_motion_driver.o
    0x08003850   0x08003850   0x00000046   Code   RO         7056    i.dmp_set_tap_axes  inv_mpu_dmp_motion_driver.o
    0x08003896   0x08003896   0x00000026   Code   RO         7057    i.dmp_set_tap_count  inv_mpu_dmp_motion_driver.o
    0x080038bc   0x080038bc   0x000001c0   Code   RO         7058    i.dmp_set_tap_thresh  inv_mpu_dmp_motion_driver.o
    0x08003a7c   0x08003a7c   0x00000026   Code   RO         7059    i.dmp_set_tap_time  inv_mpu_dmp_motion_driver.o
    0x08003aa2   0x08003aa2   0x00000026   Code   RO         7060    i.dmp_set_tap_time_multi  inv_mpu_dmp_motion_driver.o
    0x08003ac8   0x08003ac8   0x00000018   Code   RO         7620    i.fabs              m_wm.l(fabs.o)
    0x08003ae0   0x08003ae0   0x00000024   Code   RO         5412    i.fputc             usart_printf.o
    0x08003b04   0x08003b04   0x00000050   Code   RO         7550    i.free              mc_w.l(malloc.o)
    0x08003b54   0x08003b54   0x000000a4   Code   RO         5604    i.i2c_init          ssd1306.o
    0x08003bf8   0x08003bf8   0x0000007c   Code   RO         5605    i.i2c_send          ssd1306.o
    0x08003c74   0x08003c74   0x00000028   Code   RO         6691    i.inv_orientation_matrix_to_scalar  inv_mpu.o
    0x08003c9c   0x08003c9c   0x0000004e   Code   RO         6692    i.inv_row_2_scale   inv_mpu.o
    0x08003cea   0x08003cea   0x00000002   PAD
    0x08003cec   0x08003cec   0x0000005c   Code   RO         5190    i.main              main.o
    0x08003d48   0x08003d48   0x0000006c   Code   RO         7551    i.malloc            mc_w.l(malloc.o)
    0x08003db4   0x08003db4   0x00000002   Code   RO         6693    i.mget_ms           inv_mpu.o
    0x08003db6   0x08003db6   0x00000002   PAD
    0x08003db8   0x08003db8   0x0000009c   Code   RO         5509    i.mpu6050_getdata   mpu6050__.o
    0x08003e54   0x08003e54   0x00000070   Code   RO         6694    i.mpu_configure_fifo  inv_mpu.o
    0x08003ec4   0x08003ec4   0x000001ec   Code   RO         6695    i.mpu_dmp_get_data  inv_mpu.o
    0x080040b0   0x080040b0   0x000001d4   Code   RO         6696    i.mpu_dmp_init      inv_mpu.o
    0x08004284   0x08004284   0x0000004c   Code   RO         6697    i.mpu_get_accel_fsr  inv_mpu.o
    0x080042d0   0x080042d0   0x000001f0   Code   RO         6713    i.mpu_init          inv_mpu.o
    0x080044c0   0x080044c0   0x000000b8   Code   RO         6714    i.mpu_load_firmware  inv_mpu.o
    0x08004578   0x08004578   0x000000e0   Code   RO         6715    i.mpu_lp_accel_mode  inv_mpu.o
    0x08004658   0x08004658   0x000000c0   Code   RO         6718    i.mpu_read_fifo_stream  inv_mpu.o
    0x08004718   0x08004718   0x00000080   Code   RO         6719    i.mpu_read_mem      inv_mpu.o
    0x08004798   0x08004798   0x000001c8   Code   RO         6722    i.mpu_reset_fifo    inv_mpu.o
    0x08004960   0x08004960   0x00000084   Code   RO         6725    i.mpu_set_accel_fsr  inv_mpu.o
    0x080049e4   0x080049e4   0x0000014c   Code   RO         6726    i.mpu_set_bypass    inv_mpu.o
    0x08004b30   0x08004b30   0x00000090   Code   RO         6728    i.mpu_set_dmp_state  inv_mpu.o
    0x08004bc0   0x08004bc0   0x00000088   Code   RO         6729    i.mpu_set_gyro_fsr  inv_mpu.o
    0x08004c48   0x08004c48   0x0000006c   Code   RO         6730    i.mpu_set_int_latched  inv_mpu.o
    0x08004cb4   0x08004cb4   0x00000084   Code   RO         6732    i.mpu_set_lpf       inv_mpu.o
    0x08004d38   0x08004d38   0x0000009c   Code   RO         6733    i.mpu_set_sample_rate  inv_mpu.o
    0x08004dd4   0x08004dd4   0x000000d0   Code   RO         6734    i.mpu_set_sensors   inv_mpu.o
    0x08004ea4   0x08004ea4   0x00000080   Code   RO         6735    i.mpu_write_mem     inv_mpu.o
    0x08004f24   0x08004f24   0x0000016c   Code   RO         5608    i.oled_tar_display  ssd1306.o
    0x08005090   0x08005090   0x00000066   Code   RO         5609    i.oled_tar_display_page  ssd1306.o
    0x080050f6   0x080050f6   0x00000002   PAD
    0x080050f8   0x080050f8   0x00000098   Code   RO         6045    i.prvAddCurrentTaskToDelayedList  tasks.o
    0x08005190   0x08005190   0x000000b8   Code   RO         6046    i.prvAddNewTaskToReadyList  tasks.o
    0x08005248   0x08005248   0x00000064   Code   RO         6382    i.prvCheckForValidListAndQueue  timers.o
    0x080052ac   0x080052ac   0x00000064   Code   RO         6047    i.prvCheckTasksWaitingTermination  tasks.o
    0x08005310   0x08005310   0x0000002a   Code   RO         5844    i.prvCopyDataFromQueue  queue.o
    0x0800533a   0x0800533a   0x0000007c   Code   RO         5845    i.prvCopyDataToQueue  queue.o
    0x080053b6   0x080053b6   0x00000012   Code   RO         6048    i.prvDeleteTCB      tasks.o
    0x080053c8   0x080053c8   0x00000028   Code   RO         6383    i.prvGetNextExpireTime  timers.o
    0x080053f0   0x080053f0   0x0000007c   Code   RO         6589    i.prvHeapInit       heap_4.o
    0x0800546c   0x0800546c   0x00000028   Code   RO         6049    i.prvIdleTask       tasks.o
    0x08005494   0x08005494   0x0000002a   Code   RO         5847    i.prvInitialiseNewQueue  queue.o
    0x080054be   0x080054be   0x000000b4   Code   RO         6050    i.prvInitialiseNewTask  tasks.o
    0x08005572   0x08005572   0x00000002   PAD
    0x08005574   0x08005574   0x00000068   Code   RO         6051    i.prvInitialiseTaskLists  tasks.o
    0x080055dc   0x080055dc   0x00000068   Code   RO         6590    i.prvInsertBlockIntoFreeList  heap_4.o
    0x08005644   0x08005644   0x00000058   Code   RO         6385    i.prvInsertTimerInActiveList  timers.o
    0x0800569c   0x0800569c   0x0000001a   Code   RO         5848    i.prvIsQueueEmpty   queue.o
    0x080056b6   0x080056b6   0x0000001e   Code   RO         5849    i.prvIsQueueFull    queue.o
    0x080056d4   0x080056d4   0x00000064   Code   RO         6386    i.prvProcessExpiredTimer  timers.o
    0x08005738   0x08005738   0x000000f8   Code   RO         6387    i.prvProcessReceivedCommands  timers.o
    0x08005830   0x08005830   0x00000074   Code   RO         6388    i.prvProcessTimerOrBlockTask  timers.o
    0x080058a4   0x080058a4   0x00000034   Code   RO         6053    i.prvResetNextTaskUnblockTime  tasks.o
    0x080058d8   0x080058d8   0x0000002c   Code   RO         6389    i.prvSampleTimeNow  timers.o
    0x08005904   0x08005904   0x000000a0   Code   RO         6390    i.prvSwitchTimerLists  timers.o
    0x080059a4   0x080059a4   0x00000040   Code   RO         6514    i.prvTaskExitError  port.o
    0x080059e4   0x080059e4   0x0000001a   Code   RO         6391    i.prvTimerTask      timers.o
    0x080059fe   0x080059fe   0x0000007e   Code   RO         5850    i.prvUnlockQueue    queue.o
    0x08005a7c   0x08005a7c   0x0000013c   Code   RO         6591    i.pvPortMalloc      heap_4.o
    0x08005bb8   0x08005bb8   0x00000020   Code   RO         6056    i.pvTaskIncrementMutexHeldCount  tasks.o
    0x08005bd8   0x08005bd8   0x0000002c   Code   RO         6515    i.pxPortInitialiseStack  port.o
    0x08005c04   0x08005c04   0x00000090   Code   RO         6737    i.set_int_enable    inv_mpu.o
    0x08005c94   0x08005c94   0x0000006e   Code   RO         7645    i.sqrt              m_wm.l(sqrt.o)
    0x08005d02   0x08005d02   0x000000f4   Code   RO         5610    i.ssd1306_init      ssd1306.o
    0x08005df6   0x08005df6   0x00000028   Code   RO         5807    i.uxListRemove      list.o
    0x08005e1e   0x08005e1e   0x0000001a   Code   RO         5808    i.vListInitialise   list.o
    0x08005e38   0x08005e38   0x00000006   Code   RO         5809    i.vListInitialiseItem  list.o
    0x08005e3e   0x08005e3e   0x00000034   Code   RO         5810    i.vListInsert       list.o
    0x08005e72   0x08005e72   0x00000018   Code   RO         5811    i.vListInsertEnd    list.o
    0x08005e8a   0x08005e8a   0x00000002   PAD
    0x08005e8c   0x08005e8c   0x00000054   Code   RO         6517    i.vPortEnterCritical  port.o
    0x08005ee0   0x08005ee0   0x0000003c   Code   RO         6518    i.vPortExitCritical  port.o
    0x08005f1c   0x08005f1c   0x00000094   Code   RO         6592    i.vPortFree         heap_4.o
    0x08005fb0   0x08005fb0   0x00000020   Code   RO         6519    i.vPortSetupTimerInterrupt  port.o
    0x08005fd0   0x08005fd0   0x00000078   Code   RO         6520    i.vPortValidateInterruptPriority  port.o
    0x08006048   0x08006048   0x0000002c   Code   RO         5856    i.vQueueAddToRegistry  queue.o
    0x08006074   0x08006074   0x0000004a   Code   RO         5860    i.vQueueWaitForMessageRestricted  queue.o
    0x080060be   0x080060be   0x00000002   PAD
    0x080060c0   0x080060c0   0x0000005c   Code   RO         6064    i.vTaskDelay        tasks.o
    0x0800611c   0x0800611c   0x000000f4   Code   RO         6066    i.vTaskDelete       tasks.o
    0x08006210   0x08006210   0x0000000c   Code   RO         6069    i.vTaskMissedYield  tasks.o
    0x0800621c   0x0800621c   0x00000038   Code   RO         6071    i.vTaskPlaceOnEventList  tasks.o
    0x08006254   0x08006254   0x00000040   Code   RO         6072    i.vTaskPlaceOnEventListRestricted  tasks.o
    0x08006294   0x08006294   0x000000b0   Code   RO         6074    i.vTaskPriorityInherit  tasks.o
    0x08006344   0x08006344   0x00000030   Code   RO         6078    i.vTaskSetTimeOutState  tasks.o
    0x08006374   0x08006374   0x00000094   Code   RO         6079    i.vTaskStartScheduler  tasks.o
    0x08006408   0x08006408   0x00000010   Code   RO         6081    i.vTaskSuspendAll   tasks.o
    0x08006418   0x08006418   0x0000008c   Code   RO         6082    i.vTaskSwitchContext  tasks.o
    0x080064a4   0x080064a4   0x00000044   Code   RO         5569    i.watchdog_init     watchdog.o
    0x080064e8   0x080064e8   0x00000008   Code   RO         5570    i.watchdog_reload   watchdog.o
    0x080064f0   0x080064f0   0x0000013c   Code   RO         6521    i.xPortStartScheduler  port.o
    0x0800662c   0x0800662c   0x00000058   Code   RO         5863    i.xQueueGenericCreate  queue.o
    0x08006684   0x08006684   0x000001c4   Code   RO         5864    i.xQueueGenericReceive  queue.o
    0x08006848   0x08006848   0x00000098   Code   RO         5865    i.xQueueGenericReset  queue.o
    0x080068e0   0x080068e0   0x000001a8   Code   RO         5866    i.xQueueGenericSend  queue.o
    0x08006a88   0x08006a88   0x000000f8   Code   RO         5867    i.xQueueGenericSendFromISR  queue.o
    0x08006b80   0x08006b80   0x0000008c   Code   RO         6083    i.xTaskCheckForTimeOut  tasks.o
    0x08006c0c   0x08006c0c   0x00000060   Code   RO         6084    i.xTaskCreate       tasks.o
    0x08006c6c   0x08006c6c   0x00000020   Code   RO         6088    i.xTaskGetSchedulerState  tasks.o
    0x08006c8c   0x08006c8c   0x0000000c   Code   RO         6089    i.xTaskGetTickCount  tasks.o
    0x08006c98   0x08006c98   0x00000148   Code   RO         6091    i.xTaskIncrementTick  tasks.o
    0x08006de0   0x08006de0   0x000000c8   Code   RO         6094    i.xTaskPriorityDisinherit  tasks.o
    0x08006ea8   0x08006ea8   0x00000098   Code   RO         6095    i.xTaskRemoveFromEventList  tasks.o
    0x08006f40   0x08006f40   0x00000104   Code   RO         6097    i.xTaskResumeAll    tasks.o
    0x08007044   0x08007044   0x00000058   Code   RO         6395    i.xTimerCreateTimerTask  timers.o
    0x0800709c   0x0800709c   0x00000084   Code   RO         6396    i.xTimerGenericCommand  timers.o
    0x08007120   0x08007120   0x00000050   Data   RO         6739    .constdata          inv_mpu.o
    0x08007170   0x08007170   0x00000bf6   Data   RO         7062    .constdata          inv_mpu_dmp_motion_driver.o
    0x08007d66   0x08007d66   0x00000002   PAD
    0x08007d68   0x08007d68   0x00000050   Data   RO         7227    .constdata          m_wm.l(asin.o)
    0x08007db8   0x08007db8   0x00000098   Data   RO         7593    .constdata          m_wm.l(atan.o)
    0x08007e50   0x08007e50   0x00000008   Data   RO         7642    .constdata          m_wm.l(qnan.o)
    0x08007e58   0x08007e58   0x0000004d   Data   RO         6740    .conststring        inv_mpu.o
    0x08007ea5   0x08007ea5   0x00000003   PAD
    0x08007ea8   0x08007ea8   0x00000020   Data   RO         7712    Region$$Table       anon$$obj.o


    Execution Region RW_IRAM1 (Exec base: 0x20000000, Load base: 0x08007ec8, Size: 0x00013a50, Max: 0x00030000, ABSOLUTE, COMPRESSED[0x00000180])

    Exec Addr    Load Addr    Size         Type   Attr      Idx    E Section Name        Object

    0x20000000   COMPRESSED   0x00000010   Data   RW         3035    .data               stm32f4xx_rcc.o
    0x20000010   COMPRESSED   0x00000014   Data   RW         5335    .data               system_stm32f4xx.o
    0x20000024   COMPRESSED   0x00000002   Data   RW         5376    .data               uart.o
    0x20000026   COMPRESSED   0x00000002   PAD
    0x20000028   COMPRESSED   0x00000004   Data   RW         5443    .data               my_delaytime.o
    0x2000002c   COMPRESSED   0x00000018   Data   RW         5510    .data               mpu6050__.o
    0x20000044   COMPRESSED   0x000004f2   Data   RW         5612    .data               ssd1306.o
    0x20000536   COMPRESSED   0x00000002   PAD
    0x20000538   COMPRESSED   0x0000003c   Data   RW         6100    .data               tasks.o
    0x20000574   COMPRESSED   0x00000014   Data   RW         6402    .data               timers.o
    0x20000588   COMPRESSED   0x0000000c   Data   RW         6522    .data               port.o
    0x20000594   COMPRESSED   0x00000018   Data   RW         6597    .data               heap_4.o
    0x200005ac   COMPRESSED   0x000000e0   Data   RW         6645    .data               task_test.o
    0x2000068c   COMPRESSED   0x00000035   Data   RW         6741    .data               inv_mpu.o
    0x200006c1   COMPRESSED   0x00000003   PAD
    0x200006c4   COMPRESSED   0x00000004   Data   RW         7671    .data               mc_w.l(stdout.o)
    0x200006c8   COMPRESSED   0x00000004   Data   RW         7682    .data               mc_w.l(mvars.o)
    0x200006cc   COMPRESSED   0x00000004   Data   RW         7683    .data               mc_w.l(mvars.o)
    0x200006d0   COMPRESSED   0x00000004   Data   RW         7687    .data               mc_w.l(errno.o)
    0x200006d4        -       0x00000020   Zero   RW         5611    .bss                ssd1306.o
    0x200006f4        -       0x00000040   Zero   RW         5875    .bss                queue.o
    0x20000734        -       0x000000c8   Zero   RW         6099    .bss                tasks.o
    0x200007fc        -       0x00000028   Zero   RW         6401    .bss                timers.o
    0x20000824        -       0x00012c00   Zero   RW         6596    .bss                heap_4.o
    0x20013424        -       0x00000018   Zero   RW         6644    .bss                task_test.o
    0x2001343c        -       0x00000010   Zero   RW         7061    .bss                inv_mpu_dmp_motion_driver.o
    0x2001344c   COMPRESSED   0x00000004   PAD
    0x20013450        -       0x00000200   Zero   RW            2    HEAP                startup_stm32f429_439xx.o
    0x20013650        -       0x00000400   Zero   RW            1    STACK               startup_stm32f429_439xx.o


==============================================================================

Image component sizes


      Code (inc. data)   RO Data    RW Data    ZI Data      Debug   Object Name

         0          0          0          0          0      11868   event_groups.o
       692         62          0         24      76800       4479   heap_4.o
      4568        452        157         53          0      22030   inv_mpu.o
      2520        124       3062          0         16      19061   inv_mpu_dmp_motion_driver.o
       148          0          0          0          0       3298   list.o
        92         36          0          0          0      10611   main.o
       120         14          0          0          0     319352   misc.o
       700         66          0         24          0       3836   mpu6050__.o
       144         14          0          4          0       1292   my_delaytime.o
       954         92          0         12          0      11557   port.o
      1872         22          0          0         64      16189   queue.o
      2014        166          0       1266         32       8375   ssd1306.o
        36          8        428          0       1536        884   startup_stm32f429_439xx.o
       454         26          0          0          0       3122   stm32f4xx_dma.o
       214          0          0          0          0       1803   stm32f4xx_gpio.o
       480         14          0          0          0       7377   stm32f4xx_i2c.o
        20          0          0          0          0       2809   stm32f4xx_it.o
        68         30          0          0          0       2630   stm32f4xx_iwdg.o
       404         46          0         16          0       5952   stm32f4xx_rcc.o
       190         28          0          0          0       3180   stm32f4xx_tim.o
       394          8          0          0          0       5362   stm32f4xx_usart.o
       392         32          0         20          0       1833   system_stm32f4xx.o
       424        176          0        224         24       1999   task_test.o
      3078        410          0         60        200      23547   tasks.o
      1142        118          0         20         40      17515   timers.o
       200         20          0          2          0       1405   uart.o
        36          4          0          0          0       1828   usart_printf.o
        76          0          0          0          0       1046   watchdog.o

    ----------------------------------------------------------------------
     21460       1968       3684       1732      78716     514240   Object Totals
         0          0         32          0          0          0   (incl. Generated)
        28          0          5          7          4          0   (incl. Padding)

    ----------------------------------------------------------------------

      Code (inc. data)   RO Data    RW Data    ZI Data      Debug   Library Member Name

       864         94         80          0          0        280   asin.o
       744        106        152          0          0        352   atan.o
       512         64          0          0          0        208   atan2.o
       104         16          0          0          0        496   dunder.o
        24          0          0          0          0        124   fabs.o
        48          0          0          0          0        124   fpclassify.o
       248          0          0          0          0        152   poly.o
         0          0          8          0          0          0   qnan.o
       110          0          0          0          0        148   sqrt.o
        86          0          0          0          0          0   __dczerorl2.o
         0          0          0          0          0          0   entry.o
         0          0          0          0          0          0   entry10a.o
         0          0          0          0          0          0   entry11a.o
         4          0          0          0          0          0   entry12b.o
         8          4          0          0          0          0   entry2.o
         4          0          0          0          0          0   entry5.o
         0          0          0          0          0          0   entry7b.o
         0          0          0          0          0          0   entry8b.o
         8          4          0          0          0          0   entry9a.o
        12          6          0          4          0         68   errno.o
        30          0          0          0          0          0   handlers.o
        36          8          0          0          0         68   init.o
         0          0          0          0          0          0   iusefp.o
        30          0          0          0          0         68   llshl.o
        36          0          0          0          0         68   llsshr.o
        32          0          0          0          0         68   llushr.o
       188         20          0          0          0        160   malloc.o
        26          0          0          0          0         80   memcmp.o
        36          0          0          0          0         68   memcpya.o
        36          0          0          0          0        108   memseta.o
         0          0          0          8          0          0   mvars.o
      2218         90          0          0          0        464   printfa.o
         0          0          0          4          0          0   stdout.o
        44          0          0          0          0         80   uidiv.o
        98          0          0          0          0         92   uldiv.o
        48          0          0          0          0         68   cdcmple.o
        48          0          0          0          0         68   cdrcmple.o
        56          0          0          0          0         88   d2f.o
       334          0          0          0          0        148   dadd.o
       222          0          0          0          0        100   ddiv.o
       186          0          0          0          0        176   depilogue.o
        48          0          0          0          0         68   dfixul.o
       228          0          0          0          0         96   dmul.o
       162          0          0          0          0        100   dsqrt.o
        38          0          0          0          0         68   f2d.o
       110          0          0          0          0        168   fepilogue.o

    ----------------------------------------------------------------------
      7072        412        240         16          0       4424   Library Totals
         6          0          0          0          0          0   (incl. Padding)

    ----------------------------------------------------------------------

      Code (inc. data)   RO Data    RW Data    ZI Data      Debug   Library Name

      2654        280        240          0          0       1884   m_wm.l
      2932        132          0         16          0       1392   mc_w.l
      1480          0          0          0          0       1148   mf_w.l

    ----------------------------------------------------------------------
      7072        412        240         16          0       4424   Library Totals

    ----------------------------------------------------------------------

==============================================================================


      Code (inc. data)   RO Data    RW Data    ZI Data      Debug   

     28532       2380       3924       1748      78716     499048   Grand Totals
     28532       2380       3924        384      78716     499048   ELF Image Totals (compressed)
     28532       2380       3924        384          0          0   ROM Totals

==============================================================================

    Total RO  Size (Code + RO Data)                32456 (  31.70kB)
    Total RW  Size (RW Data + ZI Data)             80464 (  78.58kB)
    Total ROM Size (Code + RO Data + RW Data)      32840 (  32.07kB)

==============================================================================

