Component: ARM Compiler 5.06 update 7 (build 960) Tool: armlink [4d3601]

==============================================================================

Section Cross References

    startup_stm32f429_439xx.o(RESET) refers to startup_stm32f429_439xx.o(STACK) for __initial_sp
    startup_stm32f429_439xx.o(RESET) refers to startup_stm32f429_439xx.o(.text) for Reset_Handler
    startup_stm32f429_439xx.o(RESET) refers to stm32f4xx_it.o(i.NMI_Handler) for NMI_Handler
    startup_stm32f429_439xx.o(RESET) refers to stm32f4xx_it.o(i.HardFault_Handler) for HardFault_Handler
    startup_stm32f429_439xx.o(RESET) refers to stm32f4xx_it.o(i.MemManage_Handler) for MemManage_Handler
    startup_stm32f429_439xx.o(RESET) refers to stm32f4xx_it.o(i.BusFault_Handler) for BusFault_Handler
    startup_stm32f429_439xx.o(RESET) refers to stm32f4xx_it.o(i.UsageFault_Handler) for UsageFault_Handler
    startup_stm32f429_439xx.o(RESET) refers to port.o(.emb_text) for SVC_Handler
    startup_stm32f429_439xx.o(RESET) refers to stm32f4xx_it.o(i.DebugMon_Handler) for DebugMon_Handler
    startup_stm32f429_439xx.o(RESET) refers to port.o(i.SysTick_Handler) for SysTick_Handler
    startup_stm32f429_439xx.o(RESET) refers to key.o(i.EXTI0_IRQHandler) for EXTI0_IRQHandler
    startup_stm32f429_439xx.o(RESET) refers to uart.o(i.USART1_IRQHandler) for USART1_IRQHandler
    startup_stm32f429_439xx.o(RESET) refers to hc05.o(i.USART2_IRQHandler) for USART2_IRQHandler
    startup_stm32f429_439xx.o(RESET) refers to my_delaytime.o(i.TIM6_DAC_IRQHandler) for TIM6_DAC_IRQHandler
    startup_stm32f429_439xx.o(.text) refers to system_stm32f4xx.o(i.SystemInit) for SystemInit
    startup_stm32f429_439xx.o(.text) refers to entry.o(.ARM.Collect$$$$00000000) for __main
    stm32f4xx_adc.o(i.ADC_DeInit) refers to stm32f4xx_rcc.o(i.RCC_APB2PeriphResetCmd) for RCC_APB2PeriphResetCmd
    stm32f4xx_can.o(i.CAN_DeInit) refers to stm32f4xx_rcc.o(i.RCC_APB1PeriphResetCmd) for RCC_APB1PeriphResetCmd
    stm32f4xx_can.o(i.CAN_GetITStatus) refers to stm32f4xx_can.o(i.CheckITStatus) for CheckITStatus
    stm32f4xx_cryp.o(i.CRYP_DeInit) refers to stm32f4xx_rcc.o(i.RCC_AHB2PeriphResetCmd) for RCC_AHB2PeriphResetCmd
    stm32f4xx_cryp_aes.o(i.CRYP_AES_CBC) refers to stm32f4xx_cryp.o(i.CRYP_KeyStructInit) for CRYP_KeyStructInit
    stm32f4xx_cryp_aes.o(i.CRYP_AES_CBC) refers to stm32f4xx_cryp.o(i.CRYP_FIFOFlush) for CRYP_FIFOFlush
    stm32f4xx_cryp_aes.o(i.CRYP_AES_CBC) refers to stm32f4xx_cryp.o(i.CRYP_Init) for CRYP_Init
    stm32f4xx_cryp_aes.o(i.CRYP_AES_CBC) refers to stm32f4xx_cryp.o(i.CRYP_KeyInit) for CRYP_KeyInit
    stm32f4xx_cryp_aes.o(i.CRYP_AES_CBC) refers to stm32f4xx_cryp.o(i.CRYP_Cmd) for CRYP_Cmd
    stm32f4xx_cryp_aes.o(i.CRYP_AES_CBC) refers to stm32f4xx_cryp.o(i.CRYP_GetFlagStatus) for CRYP_GetFlagStatus
    stm32f4xx_cryp_aes.o(i.CRYP_AES_CBC) refers to stm32f4xx_cryp.o(i.CRYP_IVInit) for CRYP_IVInit
    stm32f4xx_cryp_aes.o(i.CRYP_AES_CBC) refers to stm32f4xx_cryp.o(i.CRYP_GetCmdStatus) for CRYP_GetCmdStatus
    stm32f4xx_cryp_aes.o(i.CRYP_AES_CBC) refers to stm32f4xx_cryp.o(i.CRYP_DataIn) for CRYP_DataIn
    stm32f4xx_cryp_aes.o(i.CRYP_AES_CBC) refers to stm32f4xx_cryp.o(i.CRYP_DataOut) for CRYP_DataOut
    stm32f4xx_cryp_aes.o(i.CRYP_AES_CCM) refers to stm32f4xx_cryp.o(i.CRYP_KeyStructInit) for CRYP_KeyStructInit
    stm32f4xx_cryp_aes.o(i.CRYP_AES_CCM) refers to stm32f4xx_cryp.o(i.CRYP_FIFOFlush) for CRYP_FIFOFlush
    stm32f4xx_cryp_aes.o(i.CRYP_AES_CCM) refers to stm32f4xx_cryp.o(i.CRYP_KeyInit) for CRYP_KeyInit
    stm32f4xx_cryp_aes.o(i.CRYP_AES_CCM) refers to stm32f4xx_cryp.o(i.CRYP_IVInit) for CRYP_IVInit
    stm32f4xx_cryp_aes.o(i.CRYP_AES_CCM) refers to stm32f4xx_cryp.o(i.CRYP_Init) for CRYP_Init
    stm32f4xx_cryp_aes.o(i.CRYP_AES_CCM) refers to stm32f4xx_cryp.o(i.CRYP_PhaseConfig) for CRYP_PhaseConfig
    stm32f4xx_cryp_aes.o(i.CRYP_AES_CCM) refers to stm32f4xx_cryp.o(i.CRYP_DataIn) for CRYP_DataIn
    stm32f4xx_cryp_aes.o(i.CRYP_AES_CCM) refers to stm32f4xx_cryp.o(i.CRYP_Cmd) for CRYP_Cmd
    stm32f4xx_cryp_aes.o(i.CRYP_AES_CCM) refers to stm32f4xx_cryp.o(i.CRYP_GetCmdStatus) for CRYP_GetCmdStatus
    stm32f4xx_cryp_aes.o(i.CRYP_AES_CCM) refers to stm32f4xx_cryp.o(i.CRYP_GetFlagStatus) for CRYP_GetFlagStatus
    stm32f4xx_cryp_aes.o(i.CRYP_AES_CCM) refers to stm32f4xx_cryp.o(i.CRYP_DataOut) for CRYP_DataOut
    stm32f4xx_cryp_aes.o(i.CRYP_AES_CTR) refers to stm32f4xx_cryp.o(i.CRYP_KeyStructInit) for CRYP_KeyStructInit
    stm32f4xx_cryp_aes.o(i.CRYP_AES_CTR) refers to stm32f4xx_cryp.o(i.CRYP_KeyInit) for CRYP_KeyInit
    stm32f4xx_cryp_aes.o(i.CRYP_AES_CTR) refers to stm32f4xx_cryp.o(i.CRYP_Init) for CRYP_Init
    stm32f4xx_cryp_aes.o(i.CRYP_AES_CTR) refers to stm32f4xx_cryp.o(i.CRYP_IVInit) for CRYP_IVInit
    stm32f4xx_cryp_aes.o(i.CRYP_AES_CTR) refers to stm32f4xx_cryp.o(i.CRYP_FIFOFlush) for CRYP_FIFOFlush
    stm32f4xx_cryp_aes.o(i.CRYP_AES_CTR) refers to stm32f4xx_cryp.o(i.CRYP_Cmd) for CRYP_Cmd
[...]
    i.vTaskSwitchContext                     0x08007888   Section        0  tasks.o(i.vTaskSwitchContext)
    i.watchdog_init                          0x08007914   Section        0  watchdog.o(i.watchdog_init)
    i.watchdog_reload                        0x08007958   Section        0  watchdog.o(i.watchdog_reload)
    i.xPortStartScheduler                    0x08007960   Section        0  port.o(i.xPortStartScheduler)
    i.xQueueGenericCreate                    0x08007a9c   Section        0  queue.o(i.xQueueGenericCreate)
    i.xQueueGenericReceive                   0x08007af4   Section        0  queue.o(i.xQueueGenericReceive)
    i.xQueueGenericReset                     0x08007cb8   Section        0  queue.o(i.xQueueGenericReset)
    i.xQueueGenericSend                      0x08007d50   Section        0  queue.o(i.xQueueGenericSend)
    i.xQueueGenericSendFromISR               0x08007ef8   Section        0  queue.o(i.xQueueGenericSendFromISR)
    i.xTaskCheckForTimeOut                   0x08007ff0   Section        0  tasks.o(i.xTaskCheckForTimeOut)
    i.xTaskCreate                            0x0800807c   Section        0  tasks.o(i.xTaskCreate)
    i.xTaskGetSchedulerState                 0x080080dc   Section        0  tasks.o(i.xTaskGetSchedulerState)
    i.xTaskGetTickCount                      0x080080fc   Section        0  tasks.o(i.xTaskGetTickCount)
    i.xTaskIncrementTick                     0x08008108   Section        0  tasks.o(i.xTaskIncrementTick)
    i.xTaskPriorityDisinherit                0x08008250   Section        0  tasks.o(i.xTaskPriorityDisinherit)
    i.xTaskRemoveFromEventList               0x08008318   Section        0  tasks.o(i.xTaskRemoveFromEventList)
    i.xTaskResumeAll                         0x080083b0   Section        0  tasks.o(i.xTaskResumeAll)
    i.xTimerCreateTimerTask                  0x080084b4   Section        0  timers.o(i.xTimerCreateTimerTask)
    i.xTimerGenericCommand                   0x0800850c   Section        0  timers.o(i.xTimerGenericCommand)
    .constdata                               0x08008590   Section       80  inv_mpu.o(.constdata)
    .constdata                               0x080085e0   Section     3062  inv_mpu_dmp_motion_driver.o(.constdata)
    dmp_memory                               0x080085e0   Data        3062  inv_mpu_dmp_motion_driver.o(.constdata)
    .constdata                               0x080091d8   Section       80  asin.o(.constdata)
    pS                                       0x080091d8   Data          48  asin.o(.constdata)
    qS                                       0x08009208   Data          32  asin.o(.constdata)
    .constdata                               0x08009228   Section      136  pow.o(.constdata)
    bp                                       0x08009228   Data          16  pow.o(.constdata)
    dp_h                                     0x08009238   Data          16  pow.o(.constdata)
    dp_l                                     0x08009248   Data          16  pow.o(.constdata)
    L                                        0x08009258   Data          48  pow.o(.constdata)
    P                                        0x08009288   Data          40  pow.o(.constdata)
    .constdata                               0x080092b0   Section      152  atan.o(.constdata)
    atanhi                                   0x080092b0   Data          32  atan.o(.constdata)
    atanlo                                   0x080092d0   Data          32  atan.o(.constdata)
    aTodd                                    0x080092f0   Data          40  atan.o(.constdata)
    aTeven                                   0x08009318   Data          48  atan.o(.constdata)
    .constdata                               0x08009348   Section       56  log.o(.constdata)
    Lg2                                      0x08009348   Data          24  log.o(.constdata)
    Lg                                       0x08009360   Data          32  log.o(.constdata)
    .constdata                               0x08009380   Section        8  qnan.o(.constdata)
    .conststring                             0x08009388   Section       77  inv_mpu.o(.conststring)
    .data                                    0x20000000   Section       16  stm32f4xx_rcc.o(.data)
    APBAHBPrescTable                         0x20000000   Data          16  stm32f4xx_rcc.o(.data)
    .data                                    0x20000010   Section       20  system_stm32f4xx.o(.data)
    .data                                    0x20000024   Section        2  uart.o(.data)
    .data                                    0x20000028   Section        4  my_delaytime.o(.data)
    n                                        0x20000028   Data           4  my_delaytime.o(.data)
    .data                                    0x2000002c   Section       16  mpu6050__.o(.data)
    yaw                                      0x2000002c   Data           4  mpu6050__.o(.data)
    xacc                                     0x20000030   Data           4  mpu6050__.o(.data)
    yacc                                     0x20000034   Data           4  mpu6050__.o(.data)
    zacc                                     0x20000038   Data           4  mpu6050__.o(.data)
    .data                                    0x2000003c   Section      244  ssd1306__.o(.data)
    circle_pic                               0x2000003c   Data          32  ssd1306__.o(.data)
    center_point                             0x2000005c   Data          32  ssd1306__.o(.data)
    number_word                              0x2000007c   Data         160  ssd1306__.o(.data)
    i                                        0x2000011c   Data           1  ssd1306__.o(.data)
    j                                        0x2000011d   Data           1  ssd1306__.o(.data)
    offset                                   0x2000011e   Data           1  ssd1306__.o(.data)
    pagestart_y                              0x2000011f   Data           1  ssd1306__.o(.data)
    pageend_y                                0x20000120   Data           1  ssd1306__.o(.data)
    ii                                       0x20000121   Data           1  ssd1306__.o(.data)
    i                                        0x20000122   Data           1  ssd1306__.o(.data)
    dig                                      0x20000123   Data           1  ssd1306__.o(.data)
    pow_                                     0x20000124   Data           2  ssd1306__.o(.data)
    offset                                   0x20000126   Data           1  ssd1306__.o(.data)
    pagestart_y                              0x20000127   Data           1  ssd1306__.o(.data)
    pageend_y                                0x20000128   Data           1  ssd1306__.o(.data)
    ii                                       0x20000129   Data           1  ssd1306__.o(.data)
    i                                        0x2000012a   Data           1  ssd1306__.o(.data)
    i                                        0x2000012b   Data           1  ssd1306__.o(.data)
    last_x                                   0x2000012c   Data           1  ssd1306__.o(.data)
    last_y                                   0x2000012d   Data           1  ssd1306__.o(.data)
    cur_x                                    0x2000012e   Data           1  ssd1306__.o(.data)
    cur_y                                    0x2000012f   Data           1  ssd1306__.o(.data)
    .data                                    0x20000130   Section        1  hc05.o(.data)
    .data                                    0x20000134   Section       60  tasks.o(.data)
    pxDelayedTaskList                        0x20000138   Data           4  tasks.o(.data)
    pxOverflowDelayedTaskList                0x2000013c   Data           4  tasks.o(.data)
    uxDeletedTasksWaitingCleanUp             0x20000140   Data           4  tasks.o(.data)
    uxCurrentNumberOfTasks                   0x20000144   Data           4  tasks.o(.data)
    xTickCount                               0x20000148   Data           4  tasks.o(.data)
    uxTopReadyPriority                       0x2000014c   Data           4  tasks.o(.data)
    xSchedulerRunning                        0x20000150   Data           4  tasks.o(.data)
    uxPendedTicks                            0x20000154   Data           4  tasks.o(.data)
    xYieldPending                            0x20000158   Data           4  tasks.o(.data)
    xNumOfOverflows                          0x2000015c   Data           4  tasks.o(.data)
    uxTaskNumber                             0x20000160   Data           4  tasks.o(.data)
    xNextTaskUnblockTime                     0x20000164   Data           4  tasks.o(.data)
    xIdleTaskHandle                          0x20000168   Data           4  tasks.o(.data)
    uxSchedulerSuspended                     0x2000016c   Data           4  tasks.o(.data)
    .data                                    0x20000170   Section       20  timers.o(.data)
    pxCurrentTimerList                       0x20000170   Data           4  timers.o(.data)
    pxOverflowTimerList                      0x20000174   Data           4  timers.o(.data)
    xTimerQueue                              0x20000178   Data           4  timers.o(.data)
    xTimerTaskHandle                         0x2000017c   Data           4  timers.o(.data)
    xLastTime                                0x20000180   Data           4  timers.o(.data)
    .data                                    0x20000184   Section       12  port.o(.data)
    uxCriticalNesting                        0x20000184   Data           4  port.o(.data)
    ucMaxSysCallPriority                     0x20000188   Data           1  port.o(.data)
    ulMaxPRIGROUPValue                       0x2000018c   Data           4  port.o(.data)
    .data                                    0x20000190   Section       24  heap_4.o(.data)
    xStart                                   0x20000190   Data           8  heap_4.o(.data)
    pxEnd                                    0x20000198   Data           4  heap_4.o(.data)
    xFreeBytesRemaining                      0x2000019c   Data           4  heap_4.o(.data)
    xMinimumEverFreeBytesRemaining           0x200001a0   Data           4  heap_4.o(.data)
    xBlockAllocatedBit                       0x200001a4   Data           4  heap_4.o(.data)
    .data                                    0x200001a8   Section      226  task_test.o(.data)
    circle_pic                               0x200001a8   Data          32  task_test.o(.data)
    center_point                             0x200001c8   Data          32  task_test.o(.data)
    number_word                              0x200001e8   Data         160  task_test.o(.data)
    i                                        0x20000289   Data           1  task_test.o(.data)
    .data                                    0x2000028c   Section       53  inv_mpu.o(.data)
    st                                       0x2000028c   Data          44  inv_mpu.o(.data)
    gyro_orientation                         0x200002b8   Data           9  inv_mpu.o(.data)
    .data                                    0x200002c4   Section        4  stdout.o(.data)
    .data                                    0x200002c8   Section        4  errno.o(.data)
    _errno                                   0x200002c8   Data           4  errno.o(.data)
    .bss                                     0x200002cc   Section     1024  ssd1306__.o(.bss)
    oled_buffer                              0x200002cc   Data        1024  ssd1306__.o(.bss)
    .bss                                     0x200006cc   Section       64  queue.o(.bss)
    .bss                                     0x2000070c   Section      200  tasks.o(.bss)
    pxReadyTasksLists                        0x2000070c   Data         100  tasks.o(.bss)
    xDelayedTaskList1                        0x20000770   Data          20  tasks.o(.bss)
    xDelayedTaskList2                        0x20000784   Data          20  tasks.o(.bss)
    xPendingReadyList                        0x20000798   Data          20  tasks.o(.bss)
    xTasksWaitingTermination                 0x200007ac   Data          20  tasks.o(.bss)
    xSuspendedTaskList                       0x200007c0   Data          20  tasks.o(.bss)
    .bss                                     0x200007d4   Section       40  timers.o(.bss)
    xActiveTimerList1                        0x200007d4   Data          20  timers.o(.bss)
    xActiveTimerList2                        0x200007e8   Data          20  timers.o(.bss)
    .bss                                     0x200007fc   Section    76800  heap_4.o(.bss)
    ucHeap                                   0x200007fc   Data       76800  heap_4.o(.bss)
    .bss                                     0x200133fc   Section       24  task_test.o(.bss)
    data                                     0x200133fc   Data          24  task_test.o(.bss)
    .bss                                     0x20013414   Section       16  inv_mpu_dmp_motion_driver.o(.bss)
    dmp                                      0x20013414   Data          16  inv_mpu_dmp_motion_driver.o(.bss)
    STACK                                    0x20013428   Section     1024  startup_stm32f429_439xx.o(STACK)

    Global Symbols

    Symbol Name                              Value     Ov Type        Size  Object(Section)

    BuildAttributes$$THM_ISAv4$E$P$D$K$B$S$7EM$VFPi3$EXTD16$VFPS$VFMA$PE$A:L22UL41UL21$X:L11$S22US41US21$IEEE1$IW$USESV6$~STKCKD$USESV7$~SHL$OTIME$ROPI$IEEEX$EBA8$MICROLIB$REQ8$PRES8$EABIv2 0x00000000   Number         0  anon$$obj.o ABSOLUTE
    __ARM_use_no_argv                        0x00000000   Number         0  main.o ABSOLUTE
    _printf_a                                0x00000000   Number         0  stubs.o ABSOLUTE
    _printf_c                                0x00000000   Number         0  stubs.o ABSOLUTE
    _printf_charcount                        0x00000000   Number         0  stubs.o ABSOLUTE
    _printf_d                                0x00000000   Number         0  stubs.o ABSOLUTE
    _printf_e                                0x00000000   Number         0  stubs.o ABSOLUTE
    _printf_f                                0x00000000   Number         0  stubs.o ABSOLUTE
    _printf_flags                            0x00000000   Number         0  stubs.o ABSOLUTE
    _printf_fp_dec                           0x00000000   Number         0  stubs.o ABSOLUTE
    _printf_fp_hex                           0x00000000   Number         0  stubs.o ABSOLUTE
    _printf_g                                0x00000000   Number         0  stubs.o ABSOLUTE
    _printf_i                                0x00000000   Number         0  stubs.o ABSOLUTE
    _printf_int_dec                          0x00000000   Number         0  stubs.o ABSOLUTE
    _printf_l                                0x00000000   Number         0  stubs.o ABSOLUTE
    _printf_lc                               0x00000000   Number         0  stubs.o ABSOLUTE
    _printf_ll                               0x00000000   Number         0  stubs.o ABSOLUTE
    _printf_lld                              0x00000000   Number         0  stubs.o ABSOLUTE
    _printf_lli                              0x00000000   Number         0  stubs.o ABSOLUTE
    _printf_llo                              0x00000000   Number         0  stubs.o ABSOLUTE
    _printf_llu                              0x00000000   Number         0  stubs.o ABSOLUTE
    _printf_llx                              0x00000000   Number         0  stubs.o ABSOLUTE
    _printf_longlong_dec                     0x00000000   Number         0  stubs.o ABSOLUTE
    _printf_longlong_hex                     0x00000000   Number         0  stubs.o ABSOLUTE
    _printf_longlong_oct                     0x00000000   Number         0  stubs.o ABSOLUTE
    _printf_ls                               0x00000000   Number         0  stubs.o ABSOLUTE
    _printf_mbtowc                           0x00000000   Number         0  stubs.o ABSOLUTE
    _printf_n                                0x00000000   Number         0  stubs.o ABSOLUTE
    _printf_o                                0x00000000   Number         0  stubs.o ABSOLUTE
    _printf_p                                0x00000000   Number         0  stubs.o ABSOLUTE
    _printf_percent                          0x00000000   Number         0  stubs.o ABSOLUTE
    _printf_pre_padding                      0x00000000   Number         0  stubs.o ABSOLUTE
    _printf_return_value                     0x00000000   Number         0  stubs.o ABSOLUTE
    _printf_s                                0x00000000   Number         0  stubs.o ABSOLUTE
    _printf_sizespec                         0x00000000   Number         0  stubs.o ABSOLUTE
    _printf_str                              0x00000000   Number         0  stubs.o ABSOLUTE
    _printf_truncate_signed                  0x00000000   Number         0  stubs.o ABSOLUTE
    _printf_truncate_unsigned                0x00000000   Number         0  stubs.o ABSOLUTE
    _printf_u                                0x00000000   Number         0  stubs.o ABSOLUTE
    _printf_wc                               0x00000000   Number         0  stubs.o ABSOLUTE
    _printf_wctomb                           0x00000000   Number         0  stubs.o ABSOLUTE
    _printf_widthprec                        0x00000000   Number         0  stubs.o ABSOLUTE
    _printf_x                                0x00000000   Number         0  stubs.o ABSOLUTE
    __arm_fini_                               - Undefined Weak Reference
    __cpp_initialize__aeabi_                  - Undefined Weak Reference
    __cxa_finalize                            - Undefined Weak Reference
    _clock_init                               - Undefined Weak Reference
    _microlib_exit                            - Undefined Weak Reference
    __Vectors_Size                           0x000001ac   Number         0  startup_stm32f429_439xx.o ABSOLUTE
    __Vectors                                0x08000000   Data           4  startup_stm32f429_439xx.o(RESET)
    __Vectors_End                            0x080001ac   Data           0  startup_stm32f429_439xx.o(RESET)
    __main                                   0x080001ad   Thumb Code     0  entry.o(.ARM.Collect$$$$00000000)
    _main_stk                                0x080001ad   Thumb Code     0  entry2.o(.ARM.Collect$$$$00000001)
    _main_scatterload                        0x080001b1   Thumb Code     0  entry5.o(.ARM.Collect$$$$00000004)
    __main_after_scatterload                 0x080001b5   Thumb Code     0  entry5.o(.ARM.Collect$$$$00000004)
    _main_clock                              0x080001b5   Thumb Code     0  entry7b.o(.ARM.Collect$$$$00000008)
    _main_cpp_init                           0x080001b5   Thumb Code     0  entry8b.o(.ARM.Collect$$$$0000000A)
    _main_init                               0x080001b5   Thumb Code     0  entry9a.o(.ARM.Collect$$$$0000000B)
    __rt_lib_shutdown_fini                   0x080001bd   Thumb Code     0  entry12b.o(.ARM.Collect$$$$0000000E)
    __rt_final_cpp                           0x080001c1   Thumb Code     0  entry10a.o(.ARM.Collect$$$$0000000F)
    __rt_final_exit                          0x080001c1   Thumb Code     0  entry11a.o(.ARM.Collect$$$$00000011)
    SVC_Handler                              0x080001c5   Thumb Code    28  port.o(.emb_text)
    __asm___6_port_c_39a90d8d__prvStartFirstTask 0x080001e5   Thumb Code    28  port.o(.emb_text)
    __asm___6_port_c_39a90d8d__prvEnableVFP  0x08000205   Thumb Code    16  port.o(.emb_text)
    PendSV_Handler                           0x08000219   Thumb Code    88  port.o(.emb_text)
    vPortGetIPSR                             0x08000275   Thumb Code     6  port.o(.emb_text)
    Reset_Handler                            0x0800027d   Thumb Code     8  startup_stm32f429_439xx.o(.text)
    ADC_IRQHandler                           0x08000297   Thumb Code     0  startup_stm32f429_439xx.o(.text)
    CAN1_RX0_IRQHandler                      0x08000297   Thumb Code     0  startup_stm32f429_439xx.o(.text)
    CAN1_RX1_IRQHandler                      0x08000297   Thumb Code     0  startup_stm32f429_439xx.o(.text)
    CAN1_SCE_IRQHandler                      0x08000297   Thumb Code     0  startup_stm32f429_439xx.o(.text)
    CAN1_TX_IRQHandler                       0x08000297   Thumb Code     0  startup_stm32f429_439xx.o(.text)
    CAN2_RX0_IRQHandler                      0x08000297   Thumb Code     0  startup_stm32f429_439xx.o(.text)
    CAN2_RX1_IRQHandler                      0x08000297   Thumb Code     0  startup_stm32f429_439xx.o(.text)
    CAN2_SCE_IRQHandler                      0x08000297   Thumb Code     0  startup_stm32f429_439xx.o(.text)
    CAN2_TX_IRQHandler                       0x08000297   Thumb Code     0  startup_stm32f429_439xx.o(.text)
    CRYP_IRQHandler                          0x08000297   Thumb Code     0  startup_stm32f429_439xx.o(.text)
    DCMI_IRQHandler                          0x08000297   Thumb Code     0  startup_stm32f429_439xx.o(.text)
    DMA1_Stream0_IRQHandler                  0x08000297   Thumb Code     0  startup_stm32f429_439xx.o(.text)
    DMA1_Stream1_IRQHandler                  0x08000297   Thumb Code     0  startup_stm32f429_439xx.o(.text)
    DMA1_Stream2_IRQHandler                  0x08000297   Thumb Code     0  startup_stm32f429_439xx.o(.text)
    DMA1_Stream3_IRQHandler                  0x08000297   Thumb Code     0  startup_stm32f429_439xx.o(.text)
    DMA1_Stream4_IRQHandler                  0x08000297   Thumb Code     0  startup_stm32f429_439xx.o(.text)
    DMA1_Stream5_IRQHandler                  0x08000297   Thumb Code     0  startup_stm32f429_439xx.o(.text)
    DMA1_Stream6_IRQHandler                  0x08000297   Thumb Code     0  startup_stm32f429_439xx.o(.text)
    DMA1_Stream7_IRQHandler                  0x08000297   Thumb Code     0  startup_stm32f429_439xx.o(.text)
    DMA2D_IRQHandler                         0x08000297   Thumb Code     0  startup_stm32f429_439xx.o(.text)
    DMA2_Stream0_IRQHandler                  0x08000297   Thumb Code     0  startup_stm32f429_439xx.o(.text)
    DMA2_Stream1_IRQHandler                  0x08000297   Thumb Code     0  startup_stm32f429_439xx.o(.text)
    DMA2_Stream2_IRQHandler                  0x08000297   Thumb Code     0  startup_stm32f429_439xx.o(.text)
    DMA2_Stream3_IRQHandler                  0x08000297   Thumb Code     0  startup_stm32f429_439xx.o(.text)
    DMA2_Stream4_IRQHandler                  0x08000297   Thumb Code     0  startup_stm32f429_439xx.o(.text)
    DMA2_Stream5_IRQHandler                  0x08000297   Thumb Code     0  startup_stm32f429_439xx.o(.text)
    DMA2_Stream6_IRQHandler                  0x08000297   Thumb Code     0  startup_stm32f429_439xx.o(.text)
    DMA2_Stream7_IRQHandler                  0x08000297   Thumb Code     0  startup_stm32f429_439xx.o(.text)
    ETH_IRQHandler                           0x08000297   Thumb Code     0  startup_stm32f429_439xx.o(.text)
    ETH_WKUP_IRQHandler                      0x08000297   Thumb Code     0  startup_stm32f429_439xx.o(.text)
    EXTI15_10_IRQHandler                     0x08000297   Thumb Code     0  startup_stm32f429_439xx.o(.text)
    EXTI1_IRQHandler                         0x08000297   Thumb Code     0  startup_stm32f429_439xx.o(.text)
    EXTI2_IRQHandler                         0x08000297   Thumb Code     0  startup_stm32f429_439xx.o(.text)
    EXTI3_IRQHandler                         0x08000297   Thumb Code     0  startup_stm32f429_439xx.o(.text)
    EXTI4_IRQHandler                         0x08000297   Thumb Code     0  startup_stm32f429_439xx.o(.text)
    EXTI9_5_IRQHandler                       0x08000297   Thumb Code     0  startup_stm32f429_439xx.o(.text)
    FLASH_IRQHandler                         0x08000297   Thumb Code     0  startup_stm32f429_439xx.o(.text)
    FMC_IRQHandler                           0x08000297   Thumb Code     0  startup_stm32f429_439xx.o(.text)
    FPU_IRQHandler                           0x08000297   Thumb Code     0  startup_stm32f429_439xx.o(.text)
    HASH_RNG_IRQHandler                      0x08000297   Thumb Code     0  startup_stm32f429_439xx.o(.text)
    I2C1_ER_IRQHandler                       0x08000297   Thumb Code     0  startup_stm32f429_439xx.o(.text)
    I2C1_EV_IRQHandler                       0x08000297   Thumb Code     0  startup_stm32f429_439xx.o(.text)
    I2C2_ER_IRQHandler                       0x08000297   Thumb Code     0  startup_stm32f429_439xx.o(.text)
    I2C2_EV_IRQHandler                       0x08000297   Thumb Code     0  startup_stm32f429_439xx.o(.text)
    I2C3_ER_IRQHandler                       0x08000297   Thumb Code     0  startup_stm32f429_439xx.o(.text)
    I2C3_EV_IRQHandler                       0x08000297   Thumb Code     0  startup_stm32f429_439xx.o(.text)
    LTDC_ER_IRQHandler                       0x08000297   Thumb Code     0  startup_stm32f429_439xx.o(.text)
    LTDC_IRQHandler                          0x08000297   Thumb Code     0  startup_stm32f429_439xx.o(.text)
    OTG_FS_IRQHandler                        0x08000297   Thumb Code     0  startup_stm32f429_439xx.o(.text)
    OTG_FS_WKUP_IRQHandler                   0x08000297   Thumb Code     0  startup_stm32f429_439xx.o(.text)
    OTG_HS_EP1_IN_IRQHandler                 0x08000297   Thumb Code     0  startup_stm32f429_439xx.o(.text)
    OTG_HS_EP1_OUT_IRQHandler                0x08000297   Thumb Code     0  startup_stm32f429_439xx.o(.text)
    OTG_HS_IRQHandler                        0x08000297   Thumb Code     0  startup_stm32f429_439xx.o(.text)
    OTG_HS_WKUP_IRQHandler                   0x08000297   Thumb Code     0  startup_stm32f429_439xx.o(.text)
    PVD_IRQHandler                           0x08000297   Thumb Code     0  startup_stm32f429_439xx.o(.text)
    RCC_IRQHandler                           0x08000297   Thumb Code     0  startup_stm32f429_439xx.o(.text)
    RTC_Alarm_IRQHandler                     0x08000297   Thumb Code     0  startup_stm32f429_439xx.o(.text)
    RTC_WKUP_IRQHandler                      0x08000297   Thumb Code     0  startup_stm32f429_439xx.o(.text)
    SAI1_IRQHandler                          0x08000297   Thumb Code     0  startup_stm32f429_439xx.o(.text)
    SDIO_IRQHandler                          0x08000297   Thumb Code     0  startup_stm32f429_439xx.o(.text)
    SPI1_IRQHandler                          0x08000297   Thumb Code     0  startup_stm32f429_439xx.o(.text)
    SPI2_IRQHandler                          0x08000297   Thumb Code     0  startup_stm32f429_439xx.o(.text)
    SPI3_IRQHandler                          0x08000297   Thumb Code     0  startup_stm32f429_439xx.o(.text)
    SPI4_IRQHandler                          0x08000297   Thumb Code     0  startup_stm32f429_439xx.o(.text)
    SPI5_IRQHandler                          0x08000297   Thumb Code     0  startup_stm32f429_439xx.o(.text)
    SPI6_IRQHandler                          0x08000297   Thumb Code     0  startup_stm32f429_439xx.o(.text)
    TAMP_STAMP_IRQHandler                    0x08000297   Thumb Code     0  startup_stm32f429_439xx.o(.text)
    TIM1_BRK_TIM9_IRQHandler                 0x08000297   Thumb Code     0  startup_stm32f429_439xx.o(.text)
    TIM1_CC_IRQHandler                       0x08000297   Thumb Code     0  startup_stm32f429_439xx.o(.text)
    TIM1_TRG_COM_TIM11_IRQHandler            0x08000297   Thumb Code     0  startup_stm32f429_439xx.o(.text)
    TIM1_UP_TIM10_IRQHandler                 0x08000297   Thumb Code     0  startup_stm32f429_439xx.o(.text)
    TIM2_IRQHandler                          0x08000297   Thumb Code     0  startup_stm32f429_439xx.o(.text)
    TIM3_IRQHandler                          0x08000297   Thumb Code     0  startup_stm32f429_439xx.o(.text)
    TIM4_IRQHandler                          0x08000297   Thumb Code     0  startup_stm32f429_439xx.o(.text)
    TIM5_IRQHandler                          0x08000297   Thumb Code     0  startup_stm32f429_439xx.o(.text)
    TIM7_IRQHandler                          0x08000297   Thumb Code     0  startup_stm32f429_439xx.o(.text)
    TIM8_BRK_TIM12_IRQHandler                0x08000297   Thumb Code     0  startup_stm32f429_439xx.o(.text)
    TIM8_CC_IRQHandler                       0x08000297   Thumb Code     0  startup_stm32f429_439xx.o(.text)
    TIM8_TRG_COM_TIM14_IRQHandler            0x08000297   Thumb Code     0  startup_stm32f429_439xx.o(.text)
    TIM8_UP_TIM13_IRQHandler                 0x08000297   Thumb Code     0  startup_stm32f429_439xx.o(.text)
    UART4_IRQHandler                         0x08000297   Thumb Code     0  startup_stm32f429_439xx.o(.text)
    UART5_IRQHandler                         0x08000297   Thumb Code     0  startup_stm32f429_439xx.o(.text)
    UART7_IRQHandler                         0x08000297   Thumb Code     0  startup_stm32f429_439xx.o(.text)
    UART8_IRQHandler                         0x08000297   Thumb Code     0  startup_stm32f429_439xx.o(.text)
    USART3_IRQHandler                        0x08000297   Thumb Code     0  startup_stm32f429_439xx.o(.text)
    USART6_IRQHandler                        0x08000297   Thumb Code     0  startup_stm32f429_439xx.o(.text)
    WWDG_IRQHandler                          0x08000297   Thumb Code     0  startup_stm32f429_439xx.o(.text)
    __aeabi_memcpy                           0x080002a1   Thumb Code    36  memcpya.o(.text)
    __aeabi_memcpy4                          0x080002a1   Thumb Code     0  memcpya.o(.text)
    __aeabi_memcpy8                          0x080002a1   Thumb Code     0  memcpya.o(.text)
    __aeabi_memset                           0x080002c5   Thumb Code    14  memseta.o(.text)
    __aeabi_memset4                          0x080002c5   Thumb Code     0  memseta.o(.text)
    __aeabi_memset8                          0x080002c5   Thumb Code     0  memseta.o(.text)
    __aeabi_memclr                           0x080002d3   Thumb Code     4  memseta.o(.text)
    __aeabi_memclr4                          0x080002d3   Thumb Code     0  memseta.o(.text)
    __aeabi_memclr8                          0x080002d3   Thumb Code     0  memseta.o(.text)
    _memset$wrapper                          0x080002d7   Thumb Code    18  memseta.o(.text)
    memcmp                                   0x080002e9   Thumb Code    26  memcmp.o(.text)
    __aeabi_dadd                             0x08000303   Thumb Code   322  dadd.o(.text)
    __aeabi_dsub                             0x08000445   Thumb Code     6  dadd.o(.text)
    __aeabi_drsub                            0x0800044b   Thumb Code     6  dadd.o(.text)
    __aeabi_dmul                             0x08000451   Thumb Code   228  dmul.o(.text)
    __aeabi_i2d                              0x08000535   Thumb Code    34  dflti.o(.text)
    __aeabi_d2uiz                            0x08000557   Thumb Code    50  dfixui.o(.text)
    __aeabi_f2d                              0x08000589   Thumb Code    38  f2d.o(.text)
    __aeabi_d2f                              0x080005af   Thumb Code    56  d2f.o(.text)
    __aeabi_uidiv                            0x080005e7   Thumb Code     0  uidiv.o(.text)
    __aeabi_uidivmod                         0x080005e7   Thumb Code    44  uidiv.o(.text)
    __aeabi_uldivmod                         0x08000613   Thumb Code    98  uldiv.o(.text)
    __aeabi_llsl                             0x08000675   Thumb Code    30  llshl.o(.text)
    _ll_shift_l                              0x08000675   Thumb Code     0  llshl.o(.text)
    __aeabi_llsr                             0x08000693   Thumb Code    32  llushr.o(.text)
    _ll_ushift_r                             0x08000693   Thumb Code     0  llushr.o(.text)
    __aeabi_lasr                             0x080006b3   Thumb Code    36  llsshr.o(.text)
    _ll_sshift_r                             0x080006b3   Thumb Code     0  llsshr.o(.text)
    __I$use$fp                               0x080006d7   Thumb Code     0  iusefp.o(.text)
    _float_round                             0x080006d7   Thumb Code    18  fepilogue.o(.text)
    _float_epilogue                          0x080006e9   Thumb Code    92  fepilogue.o(.text)
    _double_round                            0x08000745   Thumb Code    30  depilogue.o(.text)
    _double_epilogue                         0x08000763   Thumb Code   156  depilogue.o(.text)
    __aeabi_ddiv                             0x080007ff   Thumb Code   222  ddiv.o(.text)
    __ARM_scalbn                             0x080008dd   Thumb Code    46  dscalb.o(.text)
    scalbn                                   0x080008dd   Thumb Code     0  dscalb.o(.text)
    __aeabi_d2ulz                            0x0800090b   Thumb Code    48  dfixul.o(.text)
    __aeabi_cdcmpeq                          0x0800093d   Thumb Code     0  cdcmple.o(.text)
    __aeabi_cdcmple                          0x0800093d   Thumb Code    48  cdcmple.o(.text)
    __aeabi_cdrcmple                         0x0800096d   Thumb Code    48  cdrcmple.o(.text)
    __scatterload                            0x0800099d   Thumb Code    28  init.o(.text)
    __scatterload_rt2                        0x0800099d   Thumb Code     0  init.o(.text)
    _dsqrt                                   0x080009c1   Thumb Code   162  dsqrt.o(.text)
    __decompress                             0x08000a63   Thumb Code     0  __dclz77c.o(.text)
    __decompress2                            0x08000a63   Thumb Code    94  __dclz77c.o(.text)
    All_Init                                 0x08000ac1   Thumb Code   154  task_test.o(i.All_Init)
    BusFault_Handler                         0x08000bdd   Thumb Code     4  stm32f4xx_it.o(i.BusFault_Handler)
    DebugMon_Handler                         0x08000be1   Thumb Code     2  stm32f4xx_it.o(i.DebugMon_Handler)
    Delay_TIM6_Init                          0x08000be5   Thumb Code    96  my_delaytime.o(i.Delay_TIM6_Init)
    EXTI0_IRQHandler                         0x08000c49   Thumb Code    46  key.o(i.EXTI0_IRQHandler)
    EXTI_ClearITPendingBit                   0x08000c85   Thumb Code     6  stm32f4xx_exti.o(i.EXTI_ClearITPendingBit)
    EXTI_GetITStatus                         0x08000c91   Thumb Code    20  stm32f4xx_exti.o(i.EXTI_GetITStatus)
    EXTI_Init                                0x08000ca9   Thumb Code   142  stm32f4xx_exti.o(i.EXTI_Init)
    GPIO_Init                                0x08000d3d   Thumb Code   144  stm32f4xx_gpio.o(i.GPIO_Init)
    GPIO_PinAFConfig                         0x08000dcd   Thumb Code    70  stm32f4xx_gpio.o(i.GPIO_PinAFConfig)
    HardFault_Handler                        0x08000e13   Thumb Code     4  stm32f4xx_it.o(i.HardFault_Handler)
    I2C_AcknowledgeConfig                    0x08000e17   Thumb Code    24  stm32f4xx_i2c.o(i.I2C_AcknowledgeConfig)
    I2C_CheckEvent                           0x08000e2f   Thumb Code    42  stm32f4xx_i2c.o(i.I2C_CheckEvent)
    I2C_Cmd                                  0x08000e59   Thumb Code    24  stm32f4xx_i2c.o(i.I2C_Cmd)
    I2C_DeInit                               0x08000e71   Thumb Code    82  stm32f4xx_i2c.o(i.I2C_DeInit)
    I2C_GenerateSTART                        0x08000ed1   Thumb Code    24  stm32f4xx_i2c.o(i.I2C_GenerateSTART)
    I2C_GenerateSTOP                         0x08000ee9   Thumb Code    24  stm32f4xx_i2c.o(i.I2C_GenerateSTOP)
    I2C_GetFlagStatus                        0x08000f01   Thumb Code    58  stm32f4xx_i2c.o(i.I2C_GetFlagStatus)
    I2C_Init                                 0x08000f3d   Thumb Code   218  stm32f4xx_i2c.o(i.I2C_Init)
    I2C_ReceiveData                          0x08001025   Thumb Code     8  stm32f4xx_i2c.o(i.I2C_ReceiveData)
    I2C_Send7bitAddress                      0x0800102d   Thumb Code    16  stm32f4xx_i2c.o(i.I2C_Send7bitAddress)
    I2C_SendData                             0x0800103d   Thumb Code     4  stm32f4xx_i2c.o(i.I2C_SendData)
    IIC_Init                                 0x08001041   Thumb Code   158  mpu6050__.o(i.IIC_Init)
    IWDG_Enable                              0x080010ed   Thumb Code    10  stm32f4xx_iwdg.o(i.IWDG_Enable)
    IWDG_ReloadCounter                       0x080010fd   Thumb Code    10  stm32f4xx_iwdg.o(i.IWDG_ReloadCounter)
    IWDG_SetPrescaler                        0x0800110d   Thumb Code     6  stm32f4xx_iwdg.o(i.IWDG_SetPrescaler)
    IWDG_SetReload                           0x08001119   Thumb Code     6  stm32f4xx_iwdg.o(i.IWDG_SetReload)
    IWDG_WriteAccessCmd                      0x08001125   Thumb Code     6  stm32f4xx_iwdg.o(i.IWDG_WriteAccessCmd)
    Key_Interrupt_Init                       0x08001131   Thumb Code   118  key.o(i.Key_Interrupt_Init)
    MPU_Read_Len                             0x080011ad   Thumb Code   220  mpu6050__.o(i.MPU_Read_Len)
    MPU_Write_Len                            0x08001295   Thumb Code   134  mpu6050__.o(i.MPU_Write_Len)
    MemManage_Handler                        0x08001329   Thumb Code     4  stm32f4xx_it.o(i.MemManage_Handler)
    My_Uart1Init                             0x0800132d   Thumb Code   142  uart.o(i.My_Uart1Init)
    NMI_Handler                              0x080013c5   Thumb Code     2  stm32f4xx_it.o(i.NMI_Handler)
    NVIC_Init                                0x080013c9   Thumb Code   106  misc.o(i.NVIC_Init)
    NVIC_PriorityGroupConfig                 0x08001441   Thumb Code    10  misc.o(i.NVIC_PriorityGroupConfig)
    RCC_AHB1PeriphClockCmd                   0x08001455   Thumb Code    26  stm32f4xx_rcc.o(i.RCC_AHB1PeriphClockCmd)
    RCC_APB1PeriphClockCmd                   0x08001475   Thumb Code    26  stm32f4xx_rcc.o(i.RCC_APB1PeriphClockCmd)
    RCC_APB1PeriphResetCmd                   0x08001495   Thumb Code    26  stm32f4xx_rcc.o(i.RCC_APB1PeriphResetCmd)
    RCC_APB2PeriphClockCmd                   0x080014b5   Thumb Code    26  stm32f4xx_rcc.o(i.RCC_APB2PeriphClockCmd)
    RCC_GetClocksFreq                        0x080014d5   Thumb Code   214  stm32f4xx_rcc.o(i.RCC_GetClocksFreq)
    RCC_GetFlagStatus                        0x080015bd   Thumb Code    60  stm32f4xx_rcc.o(i.RCC_GetFlagStatus)
    RCC_LSICmd                               0x080015fd   Thumb Code     6  stm32f4xx_rcc.o(i.RCC_LSICmd)
    SYSCFG_EXTILineConfig                    0x08001609   Thumb Code    60  stm32f4xx_syscfg.o(i.SYSCFG_EXTILineConfig)
    SysTick_Handler                          0x08001769   Thumb Code    46  port.o(i.SysTick_Handler)
    SystemInit                               0x0800179d   Thumb Code    88  system_stm32f4xx.o(i.SystemInit)
    TIM6_DAC_IRQHandler                      0x08001805   Thumb Code    34  my_delaytime.o(i.TIM6_DAC_IRQHandler)
    TIM_ClearITPendingBit                    0x08001831   Thumb Code     6  stm32f4xx_tim.o(i.TIM_ClearITPendingBit)
    TIM_GetITStatus                          0x08001837   Thumb Code    34  stm32f4xx_tim.o(i.TIM_GetITStatus)
    TIM_ITConfig                             0x08001859   Thumb Code    18  stm32f4xx_tim.o(i.TIM_ITConfig)
    TIM_TimeBaseInit                         0x0800186d   Thumb Code   104  stm32f4xx_tim.o(i.TIM_TimeBaseInit)
    USART1_IRQHandler                        0x080019e5   Thumb Code    38  uart.o(i.USART1_IRQHandler)
    USART2_IRQHandler                        0x08001a15   Thumb Code    56  hc05.o(i.USART2_IRQHandler)
    USART_ClearITPendingBit                  0x08001a6d   Thumb Code    30  stm32f4xx_usart.o(i.USART_ClearITPendingBit)
    USART_Cmd                                0x08001a8b   Thumb Code    24  stm32f4xx_usart.o(i.USART_Cmd)
    USART_GetFlagStatus                      0x08001aa3   Thumb Code    26  stm32f4xx_usart.o(i.USART_GetFlagStatus)
    USART_GetITStatus                        0x08001abd   Thumb Code    84  stm32f4xx_usart.o(i.USART_GetITStatus)
    USART_Init                               0x08001b11   Thumb Code   204  stm32f4xx_usart.o(i.USART_Init)
    USART_ReceiveData                        0x08001be5   Thumb Code    10  stm32f4xx_usart.o(i.USART_ReceiveData)
    USART_SendData                           0x08001bef   Thumb Code     8  stm32f4xx_usart.o(i.USART_SendData)
    UsageFault_Handler                       0x08001bf7   Thumb Code     4  stm32f4xx_it.o(i.UsageFault_Handler)
    __0printf                                0x08001bfd   Thumb Code    22  printfa.o(i.__0printf)
    __1printf                                0x08001bfd   Thumb Code     0  printfa.o(i.__0printf)
    __2printf                                0x08001bfd   Thumb Code     0  printfa.o(i.__0printf)
    __c89printf                              0x08001bfd   Thumb Code     0  printfa.o(i.__0printf)
    printf                                   0x08001bfd   Thumb Code     0  printfa.o(i.__0printf)
    __ARM_fpclassify                         0x08001c1d   Thumb Code    48  fpclassify.o(i.__ARM_fpclassify)
    __hardfp_asin                            0x08001c51   Thumb Code   770  asin.o(i.__hardfp_asin)
    __hardfp_atan                            0x08001fb1   Thumb Code   622  atan.o(i.__hardfp_atan)
    __hardfp_atan2                           0x08002289   Thumb Code   448  atan2.o(i.__hardfp_atan2)
    __hardfp_log                             0x08002489   Thumb Code   872  log.o(i.__hardfp_log)
    __hardfp_log10                           0x08002851   Thumb Code   260  log10.o(i.__hardfp_log10)
    __hardfp_pow                             0x08002981   Thumb Code  3072  pow.o(i.__hardfp_pow)
    __kernel_poly                            0x080035d1   Thumb Code   248  poly.o(i.__kernel_poly)
    __mathlib_dbl_divzero                    0x080036c9   Thumb Code    28  dunder.o(i.__mathlib_dbl_divzero)
    __mathlib_dbl_infnan                     0x080036f9   Thumb Code    20  dunder.o(i.__mathlib_dbl_infnan)
    __mathlib_dbl_infnan2                    0x0800370d   Thumb Code    20  dunder.o(i.__mathlib_dbl_infnan2)
    __mathlib_dbl_invalid                    0x08003721   Thumb Code    24  dunder.o(i.__mathlib_dbl_invalid)
    __mathlib_dbl_overflow                   0x08003741   Thumb Code    24  dunder.o(i.__mathlib_dbl_overflow)
    __mathlib_dbl_underflow                  0x08003761   Thumb Code    24  dunder.o(i.__mathlib_dbl_underflow)
    __scatterload_copy                       0x08003781   Thumb Code    14  handlers.o(i.__scatterload_copy)
    __scatterload_null                       0x0800378f   Thumb Code     2  handlers.o(i.__scatterload_null)
    __scatterload_zeroinit                   0x08003791   Thumb Code    14  handlers.o(i.__scatterload_zeroinit)
    __set_errno                              0x080037a1   Thumb Code     6  errno.o(i.__set_errno)
    atan                                     0x08004037   Thumb Code    16  atan.o(i.atan)
    display_circle                           0x080040c5   Thumb Code   258  ssd1306__.o(i.display_circle)
    display_num                              0x080041e5   Thumb Code   272  ssd1306__.o(i.display_num)
    display_reverse                          0x08004311   Thumb Code    26  ssd1306__.o(i.display_reverse)
    dmp_enable_6x_lp_quat                    0x0800432b   Thumb Code    60  inv_mpu_dmp_motion_driver.o(i.dmp_enable_6x_lp_quat)
    dmp_enable_feature                       0x08004369   Thumb Code   530  inv_mpu_dmp_motion_driver.o(i.dmp_enable_feature)
    dmp_enable_gyro_cal                      0x08004585   Thumb Code    62  inv_mpu_dmp_motion_driver.o(i.dmp_enable_gyro_cal)
    dmp_enable_lp_quat                       0x080045dd   Thumb Code    60  inv_mpu_dmp_motion_driver.o(i.dmp_enable_lp_quat)
    dmp_load_motion_driver_firmware          0x08004619   Thumb Code    20  inv_mpu_dmp_motion_driver.o(i.dmp_load_motion_driver_firmware)
    dmp_read_fifo                            0x08004631   Thumb Code   456  inv_mpu_dmp_motion_driver.o(i.dmp_read_fifo)
    dmp_set_fifo_rate                        0x080047fd   Thumb Code    96  inv_mpu_dmp_motion_driver.o(i.dmp_set_fifo_rate)
    dmp_set_orientation                      0x0800486d   Thumb Code   290  inv_mpu_dmp_motion_driver.o(i.dmp_set_orientation)
    dmp_set_shake_reject_thresh              0x080049a5   Thumb Code    56  inv_mpu_dmp_motion_driver.o(i.dmp_set_shake_reject_thresh)
    dmp_set_shake_reject_time                0x080049dd   Thumb Code    38  inv_mpu_dmp_motion_driver.o(i.dmp_set_shake_reject_time)
    dmp_set_shake_reject_timeout             0x08004a03   Thumb Code    38  inv_mpu_dmp_motion_driver.o(i.dmp_set_shake_reject_timeout)
    dmp_set_tap_axes                         0x08004a29   Thumb Code    70  inv_mpu_dmp_motion_driver.o(i.dmp_set_tap_axes)
    dmp_set_tap_count                        0x08004a6f   Thumb Code    38  inv_mpu_dmp_motion_driver.o(i.dmp_set_tap_count)
    dmp_set_tap_thresh                       0x08004a95   Thumb Code   412  inv_mpu_dmp_motion_driver.o(i.dmp_set_tap_thresh)
    dmp_set_tap_time                         0x08004c55   Thumb Code    38  inv_mpu_dmp_motion_driver.o(i.dmp_set_tap_time)
    dmp_set_tap_time_multi                   0x08004c7b   Thumb Code    38  inv_mpu_dmp_motion_driver.o(i.dmp_set_tap_time_multi)
    fabs                                     0x08004ca1   Thumb Code    24  fabs.o(i.fabs)
    fputc                                    0x08004cb9   Thumb Code    32  usart_printf.o(i.fputc)
    inv_orientation_matrix_to_scalar         0x08004d59   Thumb Code    40  inv_mpu.o(i.inv_orientation_matrix_to_scalar)
    inv_row_2_scale                          0x08004d81   Thumb Code    78  inv_mpu.o(i.inv_row_2_scale)
    log                                      0x08004dcf   Thumb Code    16  log.o(i.log)
    main                                     0x08004de1   Thumb Code    56  main.o(i.main)
    mget_ms                                  0x08004e3d   Thumb Code     2  inv_mpu.o(i.mget_ms)
    mpu6050_getdata                          0x08004e41   Thumb Code    32  mpu6050__.o(i.mpu6050_getdata)
    mpu_configure_fifo                       0x08004e71   Thumb Code   106  inv_mpu.o(i.mpu_configure_fifo)
    mpu_dmp_get_data                         0x08004ee1   Thumb Code   474  inv_mpu.o(i.mpu_dmp_get_data)
    mpu_dmp_init                             0x080050cd   Thumb Code   206  inv_mpu.o(i.mpu_dmp_init)
    mpu_get_accel_fsr                        0x080052a1   Thumb Code    72  inv_mpu.o(i.mpu_get_accel_fsr)
    mpu_init                                 0x080052ed   Thumb Code   416  inv_mpu.o(i.mpu_init)
    mpu_load_firmware                        0x080054dd   Thumb Code   180  inv_mpu.o(i.mpu_load_firmware)
    mpu_lp_accel_mode                        0x08005595   Thumb Code   218  inv_mpu.o(i.mpu_lp_accel_mode)
    mpu_read_fifo_stream                     0x08005675   Thumb Code   186  inv_mpu.o(i.mpu_read_fifo_stream)
    mpu_read_mem                             0x08005735   Thumb Code   122  inv_mpu.o(i.mpu_read_mem)
    mpu_reset_fifo                           0x080057b5   Thumb Code   450  inv_mpu.o(i.mpu_reset_fifo)
    mpu_set_accel_fsr                        0x0800597d   Thumb Code   126  inv_mpu.o(i.mpu_set_accel_fsr)
    mpu_set_bypass                           0x08005a01   Thumb Code   328  inv_mpu.o(i.mpu_set_bypass)
    mpu_set_dmp_state                        0x08005b4d   Thumb Code   138  inv_mpu.o(i.mpu_set_dmp_state)
    mpu_set_gyro_fsr                         0x08005bdd   Thumb Code   132  inv_mpu.o(i.mpu_set_gyro_fsr)
    mpu_set_int_latched                      0x08005c65   Thumb Code   102  inv_mpu.o(i.mpu_set_int_latched)
    mpu_set_lpf                              0x08005cd1   Thumb Code   126  inv_mpu.o(i.mpu_set_lpf)
    mpu_set_sample_rate                      0x08005d55   Thumb Code   152  inv_mpu.o(i.mpu_set_sample_rate)
    mpu_set_sensors                          0x08005df1   Thumb Code   202  inv_mpu.o(i.mpu_set_sensors)
    mpu_write_mem                            0x08005ec1   Thumb Code   122  inv_mpu.o(i.mpu_write_mem)
    oled_center_point                        0x08005f41   Thumb Code    92  ssd1306__.o(i.oled_center_point)
    oled_clear                               0x08005fa9   Thumb Code    38  ssd1306__.o(i.oled_clear)
    oled_display                             0x08005fd5   Thumb Code   208  ssd1306__.o(i.oled_display)
    oled_tar_display                         0x080060c1   Thumb Code   548  ssd1306__.o(i.oled_tar_display)
    pvPortMalloc                             0x08006e2d   Thumb Code   296  heap_4.o(i.pvPortMalloc)
    pvTaskIncrementMutexHeldCount            0x08006f69   Thumb Code    26  tasks.o(i.pvTaskIncrementMutexHeldCount)
    pxPortInitialiseStack                    0x08006f89   Thumb Code    38  port.o(i.pxPortInitialiseStack)
    sqrt                                     0x08007045   Thumb Code   110  sqrt.o(i.sqrt)
    ssd1306_init                             0x0800715d   Thumb Code   266  ssd1306__.o(i.ssd1306_init)
    uxListRemove                             0x08007267   Thumb Code    40  list.o(i.uxListRemove)
    vListInitialise                          0x0800728f   Thumb Code    26  list.o(i.vListInitialise)
    vListInitialiseItem                      0x080072a9   Thumb Code     6  list.o(i.vListInitialiseItem)
    vListInsert                              0x080072af   Thumb Code    52  list.o(i.vListInsert)
    vListInsertEnd                           0x080072e3   Thumb Code    24  list.o(i.vListInsertEnd)
    vPortEnterCritical                       0x080072fd   Thumb Code    76  port.o(i.vPortEnterCritical)
    vPortExitCritical                        0x08007351   Thumb Code    56  port.o(i.vPortExitCritical)
    vPortFree                                0x0800738d   Thumb Code   140  heap_4.o(i.vPortFree)
    vPortSetupTimerInterrupt                 0x08007421   Thumb Code    26  port.o(i.vPortSetupTimerInterrupt)
    vPortValidateInterruptPriority           0x08007441   Thumb Code   106  port.o(i.vPortValidateInterruptPriority)
    vQueueAddToRegistry                      0x080074b9   Thumb Code    38  queue.o(i.vQueueAddToRegistry)
    vQueueWaitForMessageRestricted           0x080074e5   Thumb Code    74  queue.o(i.vQueueWaitForMessageRestricted)
    vTaskDelay                               0x08007531   Thumb Code    82  tasks.o(i.vTaskDelay)
    vTaskDelete                              0x0800758d   Thumb Code   202  tasks.o(i.vTaskDelete)
    vTaskMissedYield                         0x08007681   Thumb Code     8  tasks.o(i.vTaskMissedYield)
    vTaskPlaceOnEventList                    0x0800768d   Thumb Code    52  tasks.o(i.vTaskPlaceOnEventList)
    vTaskPlaceOnEventListRestricted          0x080076c5   Thumb Code    60  tasks.o(i.vTaskPlaceOnEventListRestricted)
    vTaskPriorityInherit                     0x08007705   Thumb Code   164  tasks.o(i.vTaskPriorityInherit)
    vTaskSetTimeOutState                     0x080077b5   Thumb Code    38  tasks.o(i.vTaskSetTimeOutState)
    vTaskStartScheduler                      0x080077e5   Thumb Code   118  tasks.o(i.vTaskStartScheduler)
    vTaskSuspendAll                          0x08007879   Thumb Code    12  tasks.o(i.vTaskSuspendAll)
    vTaskSwitchContext                       0x08007889   Thumb Code   118  tasks.o(i.vTaskSwitchContext)
    watchdog_init                            0x08007915   Thumb Code    68  watchdog.o(i.watchdog_init)
    watchdog_reload                          0x08007959   Thumb Code     8  watchdog.o(i.watchdog_reload)
    xPortStartScheduler                      0x08007961   Thumb Code   288  port.o(i.xPortStartScheduler)
    xQueueGenericCreate                      0x08007a9d   Thumb Code    88  queue.o(i.xQueueGenericCreate)
    xQueueGenericReceive                     0x08007af5   Thumb Code   446  queue.o(i.xQueueGenericReceive)
    xQueueGenericReset                       0x08007cb9   Thumb Code   146  queue.o(i.xQueueGenericReset)
    xQueueGenericSend                        0x08007d51   Thumb Code   420  queue.o(i.xQueueGenericSend)
    xQueueGenericSendFromISR                 0x08007ef9   Thumb Code   248  queue.o(i.xQueueGenericSendFromISR)
    xTaskCheckForTimeOut                     0x08007ff1   Thumb Code   132  tasks.o(i.xTaskCheckForTimeOut)
    xTaskCreate                              0x0800807d   Thumb Code    96  tasks.o(i.xTaskCreate)
    xTaskGetSchedulerState                   0x080080dd   Thumb Code    24  tasks.o(i.xTaskGetSchedulerState)
    xTaskGetTickCount                        0x080080fd   Thumb Code     6  tasks.o(i.xTaskGetTickCount)
    xTaskIncrementTick                       0x08008109   Thumb Code   282  tasks.o(i.xTaskIncrementTick)
    xTaskPriorityDisinherit                  0x08008251   Thumb Code   188  tasks.o(i.xTaskPriorityDisinherit)
    xTaskRemoveFromEventList                 0x08008319   Thumb Code   128  tasks.o(i.xTaskRemoveFromEventList)
    xTaskResumeAll                           0x080083b1   Thumb Code   224  tasks.o(i.xTaskResumeAll)
    xTimerCreateTimerTask                    0x080084b5   Thumb Code    66  timers.o(i.xTimerCreateTimerTask)
    xTimerGenericCommand                     0x0800850d   Thumb Code   126  timers.o(i.xTimerGenericCommand)
    reg                                      0x08008590   Data          27  inv_mpu.o(.constdata)
    hw                                       0x080085ac   Data          12  inv_mpu.o(.constdata)
    test                                     0x080085b8   Data          40  inv_mpu.o(.constdata)
    __mathlib_zero                           0x08009380   Data           8  qnan.o(.constdata)
    Region$$Table$$Base                      0x080093d8   Number         0  anon$$obj.o(Region$$Table)
    Region$$Table$$Limit                     0x080093f8   Number         0  anon$$obj.o(Region$$Table)
    SystemCoreClock                          0x20000010   Data           4  system_stm32f4xx.o(.data)
    AHBPrescTable                            0x20000014   Data          16  system_stm32f4xx.o(.data)
    USART1datas                              0x20000024   Data           2  uart.o(.data)
    hc05_data                                0x20000130   Data           1  hc05.o(.data)
    pxCurrentTCB                             0x20000134   Data           4  tasks.o(.data)
    key_ispress                              0x20000288   Data           1  task_test.o(.data)
    __stdout                                 0x200002c4   Data           4  stdout.o(.data)
    xQueueRegistry                           0x200006cc   Data          64  queue.o(.bss)
    __initial_sp                             0x20013828   Data           0  startup_stm32f429_439xx.o(STACK)



==============================================================================

Memory Map of the image

  Image Entry point : 0x080001ad

  Load Region LR_IROM1 (Base: 0x08000000, Size: 0x000096c4, Max: 0x00100000, ABSOLUTE, COMPRESSED[0x000094ec])

    Execution Region ER_IROM1 (Exec base: 0x08000000, Load base: 0x08000000, Size: 0x000093f8, Max: 0x00100000, ABSOLUTE)

    Exec Addr    Load Addr    Size         Type   Attr      Idx    E Section Name        Object

    0x08000000   0x08000000   0x000001ac   Data   RO            3    RESET               startup_stm32f429_439xx.o
    0x080001ac   0x080001ac   0x00000000   Code   RO         7373  * .ARM.Collect$$$$00000000  mc_w.l(entry.o)
    0x080001ac   0x080001ac   0x00000004   Code   RO         7726    .ARM.Collect$$$$00000001  mc_w.l(entry2.o)
    0x080001b0   0x080001b0   0x00000004   Code   RO         7729    .ARM.Collect$$$$00000004  mc_w.l(entry5.o)
    0x080001b4   0x080001b4   0x00000000   Code   RO         7731    .ARM.Collect$$$$00000008  mc_w.l(entry7b.o)
    0x080001b4   0x080001b4   0x00000000   Code   RO         7733    .ARM.Collect$$$$0000000A  mc_w.l(entry8b.o)
    0x080001b4   0x080001b4   0x00000008   Code   RO         7734    .ARM.Collect$$$$0000000B  mc_w.l(entry9a.o)
    0x080001bc   0x080001bc   0x00000004   Code   RO         7741    .ARM.Collect$$$$0000000E  mc_w.l(entry12b.o)
    0x080001c0   0x080001c0   0x00000000   Code   RO         7736    .ARM.Collect$$$$0000000F  mc_w.l(entry10a.o)
    0x080001c0   0x080001c0   0x00000000   Code   RO         7738    .ARM.Collect$$$$00000011  mc_w.l(entry11a.o)
    0x080001c0   0x080001c0   0x00000004   Code   RO         7727    .ARM.Collect$$$$00002712  mc_w.l(entry2.o)
    0x080001c4   0x080001c4   0x000000b6   Code   RO         6600    .emb_text           port.o
    0x0800027a   0x0800027a   0x00000002   PAD
    0x0800027c   0x0800027c   0x00000024   Code   RO            4    .text               startup_stm32f429_439xx.o
    0x080002a0   0x080002a0   0x00000024   Code   RO         7378    .text               mc_w.l(memcpya.o)
    0x080002c4   0x080002c4   0x00000024   Code   RO         7380    .text               mc_w.l(memseta.o)
    0x080002e8   0x080002e8   0x0000001a   Code   RO         7384    .text               mc_w.l(memcmp.o)
    0x08000302   0x08000302   0x0000014e   Code   RO         7649    .text               mf_w.l(dadd.o)
    0x08000450   0x08000450   0x000000e4   Code   RO         7651    .text               mf_w.l(dmul.o)
    0x08000534   0x08000534   0x00000022   Code   RO         7653    .text               mf_w.l(dflti.o)
    0x08000556   0x08000556   0x00000032   Code   RO         7655    .text               mf_w.l(dfixui.o)
    0x08000588   0x08000588   0x00000026   Code   RO         7657    .text               mf_w.l(f2d.o)
    0x080005ae   0x080005ae   0x00000038   Code   RO         7659    .text               mf_w.l(d2f.o)
    0x080005e6   0x080005e6   0x0000002c   Code   RO         7743    .text               mc_w.l(uidiv.o)
    0x08000612   0x08000612   0x00000062   Code   RO         7745    .text               mc_w.l(uldiv.o)
    0x08000674   0x08000674   0x0000001e   Code   RO         7747    .text               mc_w.l(llshl.o)
    0x08000692   0x08000692   0x00000020   Code   RO         7749    .text               mc_w.l(llushr.o)
    0x080006b2   0x080006b2   0x00000024   Code   RO         7751    .text               mc_w.l(llsshr.o)
    0x080006d6   0x080006d6   0x00000000   Code   RO         7760    .text               mc_w.l(iusefp.o)
    0x080006d6   0x080006d6   0x0000006e   Code   RO         7761    .text               mf_w.l(fepilogue.o)
    0x08000744   0x08000744   0x000000ba   Code   RO         7763    .text               mf_w.l(depilogue.o)
    0x080007fe   0x080007fe   0x000000de   Code   RO         7765    .text               mf_w.l(ddiv.o)
    0x080008dc   0x080008dc   0x0000002e   Code   RO         7769    .text               mf_w.l(dscalb.o)
    0x0800090a   0x0800090a   0x00000030   Code   RO         7771    .text               mf_w.l(dfixul.o)
    0x0800093a   0x0800093a   0x00000002   PAD
    0x0800093c   0x0800093c   0x00000030   Code   RO         7773    .text               mf_w.l(cdcmple.o)
    0x0800096c   0x0800096c   0x00000030   Code   RO         7775    .text               mf_w.l(cdrcmple.o)
    0x0800099c   0x0800099c   0x00000024   Code   RO         7777    .text               mc_w.l(init.o)
    0x080009c0   0x080009c0   0x000000a2   Code   RO         7779    .text               mf_w.l(dsqrt.o)
    0x08000a62   0x08000a62   0x0000005e   Code   RO         7789    .text               mc_w.l(__dclz77c.o)
    0x08000ac0   0x08000ac0   0x0000011c   Code   RO         6729    i.All_Init          task_test.o
    0x08000bdc   0x08000bdc   0x00000004   Code   RO         5275    i.BusFault_Handler  stm32f4xx_it.o
    0x08000be0   0x08000be0   0x00000002   Code   RO         5276    i.DebugMon_Handler  stm32f4xx_it.o
    0x08000be2   0x08000be2   0x00000002   PAD
    0x08000be4   0x08000be4   0x00000064   Code   RO         5440    i.Delay_TIM6_Init   my_delaytime.o
    0x08000c48   0x08000c48   0x0000003c   Code   RO         5719    i.EXTI0_IRQHandler  key.o
    0x08000c84   0x08000c84   0x0000000c   Code   RO         1486    i.EXTI_ClearITPendingBit  stm32f4xx_exti.o
    0x08000c90   0x08000c90   0x00000018   Code   RO         1490    i.EXTI_GetITStatus  stm32f4xx_exti.o
    0x08000ca8   0x08000ca8   0x00000094   Code   RO         1491    i.EXTI_Init         stm32f4xx_exti.o
    0x08000d3c   0x08000d3c   0x00000090   Code   RO         2047    i.GPIO_Init         stm32f4xx_gpio.o
    0x08000dcc   0x08000dcc   0x00000046   Code   RO         2048    i.GPIO_PinAFConfig  stm32f4xx_gpio.o
    0x08000e12   0x08000e12   0x00000004   Code   RO         5277    i.HardFault_Handler  stm32f4xx_it.o
    0x08000e16   0x08000e16   0x00000018   Code   RO         2335    i.I2C_AcknowledgeConfig  stm32f4xx_i2c.o
    0x08000e2e   0x08000e2e   0x0000002a   Code   RO         2338    i.I2C_CheckEvent    stm32f4xx_i2c.o
    0x08000e58   0x08000e58   0x00000018   Code   RO         2341    i.I2C_Cmd           stm32f4xx_i2c.o
    0x08000e70   0x08000e70   0x00000060   Code   RO         2344    i.I2C_DeInit        stm32f4xx_i2c.o
    0x08000ed0   0x08000ed0   0x00000018   Code   RO         2349    i.I2C_GenerateSTART  stm32f4xx_i2c.o
    0x08000ee8   0x08000ee8   0x00000018   Code   RO         2350    i.I2C_GenerateSTOP  stm32f4xx_i2c.o
    0x08000f00   0x08000f00   0x0000003a   Code   RO         2351    i.I2C_GetFlagStatus  stm32f4xx_i2c.o
    0x08000f3a   0x08000f3a   0x00000002   PAD
    0x08000f3c   0x08000f3c   0x000000e8   Code   RO         2356    i.I2C_Init          stm32f4xx_i2c.o
    0x08001024   0x08001024   0x00000008   Code   RO         2361    i.I2C_ReceiveData   stm32f4xx_i2c.o
    0x0800102c   0x0800102c   0x00000010   Code   RO         2363    i.I2C_Send7bitAddress  stm32f4xx_i2c.o
    0x0800103c   0x0800103c   0x00000004   Code   RO         2364    i.I2C_SendData      stm32f4xx_i2c.o
    0x08001040   0x08001040   0x000000ac   Code   RO         5506    i.IIC_Init          mpu6050__.o
    0x080010ec   0x080010ec   0x00000010   Code   RO         2562    i.IWDG_Enable       stm32f4xx_iwdg.o
    0x080010fc   0x080010fc   0x00000010   Code   RO         2564    i.IWDG_ReloadCounter  stm32f4xx_iwdg.o
    0x0800110c   0x0800110c   0x0000000c   Code   RO         2565    i.IWDG_SetPrescaler  stm32f4xx_iwdg.o
    0x08001118   0x08001118   0x0000000c   Code   RO         2566    i.IWDG_SetReload    stm32f4xx_iwdg.o
    0x08001124   0x08001124   0x0000000c   Code   RO         2567    i.IWDG_WriteAccessCmd  stm32f4xx_iwdg.o
    0x08001130   0x08001130   0x0000007c   Code   RO         5720    i.Key_Interrupt_Init  key.o
    0x080011ac   0x080011ac   0x000000e8   Code   RO         5507    i.MPU_Read_Len      mpu6050__.o
    0x08001294   0x08001294   0x00000094   Code   RO         5508    i.MPU_Write_Len     mpu6050__.o
    0x08001328   0x08001328   0x00000004   Code   RO         5278    i.MemManage_Handler  stm32f4xx_it.o
    0x0800132c   0x0800132c   0x00000098   Code   RO         5373    i.My_Uart1Init      uart.o
    0x080013c4   0x080013c4   0x00000002   Code   RO         5279    i.NMI_Handler       stm32f4xx_it.o
    0x080013c6   0x080013c6   0x00000002   PAD
    0x080013c8   0x080013c8   0x00000078   Code   RO           13    i.NVIC_Init         misc.o
    0x08001440   0x08001440   0x00000014   Code   RO           14    i.NVIC_PriorityGroupConfig  misc.o
    0x08001454   0x08001454   0x00000020   Code   RO         2982    i.RCC_AHB1PeriphClockCmd  stm32f4xx_rcc.o
    0x08001474   0x08001474   0x00000020   Code   RO         2991    i.RCC_APB1PeriphClockCmd  stm32f4xx_rcc.o
    0x08001494   0x08001494   0x00000020   Code   RO         2993    i.RCC_APB1PeriphResetCmd  stm32f4xx_rcc.o
    0x080014b4   0x080014b4   0x00000020   Code   RO         2994    i.RCC_APB2PeriphClockCmd  stm32f4xx_rcc.o
    0x080014d4   0x080014d4   0x000000e8   Code   RO         3003    i.RCC_GetClocksFreq  stm32f4xx_rcc.o
    0x080015bc   0x080015bc   0x00000040   Code   RO         3004    i.RCC_GetFlagStatus  stm32f4xx_rcc.o
    0x080015fc   0x080015fc   0x0000000c   Code   RO         3014    i.RCC_LSICmd        stm32f4xx_rcc.o
    0x08001608   0x08001608   0x00000040   Code   RO         4308    i.SYSCFG_EXTILineConfig  stm32f4xx_syscfg.o
    0x08001648   0x08001648   0x00000120   Code   RO         5332    i.SetSysClock       system_stm32f4xx.o
    0x08001768   0x08001768   0x00000034   Code   RO         6601    i.SysTick_Handler   port.o
    0x0800179c   0x0800179c   0x00000068   Code   RO         5334    i.SystemInit        system_stm32f4xx.o
    0x08001804   0x08001804   0x0000002c   Code   RO         5442    i.TIM6_DAC_IRQHandler  my_delaytime.o
    0x08001830   0x08001830   0x00000006   Code   RO         4376    i.TIM_ClearITPendingBit  stm32f4xx_tim.o
    0x08001836   0x08001836   0x00000022   Code   RO         4402    i.TIM_GetITStatus   stm32f4xx_tim.o
    0x08001858   0x08001858   0x00000012   Code   RO         4406    i.TIM_ITConfig      stm32f4xx_tim.o
    0x0800186a   0x0800186a   0x00000002   PAD
    0x0800186c   0x0800186c   0x00000084   Code   RO         4453    i.TIM_TimeBaseInit  stm32f4xx_tim.o
    0x080018f0   0x080018f0   0x0000005c   Code   RO         6731    i.Task_MPU6050      task_test.o
    0x0800194c   0x0800194c   0x00000098   Code   RO         6732    i.Task_SSD1306      task_test.o
    0x080019e4   0x080019e4   0x00000030   Code   RO         5375    i.USART1_IRQHandler  uart.o
    0x08001a14   0x08001a14   0x00000058   Code   RO         5755    i.USART2_IRQHandler  hc05.o
    0x08001a6c   0x08001a6c   0x0000001e   Code   RO         4932    i.USART_ClearITPendingBit  stm32f4xx_usart.o
    0x08001a8a   0x08001a8a   0x00000018   Code   RO         4935    i.USART_Cmd         stm32f4xx_usart.o
    0x08001aa2   0x08001aa2   0x0000001a   Code   RO         4938    i.USART_GetFlagStatus  stm32f4xx_usart.o
    0x08001abc   0x08001abc   0x00000054   Code   RO         4939    i.USART_GetITStatus  stm32f4xx_usart.o
    0x08001b10   0x08001b10   0x000000d4   Code   RO         4942    i.USART_Init        stm32f4xx_usart.o
    0x08001be4   0x08001be4   0x0000000a   Code   RO         4949    i.USART_ReceiveData  stm32f4xx_usart.o
    0x08001bee   0x08001bee   0x00000008   Code   RO         4952    i.USART_SendData    stm32f4xx_usart.o
    0x08001bf6   0x08001bf6   0x00000004   Code   RO         5280    i.UsageFault_Handler  stm32f4xx_it.o
    0x08001bfa   0x08001bfa   0x00000002   PAD
    0x08001bfc   0x08001bfc   0x00000020   Code   RO         7621    i.__0printf         mc_w.l(printfa.o)
    0x08001c1c   0x08001c1c   0x00000030   Code   RO         7695    i.__ARM_fpclassify  m_wm.l(fpclassify.o)
    0x08001c4c   0x08001c4c   0x00000004   PAD
    0x08001c50   0x08001c50   0x00000360   Code   RO         7321    i.__hardfp_asin     m_wm.l(asin.o)
    0x08001fb0   0x08001fb0   0x000002d8   Code   RO         7661    i.__hardfp_atan     m_wm.l(atan.o)
    0x08002288   0x08002288   0x00000200   Code   RO         7335    i.__hardfp_atan2    m_wm.l(atan2.o)
    0x08002488   0x08002488   0x000003c4   Code   RO         7697    i.__hardfp_log      m_wm.l(log.o)
    0x0800284c   0x0800284c   0x00000004   PAD
    0x08002850   0x08002850   0x00000130   Code   RO         7347    i.__hardfp_log10    m_wm.l(log10.o)
    0x08002980   0x08002980   0x00000c50   Code   RO         7359    i.__hardfp_pow      m_wm.l(pow.o)
    0x080035d0   0x080035d0   0x000000f8   Code   RO         7711    i.__kernel_poly     m_wm.l(poly.o)
    0x080036c8   0x080036c8   0x00000030   Code   RO         7675    i.__mathlib_dbl_divzero  m_wm.l(dunder.o)
    0x080036f8   0x080036f8   0x00000014   Code   RO         7676    i.__mathlib_dbl_infnan  m_wm.l(dunder.o)
    0x0800370c   0x0800370c   0x00000014   Code   RO         7677    i.__mathlib_dbl_infnan2  m_wm.l(dunder.o)
    0x08003720   0x08003720   0x00000020   Code   RO         7678    i.__mathlib_dbl_invalid  m_wm.l(dunder.o)
    0x08003740   0x08003740   0x00000020   Code   RO         7679    i.__mathlib_dbl_overflow  m_wm.l(dunder.o)
    0x08003760   0x08003760   0x00000020   Code   RO         7681    i.__mathlib_dbl_underflow  m_wm.l(dunder.o)
    0x08003780   0x08003780   0x0000000e   Code   RO         7783    i.__scatterload_copy  mc_w.l(handlers.o)
    0x0800378e   0x0800378e   0x00000002   Code   RO         7784    i.__scatterload_null  mc_w.l(handlers.o)
    0x08003790   0x08003790   0x0000000e   Code   RO         7785    i.__scatterload_zeroinit  mc_w.l(handlers.o)
    0x0800379e   0x0800379e   0x00000002   PAD
    0x080037a0   0x080037a0   0x0000000c   Code   RO         7755    i.__set_errno       mc_w.l(errno.o)
    0x080037ac   0x080037ac   0x00000184   Code   RO         7628    i._fp_digits        mc_w.l(printfa.o)
    0x08003930   0x08003930   0x000006b4   Code   RO         7629    i._printf_core      mc_w.l(printfa.o)
    0x08003fe4   0x08003fe4   0x00000024   Code   RO         7630    i._printf_post_padding  mc_w.l(printfa.o)
    0x08004008   0x08004008   0x0000002e   Code   RO         7631    i._printf_pre_padding  mc_w.l(printfa.o)
    0x08004036   0x08004036   0x00000010   Code   RO         7663    i.atan              m_wm.l(atan.o)
    0x08004046   0x08004046   0x0000001a   Code   RO         5599    i.ball_is_center    ssd1306__.o
    0x08004060   0x08004060   0x00000064   Code   RO         7130    i.decode_gesture    inv_mpu_dmp_motion_driver.o
    0x080040c4   0x080040c4   0x00000120   Code   RO         5600    i.display_circle    ssd1306__.o
    0x080041e4   0x080041e4   0x0000012c   Code   RO         5601    i.display_num       ssd1306__.o
    0x08004310   0x08004310   0x0000001a   Code   RO         5602    i.display_reverse   ssd1306__.o
    0x0800432a   0x0800432a   0x0000003c   Code   RO         7131    i.dmp_enable_6x_lp_quat  inv_mpu_dmp_motion_driver.o
    0x08004366   0x08004366   0x00000002   PAD
    0x08004368   0x08004368   0x0000021c   Code   RO         7132    i.dmp_enable_feature  inv_mpu_dmp_motion_driver.o
    0x08004584   0x08004584   0x00000058   Code   RO         7133    i.dmp_enable_gyro_cal  inv_mpu_dmp_motion_driver.o
    0x080045dc   0x080045dc   0x0000003c   Code   RO         7134    i.dmp_enable_lp_quat  inv_mpu_dmp_motion_driver.o
    0x08004618   0x08004618   0x00000018   Code   RO         7139    i.dmp_load_motion_driver_firmware  inv_mpu_dmp_motion_driver.o
    0x08004630   0x08004630   0x000001cc   Code   RO         7140    i.dmp_read_fifo     inv_mpu_dmp_motion_driver.o
    0x080047fc   0x080047fc   0x00000070   Code   RO         7144    i.dmp_set_fifo_rate  inv_mpu_dmp_motion_driver.o
    0x0800486c   0x0800486c   0x00000138   Code   RO         7147    i.dmp_set_orientation  inv_mpu_dmp_motion_driver.o
    0x080049a4   0x080049a4   0x00000038   Code   RO         7150    i.dmp_set_shake_reject_thresh  inv_mpu_dmp_motion_driver.o
    0x080049dc   0x080049dc   0x00000026   Code   RO         7151    i.dmp_set_shake_reject_time  inv_mpu_dmp_motion_driver.o
    0x08004a02   0x08004a02   0x00000026   Code   RO         7152    i.dmp_set_shake_reject_timeout  inv_mpu_dmp_motion_driver.o
    0x08004a28   0x08004a28   0x00000046   Code   RO         7153    i.dmp_set_tap_axes  inv_mpu_dmp_motion_driver.o
    0x08004a6e   0x08004a6e   0x00000026   Code   RO         7154    i.dmp_set_tap_count  inv_mpu_dmp_motion_driver.o
    0x08004a94   0x08004a94   0x000001c0   Code   RO         7155    i.dmp_set_tap_thresh  inv_mpu_dmp_motion_driver.o
    0x08004c54   0x08004c54   0x00000026   Code   RO         7156    i.dmp_set_tap_time  inv_mpu_dmp_motion_driver.o
    0x08004c7a   0x08004c7a   0x00000026   Code   RO         7157    i.dmp_set_tap_time_multi  inv_mpu_dmp_motion_driver.o
    0x08004ca0   0x08004ca0   0x00000018   Code   RO         7691    i.fabs              m_wm.l(fabs.o)
    0x08004cb8   0x08004cb8   0x00000024   Code   RO         5412    i.fputc             usart_printf.o
    0x08004cdc   0x08004cdc   0x0000007c   Code   RO         5603    i.i2c_send          ssd1306__.o
    0x08004d58   0x08004d58   0x00000028   Code   RO         6791    i.inv_orientation_matrix_to_scalar  inv_mpu.o
    0x08004d80   0x08004d80   0x0000004e   Code   RO         6792    i.inv_row_2_scale   inv_mpu.o
    0x08004dce   0x08004dce   0x00000010   Code   RO         7699    i.log               m_wm.l(log.o)
    0x08004dde   0x08004dde   0x00000002   PAD
    0x08004de0   0x08004de0   0x0000005c   Code   RO         5190    i.main              main.o
    0x08004e3c   0x08004e3c   0x00000002   Code   RO         6793    i.mget_ms           inv_mpu.o
    0x08004e3e   0x08004e3e   0x00000002   PAD
    0x08004e40   0x08004e40   0x00000030   Code   RO         5509    i.mpu6050_getdata   mpu6050__.o
    0x08004e70   0x08004e70   0x00000070   Code   RO         6794    i.mpu_configure_fifo  inv_mpu.o
    0x08004ee0   0x08004ee0   0x000001ec   Code   RO         6795    i.mpu_dmp_get_data  inv_mpu.o
    0x080050cc   0x080050cc   0x000001d4   Code   RO         6796    i.mpu_dmp_init      inv_mpu.o
    0x080052a0   0x080052a0   0x0000004c   Code   RO         6797    i.mpu_get_accel_fsr  inv_mpu.o
    0x080052ec   0x080052ec   0x000001f0   Code   RO         6813    i.mpu_init          inv_mpu.o
    0x080054dc   0x080054dc   0x000000b8   Code   RO         6814    i.mpu_load_firmware  inv_mpu.o
    0x08005594   0x08005594   0x000000e0   Code   RO         6815    i.mpu_lp_accel_mode  inv_mpu.o
    0x08005674   0x08005674   0x000000c0   Code   RO         6818    i.mpu_read_fifo_stream  inv_mpu.o
    0x08005734   0x08005734   0x00000080   Code   RO         6819    i.mpu_read_mem      inv_mpu.o
    0x080057b4   0x080057b4   0x000001c8   Code   RO         6822    i.mpu_reset_fifo    inv_mpu.o
    0x0800597c   0x0800597c   0x00000084   Code   RO         6825    i.mpu_set_accel_fsr  inv_mpu.o
    0x08005a00   0x08005a00   0x0000014c   Code   RO         6826    i.mpu_set_bypass    inv_mpu.o
    0x08005b4c   0x08005b4c   0x00000090   Code   RO         6828    i.mpu_set_dmp_state  inv_mpu.o
    0x08005bdc   0x08005bdc   0x00000088   Code   RO         6829    i.mpu_set_gyro_fsr  inv_mpu.o
    0x08005c64   0x08005c64   0x0000006c   Code   RO         6830    i.mpu_set_int_latched  inv_mpu.o
    0x08005cd0   0x08005cd0   0x00000084   Code   RO         6832    i.mpu_set_lpf       inv_mpu.o
    0x08005d54   0x08005d54   0x0000009c   Code   RO         6833    i.mpu_set_sample_rate  inv_mpu.o
    0x08005df0   0x08005df0   0x000000d0   Code   RO         6834    i.mpu_set_sensors   inv_mpu.o
    0x08005ec0   0x08005ec0   0x00000080   Code   RO         6835    i.mpu_write_mem     inv_mpu.o
    0x08005f40   0x08005f40   0x00000068   Code   RO         5604    i.oled_center_point  ssd1306__.o
    0x08005fa8   0x08005fa8   0x0000002c   Code   RO         5605    i.oled_clear        ssd1306__.o
    0x08005fd4   0x08005fd4   0x000000ec   Code   RO         5606    i.oled_display      ssd1306__.o
    0x080060c0   0x080060c0   0x0000023c   Code   RO         5608    i.oled_tar_display  ssd1306__.o
    0x080062fc   0x080062fc   0x000001ac   Code   RO         5610    i.oled_tar_write    ssd1306__.o
    0x080064a8   0x080064a8   0x00000098   Code   RO         6133    i.prvAddCurrentTaskToDelayedList  tasks.o
    0x08006540   0x08006540   0x000000b8   Code   RO         6134    i.prvAddNewTaskToReadyList  tasks.o
    0x080065f8   0x080065f8   0x00000064   Code   RO         6470    i.prvCheckForValidListAndQueue  timers.o
    0x0800665c   0x0800665c   0x00000064   Code   RO         6135    i.prvCheckTasksWaitingTermination  tasks.o
    0x080066c0   0x080066c0   0x0000002a   Code   RO         5932    i.prvCopyDataFromQueue  queue.o
    0x080066ea   0x080066ea   0x0000007c   Code   RO         5933    i.prvCopyDataToQueue  queue.o
    0x08006766   0x08006766   0x00000012   Code   RO         6136    i.prvDeleteTCB      tasks.o
    0x08006778   0x08006778   0x00000028   Code   RO         6471    i.prvGetNextExpireTime  timers.o
    0x080067a0   0x080067a0   0x0000007c   Code   RO         6677    i.prvHeapInit       heap_4.o
    0x0800681c   0x0800681c   0x00000028   Code   RO         6137    i.prvIdleTask       tasks.o
    0x08006844   0x08006844   0x0000002a   Code   RO         5935    i.prvInitialiseNewQueue  queue.o
    0x0800686e   0x0800686e   0x000000b4   Code   RO         6138    i.prvInitialiseNewTask  tasks.o
    0x08006922   0x08006922   0x00000002   PAD
    0x08006924   0x08006924   0x00000068   Code   RO         6139    i.prvInitialiseTaskLists  tasks.o
    0x0800698c   0x0800698c   0x00000068   Code   RO         6678    i.prvInsertBlockIntoFreeList  heap_4.o
    0x080069f4   0x080069f4   0x00000058   Code   RO         6473    i.prvInsertTimerInActiveList  timers.o
    0x08006a4c   0x08006a4c   0x0000001a   Code   RO         5936    i.prvIsQueueEmpty   queue.o
    0x08006a66   0x08006a66   0x0000001e   Code   RO         5937    i.prvIsQueueFull    queue.o
    0x08006a84   0x08006a84   0x00000064   Code   RO         6474    i.prvProcessExpiredTimer  timers.o
    0x08006ae8   0x08006ae8   0x000000f8   Code   RO         6475    i.prvProcessReceivedCommands  timers.o
    0x08006be0   0x08006be0   0x00000074   Code   RO         6476    i.prvProcessTimerOrBlockTask  timers.o
    0x08006c54   0x08006c54   0x00000034   Code   RO         6141    i.prvResetNextTaskUnblockTime  tasks.o
    0x08006c88   0x08006c88   0x0000002c   Code   RO         6477    i.prvSampleTimeNow  timers.o
    0x08006cb4   0x08006cb4   0x000000a0   Code   RO         6478    i.prvSwitchTimerLists  timers.o
    0x08006d54   0x08006d54   0x00000040   Code   RO         6602    i.prvTaskExitError  port.o
    0x08006d94   0x08006d94   0x0000001a   Code   RO         6479    i.prvTimerTask      timers.o
    0x08006dae   0x08006dae   0x0000007e   Code   RO         5938    i.prvUnlockQueue    queue.o
    0x08006e2c   0x08006e2c   0x0000013c   Code   RO         6679    i.pvPortMalloc      heap_4.o
    0x08006f68   0x08006f68   0x00000020   Code   RO         6144    i.pvTaskIncrementMutexHeldCount  tasks.o
    0x08006f88   0x08006f88   0x0000002c   Code   RO         6603    i.pxPortInitialiseStack  port.o
    0x08006fb4   0x08006fb4   0x00000090   Code   RO         6837    i.set_int_enable    inv_mpu.o
    0x08007044   0x08007044   0x0000006e   Code   RO         7716    i.sqrt              m_wm.l(sqrt.o)
    0x080070b2   0x080070b2   0x00000002   PAD
    0x080070b4   0x080070b4   0x000000a8   Code   RO         5611    i.ssd1306_i2c_init  ssd1306__.o
    0x0800715c   0x0800715c   0x0000010a   Code   RO         5612    i.ssd1306_init      ssd1306__.o
    0x08007266   0x08007266   0x00000028   Code   RO         5895    i.uxListRemove      list.o
    0x0800728e   0x0800728e   0x0000001a   Code   RO         5896    i.vListInitialise   list.o
    0x080072a8   0x080072a8   0x00000006   Code   RO         5897    i.vListInitialiseItem  list.o
    0x080072ae   0x080072ae   0x00000034   Code   RO         5898    i.vListInsert       list.o
    0x080072e2   0x080072e2   0x00000018   Code   RO         5899    i.vListInsertEnd    list.o
    0x080072fa   0x080072fa   0x00000002   PAD
    0x080072fc   0x080072fc   0x00000054   Code   RO         6605    i.vPortEnterCritical  port.o
    0x08007350   0x08007350   0x0000003c   Code   RO         6606    i.vPortExitCritical  port.o
    0x0800738c   0x0800738c   0x00000094   Code   RO         6680    i.vPortFree         heap_4.o
    0x08007420   0x08007420   0x00000020   Code   RO         6607    i.vPortSetupTimerInterrupt  port.o
    0x08007440   0x08007440   0x00000078   Code   RO         6608    i.vPortValidateInterruptPriority  port.o
    0x080074b8   0x080074b8   0x0000002c   Code   RO         5944    i.vQueueAddToRegistry  queue.o
    0x080074e4   0x080074e4   0x0000004a   Code   RO         5948    i.vQueueWaitForMessageRestricted  queue.o
    0x0800752e   0x0800752e   0x00000002   PAD
    0x08007530   0x08007530   0x0000005c   Code   RO         6152    i.vTaskDelay        tasks.o
    0x0800758c   0x0800758c   0x000000f4   Code   RO         6154    i.vTaskDelete       tasks.o
    0x08007680   0x08007680   0x0000000c   Code   RO         6157    i.vTaskMissedYield  tasks.o
    0x0800768c   0x0800768c   0x00000038   Code   RO         6159    i.vTaskPlaceOnEventList  tasks.o
    0x080076c4   0x080076c4   0x00000040   Code   RO         6160    i.vTaskPlaceOnEventListRestricted  tasks.o
    0x08007704   0x08007704   0x000000b0   Code   RO         6162    i.vTaskPriorityInherit  tasks.o
    0x080077b4   0x080077b4   0x00000030   Code   RO         6166    i.vTaskSetTimeOutState  tasks.o
    0x080077e4   0x080077e4   0x00000094   Code   RO         6167    i.vTaskStartScheduler  tasks.o
    0x08007878   0x08007878   0x00000010   Code   RO         6169    i.vTaskSuspendAll   tasks.o
    0x08007888   0x08007888   0x0000008c   Code   RO         6170    i.vTaskSwitchContext  tasks.o
    0x08007914   0x08007914   0x00000044   Code   RO         5569    i.watchdog_init     watchdog.o
    0x08007958   0x08007958   0x00000008   Code   RO         5570    i.watchdog_reload   watchdog.o
    0x08007960   0x08007960   0x0000013c   Code   RO         6609    i.xPortStartScheduler  port.o
    0x08007a9c   0x08007a9c   0x00000058   Code   RO         5951    i.xQueueGenericCreate  queue.o
    0x08007af4   0x08007af4   0x000001c4   Code   RO         5952    i.xQueueGenericReceive  queue.o
    0x08007cb8   0x08007cb8   0x00000098   Code   RO         5953    i.xQueueGenericReset  queue.o
    0x08007d50   0x08007d50   0x000001a8   Code   RO         5954    i.xQueueGenericSend  queue.o
    0x08007ef8   0x08007ef8   0x000000f8   Code   RO         5955    i.xQueueGenericSendFromISR  queue.o
    0x08007ff0   0x08007ff0   0x0000008c   Code   RO         6171    i.xTaskCheckForTimeOut  tasks.o
    0x0800807c   0x0800807c   0x00000060   Code   RO         6172    i.xTaskCreate       tasks.o
    0x080080dc   0x080080dc   0x00000020   Code   RO         6176    i.xTaskGetSchedulerState  tasks.o
    0x080080fc   0x080080fc   0x0000000c   Code   RO         6177    i.xTaskGetTickCount  tasks.o
    0x08008108   0x08008108   0x00000148   Code   RO         6179    i.xTaskIncrementTick  tasks.o
    0x08008250   0x08008250   0x000000c8   Code   RO         6182    i.xTaskPriorityDisinherit  tasks.o
    0x08008318   0x08008318   0x00000098   Code   RO         6183    i.xTaskRemoveFromEventList  tasks.o
    0x080083b0   0x080083b0   0x00000104   Code   RO         6185    i.xTaskResumeAll    tasks.o
    0x080084b4   0x080084b4   0x00000058   Code   RO         6483    i.xTimerCreateTimerTask  timers.o
    0x0800850c   0x0800850c   0x00000084   Code   RO         6484    i.xTimerGenericCommand  timers.o
    0x08008590   0x08008590   0x00000050   Data   RO         6839    .constdata          inv_mpu.o
    0x080085e0   0x080085e0   0x00000bf6   Data   RO         7159    .constdata          inv_mpu_dmp_motion_driver.o
    0x080091d6   0x080091d6   0x00000002   PAD
    0x080091d8   0x080091d8   0x00000050   Data   RO         7324    .constdata          m_wm.l(asin.o)
    0x08009228   0x08009228   0x00000088   Data   RO         7362    .constdata          m_wm.l(pow.o)
    0x080092b0   0x080092b0   0x00000098   Data   RO         7664    .constdata          m_wm.l(atan.o)
    0x08009348   0x08009348   0x00000038   Data   RO         7700    .constdata          m_wm.l(log.o)
    0x08009380   0x08009380   0x00000008   Data   RO         7713    .constdata          m_wm.l(qnan.o)
    0x08009388   0x08009388   0x0000004d   Data   RO         6840    .conststring        inv_mpu.o
    0x080093d5   0x080093d5   0x00000003   PAD
    0x080093d8   0x080093d8   0x00000020   Data   RO         7781    Region$$Table       anon$$obj.o


    Execution Region RW_IRAM1 (Exec base: 0x20000000, Load base: 0x080093f8, Size: 0x00013828, Max: 0x00030000, ABSOLUTE, COMPRESSED[0x000000f4])

    Exec Addr    Load Addr    Size         Type   Attr      Idx    E Section Name        Object

    0x20000000   COMPRESSED   0x00000010   Data   RW         3035    .data               stm32f4xx_rcc.o
    0x20000010   COMPRESSED   0x00000014   Data   RW         5335    .data               system_stm32f4xx.o
    0x20000024   COMPRESSED   0x00000002   Data   RW         5376    .data               uart.o
    0x20000026   COMPRESSED   0x00000002   PAD
    0x20000028   COMPRESSED   0x00000004   Data   RW         5443    .data               my_delaytime.o
    0x2000002c   COMPRESSED   0x00000010   Data   RW         5510    .data               mpu6050__.o
    0x2000003c   COMPRESSED   0x000000f4   Data   RW         5614    .data               ssd1306__.o
    0x20000130   COMPRESSED   0x00000001   Data   RW         5757    .data               hc05.o
    0x20000131   COMPRESSED   0x00000003   PAD
    0x20000134   COMPRESSED   0x0000003c   Data   RW         6188    .data               tasks.o
    0x20000170   COMPRESSED   0x00000014   Data   RW         6490    .data               timers.o
    0x20000184   COMPRESSED   0x0000000c   Data   RW         6610    .data               port.o
    0x20000190   COMPRESSED   0x00000018   Data   RW         6685    .data               heap_4.o
    0x200001a8   COMPRESSED   0x000000e2   Data   RW         6734    .data               task_test.o
    0x2000028a   COMPRESSED   0x00000002   PAD
    0x2000028c   COMPRESSED   0x00000035   Data   RW         6841    .data               inv_mpu.o
    0x200002c1   COMPRESSED   0x00000003   PAD
    0x200002c4   COMPRESSED   0x00000004   Data   RW         7742    .data               mc_w.l(stdout.o)
    0x200002c8   COMPRESSED   0x00000004   Data   RW         7756    .data               mc_w.l(errno.o)
    0x200002cc        -       0x00000400   Zero   RW         5613    .bss                ssd1306__.o
    0x200006cc        -       0x00000040   Zero   RW         5963    .bss                queue.o
    0x2000070c        -       0x000000c8   Zero   RW         6187    .bss                tasks.o
    0x200007d4        -       0x00000028   Zero   RW         6489    .bss                timers.o
    0x200007fc        -       0x00012c00   Zero   RW         6684    .bss                heap_4.o
    0x200133fc        -       0x00000018   Zero   RW         6733    .bss                task_test.o
    0x20013414        -       0x00000010   Zero   RW         7158    .bss                inv_mpu_dmp_motion_driver.o
    0x20013424   COMPRESSED   0x00000004   PAD
    0x20013428        -       0x00000400   Zero   RW            1    STACK               startup_stm32f429_439xx.o


==============================================================================

Image component sizes


      Code (inc. data)   RO Data    RW Data    ZI Data      Debug   Object Name

         0          0          0          0          0      11868   event_groups.o
        88         32          0          1          0        712   hc05.o
       692         62          0         24      76800       4479   heap_4.o
      4568        452        157         53          0      22030   inv_mpu.o
      2520        124       3062          0         16      19061   inv_mpu_dmp_motion_driver.o
       184         20          0          0          0       1144   key.o
       148          0          0          0          0       3298   list.o
        92         36          0          0          0      10611   main.o
       140         24          0          0          0     309747   misc.o
       600         56          0         16          0       3712   mpu6050__.o
       144         14          0          4          0       1292   my_delaytime.o
       954         92          0         12          0      11557   port.o
      1872         22          0          0         64      16189   queue.o
      2582        180          0        244       1024      35782   ssd1306__.o
        36          8        428          0       1024        884   startup_stm32f429_439xx.o
       184         16          0          0          0       2140   stm32f4xx_exti.o
       214          0          0          0          0       1803   stm32f4xx_gpio.o
       552         28          0          0          0       7409   stm32f4xx_i2c.o
        20          0          0          0          0       2809   stm32f4xx_it.o
        68         30          0          0          0       2630   stm32f4xx_iwdg.o
       436         52          0         16          0       6553   stm32f4xx_rcc.o
        64          4          0          0          0        664   stm32f4xx_syscfg.o
       190         28          0          0          0       3180   stm32f4xx_tim.o
       394          8          0          0          0       5362   stm32f4xx_usart.o
       392         32          0         20          0       1833   system_stm32f4xx.o
       528        182          0        226         24       3361   task_test.o
      3078        410          0         60        200      23547   tasks.o
      1142        118          0         20         40      17515   timers.o
       200         20          0          2          0       1405   uart.o
        36          4          0          0          0       1828   usart_printf.o
        76          0          0          0          0       1046   watchdog.o

    ----------------------------------------------------------------------
     22216       2054       3684        708      79196     535451   Object Totals
         0          0         32          0          0          0   (incl. Generated)
        22          0          5         10          4          0   (incl. Padding)

    ----------------------------------------------------------------------

      Code (inc. data)   RO Data    RW Data    ZI Data      Debug   Library Member Name

       864         94         80          0          0        280   asin.o
       744        106        152          0          0        352   atan.o
       512         64          0          0          0        208   atan2.o
       184         44          0          0          0        744   dunder.o
        24          0          0          0          0        124   fabs.o
        48          0          0          0          0        124   fpclassify.o
       980         92         56          0          0        440   log.o
       304         44          0          0          0        200   log10.o
       248          0          0          0          0        152   poly.o
      3152        296        136          0          0        352   pow.o
         0          0          8          0          0          0   qnan.o
       110          0          0          0          0        148   sqrt.o
        94          0          0          0          0          0   __dclz77c.o
         0          0          0          0          0          0   entry.o
         0          0          0          0          0          0   entry10a.o
         0          0          0          0          0          0   entry11a.o
         4          0          0          0          0          0   entry12b.o
         8          4          0          0          0          0   entry2.o
         4          0          0          0          0          0   entry5.o
         0          0          0          0          0          0   entry7b.o
         0          0          0          0          0          0   entry8b.o
         8          4          0          0          0          0   entry9a.o
        12          6          0          4          0         68   errno.o
        30          0          0          0          0          0   handlers.o
        36          8          0          0          0         68   init.o
         0          0          0          0          0          0   iusefp.o
        30          0          0          0          0         68   llshl.o
        36          0          0          0          0         68   llsshr.o
        32          0          0          0          0         68   llushr.o
        26          0          0          0          0         80   memcmp.o
        36          0          0          0          0         68   memcpya.o
        36          0          0          0          0        108   memseta.o
      2218         90          0          0          0        464   printfa.o
         0          0          0          4          0          0   stdout.o
        44          0          0          0          0         80   uidiv.o
        98          0          0          0          0         92   uldiv.o
        48          0          0          0          0         68   cdcmple.o
        48          0          0          0          0         68   cdrcmple.o
        56          0          0          0          0         88   d2f.o
       334          0          0          0          0        148   dadd.o
       222          0          0          0          0        100   ddiv.o
       186          0          0          0          0        176   depilogue.o
        50          0          0          0          0         76   dfixui.o
        48          0          0          0          0         68   dfixul.o
        34          0          0          0          0         76   dflti.o
       228          0          0          0          0         96   dmul.o
        46          0          0          0          0         80   dscalb.o
       162          0          0          0          0        100   dsqrt.o
        38          0          0          0          0         68   f2d.o
       110          0          0          0          0        168   fepilogue.o

    ----------------------------------------------------------------------
     11548        856        432          8          0       5736   Library Totals
        16          4          0          0          0          0   (incl. Padding)

    ----------------------------------------------------------------------

      Code (inc. data)   RO Data    RW Data    ZI Data      Debug   Library Name

      7170        740        432          0          0       3124   m_wm.l
      2752        112          0          8          0       1232   mc_w.l
      1610          0          0          0          0       1380   mf_w.l

    ----------------------------------------------------------------------
     11548        856        432          8          0       5736   Library Totals

    ----------------------------------------------------------------------

==============================================================================


      Code (inc. data)   RO Data    RW Data    ZI Data      Debug   

     33764       2910       4116        716      79196     520019   Grand Totals
     33764       2910       4116        244      79196     520019   ELF Image Totals (compressed)
     33764       2910       4116        244          0          0   ROM Totals

==============================================================================

    Total RO  Size (Code + RO Data)                37880 (  36.99kB)
    Total RW  Size (RW Data + ZI Data)             79912 (  78.04kB)
    Total ROM Size (Code + RO Data + RW Data)      38124 (  37.23kB)

==============================================================================

